Component: ARM Compiler 5.06 update 1 (build 61) Tool: armlink [4d35a8]

==============================================================================

Section Cross References

    system_stm32f10x.o(.text) refers to system_stm32f10x.o(.data) for SystemCoreClock
    startup_stm32f10x_md.o(RESET) refers to startup_stm32f10x_md.o(STACK) for __initial_sp
    startup_stm32f10x_md.o(RESET) refers to startup_stm32f10x_md.o(.text) for Reset_Handler
    startup_stm32f10x_md.o(RESET) refers to stm32f10x_it.o(.text) for HardFault_Handler
    startup_stm32f10x_md.o(RESET) refers to exti.o(.text) for EXTI9_5_IRQHandler
    startup_stm32f10x_md.o(RESET) refers to hw_config.o(.text) for TIM3_IRQHandler
    startup_stm32f10x_md.o(RESET) refers to uart2.o(.text) for USART2_IRQHandler
    startup_stm32f10x_md.o(.text) refers to system_stm32f10x.o(.text) for SystemInit
    startup_stm32f10x_md.o(.text) refers to entry.o(.ARM.Collect$$$$00000000) for __main
    hw_config.o(.text) refers to stm32f10x_gpio.o(.text) for GPIO_Init
    hw_config.o(.text) refers to stm32f10x_tim.o(.text) for TIM_GetITStatus
    hw_config.o(.text) refers to p10matrix_rgb.o(.text) for p10RGB_Scan
    main.o(.text) refers to sys_tick.o(.text) for CheckTimeout
    main.o(.text) refers to stm32f10x_iwdg.o(.text) for IWDG_WriteAccessCmd
    main.o(.text) refers to stm32f10x_rcc.o(.text) for RCC_GetFlagStatus
    main.o(.text) refers to stm32f10x_flash.o(.text) for FLASH_SetLatency
    main.o(.text) refers to stm32f10x_gpio.o(.text) for GPIO_PinRemapConfig
    main.o(.text) refers to uart2.o(.text) for USART2_Init
    main.o(.text) refers to system_config.o(.text) for CFG_Load
    main.o(.text) refers to display_task.o(.text) for DisplayTask_Init
    main.o(.text) refers to framebuffer.o(.text) for frameInit
    main.o(.text) refers to p10matrix_rgb.o(.text) for p10RGB_begin
    main.o(.text) refers to cc1101_parser.o(.text) for rfParserTask_Init
    main.o(.text) refers to button.o(.text) for TM_BUTTON_Init
    main.o(.text) refers to main.o(.bss) for tButtonTimeout
    main.o(.text) refers to main.o(.data) for btn1Cnt
    main.o(.text) refers to display_task.o(.data) for displayState
    main.o(.text) refers to system_config.o(.bss) for sysCfg
    main.o(.text) refers to system_config.o(.data) for saveConfigFlag
    main.o(.text) refers to system_stm32f10x.o(.data) for SystemCoreClock
    main.o(.text) refers to button.o(.bss) for TM_Button_1
    system_config.o(.text) refers to memcpya.o(.text) for __aeabi_memcpy
    system_config.o(.text) refers to memcmp.o(.text) for memcmp
    system_config.o(.text) refers to stm32f10x_flash.o(.text) for FLASH_Unlock
    system_config.o(.text) refers to memseta.o(.text) for __aeabi_memclr
    system_config.o(.text) refers to strcpy.o(.text) for strcpy
    system_config.o(.text) refers to system_config.o(.bss) for sysCfg
    system_config.o(.text) refers to system_config.o(.data) for saveConfigFlag
    stm32f10x_it.o(.text) refers to sys_tick.o(.text) for SysTick_Task
    stm32f10x_it.o(.text) refers to button.o(.text) for TM_BUTTON_Update
    stm32f10x_it.o(.text) refers to stm32f10x_exti.o(.text) for EXTI_GetITStatus
    stm32f10x_it.o(.text) refers to button.o(.bss) for TM_Button_1
    stm32f10x_it.o(.text) refers to cc1101_receiver.o(.data) for rfDataIncomingFlag
    display_task.o(.text) refers to sys_tick.o(.text) for InitTimeout
    display_task.o(.text) refers to strcpy.o(.text) for strcpy
    display_task.o(.text) refers to printf6.o(i.__0sprintf$6) for __2sprintf
    display_task.o(.text) refers to strlen.o(.text) for strlen
    display_task.o(.text) refers to display_task.o(.bss) for tRefresh
    display_task.o(.text) refers to display_task.o(.data) for displayState
    display_task.o(.text) refers to system_config.o(.bss) for sysCfg
    display_task.o(.text) refers to framebuffer.o(.bss) for screen
    stm32f10x_usart.o(.text) refers to stm32f10x_rcc.o(.text) for RCC_APB2PeriphResetCmd
    stm32f10x_cec.o(.text) refers to stm32f10x_rcc.o(.text) for RCC_APB1PeriphResetCmd
    stm32f10x_gpio.o(.text) refers to stm32f10x_rcc.o(.text) for RCC_APB2PeriphResetCmd
    stm32f10x_pwr.o(.text) refers to stm32f10x_rcc.o(.text) for RCC_APB1PeriphResetCmd
    stm32f10x_rcc.o(.text) refers to stm32f10x_rcc.o(.data) for APBAHBPrescTable
    stm32f10x_spi.o(.text) refers to stm32f10x_rcc.o(.text) for RCC_APB2PeriphResetCmd
    stm32f10x_bkp.o(.text) refers to stm32f10x_rcc.o(.text) for RCC_BackupResetCmd
    stm32f10x_tim.o(.text) refers to stm32f10x_rcc.o(.text) for RCC_APB2PeriphResetCmd
    cc1101.o(.text) refers to stm32f10x_rcc.o(.text) for RCC_APB2PeriphClockCmd
    cc1101.o(.text) refers to stm32f10x_gpio.o(.text) for GPIO_Init
    cc1101.o(.text) refers to stm32f10x_spi.o(.text) for SPI_Init
    cc1101.o(.text) refers to stm32f10x_exti.o(.text) for EXTI_ClearITPendingBit
    cc1101.o(.text) refers to misc.o(.text) for NVIC_Init
    cc1101.o(.text) refers to sys_tick.o(.text) for SysTick_DelayMs
[...]
    printf6.o(i.__0vsnprintf$6) refers to printf6.o(i._snputc) for _snputc
    printf6.o(i.__0vsprintf$6) refers to printf6.o(i._printf_core) for _printf_core
    printf6.o(i.__0vsprintf$6) refers to printf6.o(i._sputc) for _sputc
    printf6.o(i._printf_core) refers to printf6.o(i._printf_pre_padding) for _printf_pre_padding
    printf6.o(i._printf_core) refers to uidiv.o(.text) for __aeabi_uidivmod
    printf6.o(i._printf_core) refers to printf6.o(i._printf_post_padding) for _printf_post_padding
    printf7.o(i.__0fprintf$7) refers to printf7.o(i._printf_core) for _printf_core
    printf7.o(i.__0fprintf$7) refers to fputc.o(i.fputc) for fputc
    printf7.o(i.__0printf$7) refers to printf7.o(i._printf_core) for _printf_core
    printf7.o(i.__0printf$7) refers to fputc.o(i.fputc) for fputc
    printf7.o(i.__0printf$7) refers to stdout.o(.data) for __stdout
    printf7.o(i.__0snprintf$7) refers to printf7.o(i._printf_core) for _printf_core
    printf7.o(i.__0snprintf$7) refers to printf7.o(i._snputc) for _snputc
    printf7.o(i.__0sprintf$7) refers to printf7.o(i._printf_core) for _printf_core
    printf7.o(i.__0sprintf$7) refers to printf7.o(i._sputc) for _sputc
    printf7.o(i.__0vfprintf$7) refers to printf7.o(i._printf_core) for _printf_core
    printf7.o(i.__0vfprintf$7) refers to fputc.o(i.fputc) for fputc
    printf7.o(i.__0vprintf$7) refers to printf7.o(i._printf_core) for _printf_core
    printf7.o(i.__0vprintf$7) refers to fputc.o(i.fputc) for fputc
    printf7.o(i.__0vprintf$7) refers to stdout.o(.data) for __stdout
    printf7.o(i.__0vsnprintf$7) refers to printf7.o(i._printf_core) for _printf_core
    printf7.o(i.__0vsnprintf$7) refers to printf7.o(i._snputc) for _snputc
    printf7.o(i.__0vsprintf$7) refers to printf7.o(i._printf_core) for _printf_core
    printf7.o(i.__0vsprintf$7) refers to printf7.o(i._sputc) for _sputc
    printf7.o(i._printf_core) refers to printf7.o(i._printf_pre_padding) for _printf_pre_padding
    printf7.o(i._printf_core) refers to uldiv.o(.text) for __aeabi_uldivmod
    printf7.o(i._printf_core) refers to printf7.o(i._printf_post_padding) for _printf_post_padding
    printf8.o(i.__0fprintf$8) refers to printf8.o(i._printf_core) for _printf_core
    printf8.o(i.__0fprintf$8) refers to fputc.o(i.fputc) for fputc
    printf8.o(i.__0printf$8) refers to printf8.o(i._printf_core) for _printf_core
    printf8.o(i.__0printf$8) refers to fputc.o(i.fputc) for fputc
    printf8.o(i.__0printf$8) refers to stdout.o(.data) for __stdout
    printf8.o(i.__0snprintf$8) refers to printf8.o(i._printf_core) for _printf_core
    printf8.o(i.__0snprintf$8) refers to printf8.o(i._snputc) for _snputc
    printf8.o(i.__0sprintf$8) refers to printf8.o(i._printf_core) for _printf_core
    printf8.o(i.__0sprintf$8) refers to printf8.o(i._sputc) for _sputc
    printf8.o(i.__0vfprintf$8) refers to printf8.o(i._printf_core) for _printf_core
    printf8.o(i.__0vfprintf$8) refers to fputc.o(i.fputc) for fputc
    printf8.o(i.__0vprintf$8) refers to printf8.o(i._printf_core) for _printf_core
    printf8.o(i.__0vprintf$8) refers to fputc.o(i.fputc) for fputc
    printf8.o(i.__0vprintf$8) refers to stdout.o(.data) for __stdout
    printf8.o(i.__0vsnprintf$8) refers to printf8.o(i._printf_core) for _printf_core
    printf8.o(i.__0vsnprintf$8) refers to printf8.o(i._snputc) for _snputc
    printf8.o(i.__0vsprintf$8) refers to printf8.o(i._printf_core) for _printf_core
    printf8.o(i.__0vsprintf$8) refers to printf8.o(i._sputc) for _sputc
    printf8.o(i._printf_core) refers to printf8.o(i._printf_pre_padding) for _printf_pre_padding
    printf8.o(i._printf_core) refers to uldiv.o(.text) for __aeabi_uldivmod
    printf8.o(i._printf_core) refers to printf8.o(i._printf_post_padding) for _printf_post_padding
    printfa.o(i.__0fprintf) refers (Special) to iusefp.o(.text) for __I$use$fp
    printfa.o(i.__0fprintf) refers to printfa.o(i._printf_core) for _printf_core
    printfa.o(i.__0fprintf) refers to fputc.o(i.fputc) for fputc
    printfa.o(i.__0printf) refers (Special) to iusefp.o(.text) for __I$use$fp
    printfa.o(i.__0printf) refers to printfa.o(i._printf_core) for _printf_core
    printfa.o(i.__0printf) refers to fputc.o(i.fputc) for fputc
    printfa.o(i.__0printf) refers to stdout.o(.data) for __stdout
    printfa.o(i.__0snprintf) refers (Special) to iusefp.o(.text) for __I$use$fp
    printfa.o(i.__0snprintf) refers to printfa.o(i._printf_core) for _printf_core
    printfa.o(i.__0snprintf) refers to printfa.o(i._snputc) for _snputc
    printfa.o(i.__0sprintf) refers (Special) to iusefp.o(.text) for __I$use$fp
    printfa.o(i.__0sprintf) refers to printfa.o(i._printf_core) for _printf_core
    printfa.o(i.__0sprintf) refers to printfa.o(i._sputc) for _sputc
    printfa.o(i.__0vfprintf) refers (Special) to iusefp.o(.text) for __I$use$fp
    printfa.o(i.__0vfprintf) refers to printfa.o(i._printf_core) for _printf_core
    printfa.o(i.__0vfprintf) refers to fputc.o(i.fputc) for fputc
    printfa.o(i.__0vprintf) refers (Special) to iusefp.o(.text) for __I$use$fp
    printfa.o(i.__0vprintf) refers to printfa.o(i._printf_core) for _printf_core
    printfa.o(i.__0vprintf) refers to fputc.o(i.fputc) for fputc
    printfa.o(i.__0vprintf) refers to stdout.o(.data) for __stdout
    printfa.o(i.__0vsnprintf) refers (Special) to iusefp.o(.text) for __I$use$fp
    printfa.o(i.__0vsnprintf) refers to printfa.o(i._printf_core) for _printf_core
    printfa.o(i.__0vsnprintf) refers to printfa.o(i._snputc) for _snputc
    printfa.o(i.__0vsprintf) refers (Special) to iusefp.o(.text) for __I$use$fp
    printfa.o(i.__0vsprintf) refers to printfa.o(i._printf_core) for _printf_core
    printfa.o(i.__0vsprintf) refers to printfa.o(i._sputc) for _sputc
    printfa.o(i._fp_digits) refers (Special) to iusefp.o(.text) for __I$use$fp
    printfa.o(i._fp_digits) refers to dmul.o(.text) for __aeabi_dmul
    printfa.o(i._fp_digits) refers to ddiv.o(.text) for __aeabi_ddiv
    printfa.o(i._fp_digits) refers to cdrcmple.o(.text) for __aeabi_cdrcmple
    printfa.o(i._fp_digits) refers to dadd.o(.text) for __aeabi_dadd
    printfa.o(i._fp_digits) refers to dfixul.o(.text) for __aeabi_d2ulz
    printfa.o(i._fp_digits) refers to uldiv.o(.text) for __aeabi_uldivmod
    printfa.o(i._printf_core) refers (Special) to iusefp.o(.text) for __I$use$fp
    printfa.o(i._printf_core) refers to printfa.o(i._printf_pre_padding) for _printf_pre_padding
    printfa.o(i._printf_core) refers to uldiv.o(.text) for __aeabi_uldivmod
    printfa.o(i._printf_core) refers to printfa.o(i._printf_post_padding) for _printf_post_padding
    printfa.o(i._printf_core) refers to printfa.o(i._fp_digits) for _fp_digits
    printfa.o(i._printf_core) refers to uidiv.o(.text) for __aeabi_uidivmod
    printfa.o(i._printf_post_padding) refers (Special) to iusefp.o(.text) for __I$use$fp
    printfa.o(i._printf_pre_padding) refers (Special) to iusefp.o(.text) for __I$use$fp
    printfa.o(i._snputc) refers (Special) to iusefp.o(.text) for __I$use$fp
    printfa.o(i._sputc) refers (Special) to iusefp.o(.text) for __I$use$fp
    __0sscanf.o(.text) refers to scanf_char.o(.text) for __vfscanf_char
    __0sscanf.o(.text) refers to _sgetc.o(.text) for _sgetc
    _scanf_int.o(.text) refers to _chval.o(.text) for _chval
    atoi.o(.text) refers to errno.o(i.__aeabi_errno_addr) for __aeabi_errno_addr
    atoi.o(.text) refers to strtol.o(.text) for strtol
    entry2.o(.ARM.Collect$$$$00000001) refers to entry2.o(.ARM.Collect$$$$00002712) for __lit__00000000
    entry2.o(.ARM.Collect$$$$00002712) refers to startup_stm32f10x_md.o(STACK) for __initial_sp
    entry2.o(__vectab_stack_and_reset_area) refers to startup_stm32f10x_md.o(STACK) for __initial_sp
    entry2.o(__vectab_stack_and_reset_area) refers to entry.o(.ARM.Collect$$$$00000000) for __main
    entry5.o(.ARM.Collect$$$$00000004) refers to init.o(.text) for __scatterload
    entry9a.o(.ARM.Collect$$$$0000000B) refers to main.o(.text) for main
    entry9b.o(.ARM.Collect$$$$0000000C) refers to main.o(.text) for main
    uldiv.o(.text) refers to llushr.o(.text) for __aeabi_llsr
    uldiv.o(.text) refers to llshl.o(.text) for __aeabi_llsl
    errno.o(i.__aeabi_errno_addr) refers to errno.o(.data) for .data
    errno.o(i.__read_errno) refers to errno.o(.data) for .data
    errno.o(i.__set_errno) refers to errno.o(.data) for .data
    scanf_char.o(.text) refers to _scanf.o(.text) for __vfscanf
    scanf_char.o(.text) refers to isspace_o.o(.text) for isspace
    strtol.o(.text) refers to ctype_o.o(.text) for __rt_ctype_table
    strtol.o(.text) refers to _strtoul.o(.text) for _strtoul
    strtol.o(.text) refers to errno.o(i.__aeabi_errno_addr) for __aeabi_errno_addr
    dadd.o(.text) refers to llshl.o(.text) for __aeabi_llsl
    dadd.o(.text) refers to llsshr.o(.text) for __aeabi_lasr
    dadd.o(.text) refers to depilogue.o(.text) for _double_epilogue
    dmul.o(.text) refers to depilogue.o(.text) for _double_epilogue
    ddiv.o(.text) refers to depilogue.o(.text) for _double_round
    dfixul.o(.text) refers to llushr.o(.text) for __aeabi_llsr
    dfixul.o(.text) refers to llshl.o(.text) for __aeabi_llsl
    init.o(.text) refers to entry5.o(.ARM.Collect$$$$00000004) for __main_after_scatterload
    isspace_c.o(.text) refers to ctype_c.o(.text) for __ctype_lookup
    ctype_o.o(.text) refers to ctype_o.o(.constdata) for .constdata
    ctype_o.o(.constdata) refers to ctype_o.o(.constdata) for __ctype_table
    isalnum_o.o(.text) refers to ctype_o.o(.text) for __rt_ctype_table
    isalpha_o.o(.text) refers to ctype_o.o(.text) for __rt_ctype_table
    isblank_o.o(.text) refers to ctype_o.o(.constdata) for __ctype_table
    iscntrl_o.o(.text) refers to ctype_o.o(.text) for __rt_ctype_table
    isdigit_o.o(.text) refers to ctype_o.o(.text) for __rt_ctype_table
    isgraph_o.o(.text) refers to ctype_o.o(.text) for __rt_ctype_table
    islower_o.o(.text) refers to ctype_o.o(.text) for __rt_ctype_table
    isprint_o.o(.text) refers to ctype_o.o(.text) for __rt_ctype_table
    ispunct_o.o(.text) refers to ctype_o.o(.text) for __rt_ctype_table
    isspace_o.o(.text) refers to ctype_o.o(.text) for __rt_ctype_table
    isupper_o.o(.text) refers to ctype_o.o(.text) for __rt_ctype_table
    isxdigit_o.o(.text) refers to ctype_o.o(.text) for __rt_ctype_table
    _scanf.o(.text) refers (Weak) to _scanf_int.o(.text) for _scanf_int
    _scanf.o(.text) refers (Weak) to _scanf_str.o(.text) for _scanf_string
    _strtoul.o(.text) refers to _chval.o(.text) for _chval
    _strtoul.o(.text) refers to errno.o(i.__aeabi_errno_addr) for __aeabi_errno_addr
    depilogue.o(.text) refers to llshl.o(.text) for __aeabi_llsl
    depilogue.o(.text) refers to llushr.o(.text) for __aeabi_llsr
    ctype_c.o(.text) refers to ctype_c.o(.constdata) for .constdata


==============================================================================

Removing Unused input sections from the image.

    Removing core_cm3.o(.emb_text), (32 bytes).
    Removing startup_stm32f10x_md.o(HEAP), (512 bytes).
    Removing stm32f10x_usart.o(.text), (1032 bytes).
    Removing stm32f10x_cec.o(.text), (288 bytes).
    Removing stm32f10x_pwr.o(.text), (204 bytes).
    Removing stm32f10x_rtc.o(.text), (328 bytes).
    Removing stm32f10x_spi.o(.text), (780 bytes).
    Removing stm32f10x_bkp.o(.text), (196 bytes).
    Removing stm32f10x_crc.o(.text), (72 bytes).
    Removing cc1101.o(.text), (1176 bytes).
    Removing cc1101_receiver.o(.text), (272 bytes).
    Removing cc1101_receiver.o(.bss), (76 bytes).
    Removing tick.o(.text), (96 bytes).
    Removing framebuffer.o(.constdata), (2241 bytes).
    Removing p10matrix.o(.text), (536 bytes).
    Removing p10matrix.o(.data), (5 bytes).
    Removing rtt_log.o(.text), (136 bytes).
    Removing rtt_log.o(.bss), (11 bytes).
    Removing rtt_log.o(.data), (3 bytes).
    Removing segger_rtt.o(.text), (2700 bytes).
    Removing segger_rtt.o(.bss), (1208 bytes).
    Removing segger_rtt.o(.data), (17 bytes).
    Removing segger_rtt_printf.o(.text), (1096 bytes).
    Removing segger_rtt_printf.o(.constdata), (16 bytes).
    Removing segger_rtt_syscalls_keil.o(.text), (180 bytes).
    Removing segger_rtt_syscalls_keil.o(.constdata), (14 bytes).
    Removing dadd.o(.text), (334 bytes).
    Removing dmul.o(.text), (228 bytes).
    Removing ddiv.o(.text), (222 bytes).
    Removing dfixul.o(.text), (48 bytes).
    Removing cdrcmple.o(.text), (48 bytes).
    Removing depilogue.o(.text), (186 bytes).

32 unused section(s) (total 14293 bytes) removed from the image.

==============================================================================

Image Symbol Table

    Local Symbols

    Symbol Name                              Value     Ov Type        Size  Object(Section)

    ../clib/../cmprslib/zerorunl2.c          0x00000000   Number         0  __dczerorl2.o ABSOLUTE
    ../clib/microlib/ctype/ctype.c           0x00000000   Number         0  isspace_o.o ABSOLUTE
    ../clib/microlib/ctype/ctype.c           0x00000000   Number         0  isblank_o.o ABSOLUTE
    ../clib/microlib/ctype/ctype.c           0x00000000   Number         0  iscntrl_o.o ABSOLUTE
    ../clib/microlib/ctype/ctype.c           0x00000000   Number         0  isdigit_o.o ABSOLUTE
    ../clib/microlib/ctype/ctype.c           0x00000000   Number         0  isgraph_o.o ABSOLUTE
    ../clib/microlib/ctype/ctype.c           0x00000000   Number         0  islower_o.o ABSOLUTE
    ../clib/microlib/ctype/ctype.c           0x00000000   Number         0  isprint_o.o ABSOLUTE
    ../clib/microlib/ctype/ctype.c           0x00000000   Number         0  ctype_c.o ABSOLUTE
    ../clib/microlib/ctype/ctype.c           0x00000000   Number         0  ispunct_o.o ABSOLUTE
    ../clib/microlib/ctype/ctype.c           0x00000000   Number         0  isxdigit_o.o ABSOLUTE
    ../clib/microlib/ctype/ctype.c           0x00000000   Number         0  isupper_o.o ABSOLUTE
    ../clib/microlib/ctype/ctype.c           0x00000000   Number         0  isalpha_o.o ABSOLUTE
    ../clib/microlib/ctype/ctype.c           0x00000000   Number         0  isalnum_o.o ABSOLUTE
    ../clib/microlib/ctype/ctype.c           0x00000000   Number         0  ctype_o.o ABSOLUTE
    ../clib/microlib/ctype/ctype.c           0x00000000   Number         0  isspace_c.o ABSOLUTE
    ../clib/microlib/division.c              0x00000000   Number         0  uidiv.o ABSOLUTE
    ../clib/microlib/division.c              0x00000000   Number         0  uldiv.o ABSOLUTE
    ../clib/microlib/errno.c                 0x00000000   Number         0  errno.o ABSOLUTE
    ../clib/microlib/init/entry.s            0x00000000   Number         0  entry.o ABSOLUTE
    ../clib/microlib/init/entry.s            0x00000000   Number         0  entry11b.o ABSOLUTE
    ../clib/microlib/init/entry.s            0x00000000   Number         0  entry7b.o ABSOLUTE
    ../clib/microlib/init/entry.s            0x00000000   Number         0  entry11a.o ABSOLUTE
    ../clib/microlib/init/entry.s            0x00000000   Number         0  entry10b.o ABSOLUTE
    ../clib/microlib/init/entry.s            0x00000000   Number         0  entry2.o ABSOLUTE
    ../clib/microlib/init/entry.s            0x00000000   Number         0  entry10a.o ABSOLUTE
    ../clib/microlib/init/entry.s            0x00000000   Number         0  entry9b.o ABSOLUTE
    ../clib/microlib/init/entry.s            0x00000000   Number         0  entry5.o ABSOLUTE
    ../clib/microlib/init/entry.s            0x00000000   Number         0  entry7a.o ABSOLUTE
    ../clib/microlib/init/entry.s            0x00000000   Number         0  entry8a.o ABSOLUTE
    ../clib/microlib/init/entry.s            0x00000000   Number         0  entry8b.o ABSOLUTE
    ../clib/microlib/init/entry.s            0x00000000   Number         0  entry9a.o ABSOLUTE
    ../clib/microlib/longlong.c              0x00000000   Number         0  llushr.o ABSOLUTE
    ../clib/microlib/longlong.c              0x00000000   Number         0  llshl.o ABSOLUTE
    ../clib/microlib/longlong.c              0x00000000   Number         0  llsshr.o ABSOLUTE
    ../clib/microlib/printf/printf.c         0x00000000   Number         0  printf0.o ABSOLUTE
    ../clib/microlib/printf/printf.c         0x00000000   Number         0  printf7.o ABSOLUTE
    ../clib/microlib/printf/printf.c         0x00000000   Number         0  printf1.o ABSOLUTE
    ../clib/microlib/printf/printf.c         0x00000000   Number         0  printf2.o ABSOLUTE
    ../clib/microlib/printf/printf.c         0x00000000   Number         0  printfb.o ABSOLUTE
    ../clib/microlib/printf/printf.c         0x00000000   Number         0  printf3.o ABSOLUTE
    ../clib/microlib/printf/printf.c         0x00000000   Number         0  printfa.o ABSOLUTE
    ../clib/microlib/printf/printf.c         0x00000000   Number         0  printf4.o ABSOLUTE
    ../clib/microlib/printf/printf.c         0x00000000   Number         0  printf8.o ABSOLUTE
    ../clib/microlib/printf/printf.c         0x00000000   Number         0  printf6.o ABSOLUTE
    ../clib/microlib/printf/printf.c         0x00000000   Number         0  printf5.o ABSOLUTE
    ../clib/microlib/printf/stubs.s          0x00000000   Number         0  stubs.o ABSOLUTE
    ../clib/microlib/stdio/fflush.c          0x00000000   Number         0  fflush.o ABSOLUTE
    ../clib/microlib/stdio/fputc.c           0x00000000   Number         0  fputc.o ABSOLUTE
    ../clib/microlib/stdio/semi.s            0x00000000   Number         0  semi.o ABSOLUTE
    ../clib/microlib/stdio/streams.c         0x00000000   Number         0  stdout.o ABSOLUTE
    ../clib/microlib/string/memcmp.c         0x00000000   Number         0  memcmp.o ABSOLUTE
    ../clib/microlib/string/memcpy.c         0x00000000   Number         0  memcpyb.o ABSOLUTE
    ../clib/microlib/string/memcpy.c         0x00000000   Number         0  memcpya.o ABSOLUTE
    ../clib/microlib/string/memset.c         0x00000000   Number         0  memseta.o ABSOLUTE
    ../clib/microlib/string/strcmp.c         0x00000000   Number         0  strcmp.o ABSOLUTE
    ../clib/microlib/string/strcpy.c         0x00000000   Number         0  strcpy.o ABSOLUTE
    ../clib/microlib/string/strlen.c         0x00000000   Number         0  strlen.o ABSOLUTE
    ../clib/microlib/stubs.s                 0x00000000   Number         0  iusesemip.o ABSOLUTE
    ../clib/microlib/stubs.s                 0x00000000   Number         0  iusefp.o ABSOLUTE
    ../clib/microlib/stubs.s                 0x00000000   Number         0  useno.o ABSOLUTE
    ../clib/scanf.c                          0x00000000   Number         0  _scanf_int.o ABSOLUTE
    ../clib/scanf.c                          0x00000000   Number         0  strtol.o ABSOLUTE
    ../clib/scanf.c                          0x00000000   Number         0  __0sscanf.o ABSOLUTE
    ../clib/scanf.c                          0x00000000   Number         0  scanf_char.o ABSOLUTE
    ../clib/scanf.c                          0x00000000   Number         0  _chval.o ABSOLUTE
    ../clib/scanf.c                          0x00000000   Number         0  _scanf_str.o ABSOLUTE
    ../clib/scanf.c                          0x00000000   Number         0  _sgetc.o ABSOLUTE
    ../clib/scanf.c                          0x00000000   Number         0  _strtoul.o ABSOLUTE
    ../clib/scanf.c                          0x00000000   Number         0  _scanf.o ABSOLUTE
    ../clib/scanf.c                          0x00000000   Number         0  atoi.o ABSOLUTE
    ../fplib/microlib/fpadd.c                0x00000000   Number         0  dadd.o ABSOLUTE
    ../fplib/microlib/fpdiv.c                0x00000000   Number         0  ddiv.o ABSOLUTE
    ../fplib/microlib/fpepilogue.c           0x00000000   Number         0  depilogue.o ABSOLUTE
    ../fplib/microlib/fpfix.c                0x00000000   Number         0  dfixul.o ABSOLUTE
    ../fplib/microlib/fpmul.c                0x00000000   Number         0  dmul.o ABSOLUTE
    ..\..\Libraries\CMSIS\CM3\CoreSupport\core_cm3.c 0x00000000   Number         0  core_cm3.o ABSOLUTE
    ..\..\Libraries\CMSIS\CM3\DeviceSupport\ST\STM32F10x\startup\arm\startup_stm32f10x_md.s 0x00000000   Number         0  startup_stm32f10x_md.o ABSOLUTE
    ..\..\Libraries\CMSIS\CM3\DeviceSupport\ST\STM32F10x\system_stm32f10x.c 0x00000000   Number         0  system_stm32f10x.o ABSOLUTE
    ..\..\Libraries\STM32F10x_StdPeriph_Driver\src\misc.c 0x00000000   Number         0  misc.o ABSOLUTE
    ..\..\Libraries\STM32F10x_StdPeriph_Driver\src\stm32f10x_bkp.c 0x00000000   Number         0  stm32f10x_bkp.o ABSOLUTE
    ..\..\Libraries\STM32F10x_StdPeriph_Driver\src\stm32f10x_cec.c 0x00000000   Number         0  stm32f10x_cec.o ABSOLUTE
    ..\..\Libraries\STM32F10x_StdPeriph_Driver\src\stm32f10x_crc.c 0x00000000   Number         0  stm32f10x_crc.o ABSOLUTE
    ..\..\Libraries\STM32F10x_StdPeriph_Driver\src\stm32f10x_exti.c 0x00000000   Number         0  stm32f10x_exti.o ABSOLUTE
    ..\..\Libraries\STM32F10x_StdPeriph_Driver\src\stm32f10x_flash.c 0x00000000   Number         0  stm32f10x_flash.o ABSOLUTE
    ..\..\Libraries\STM32F10x_StdPeriph_Driver\src\stm32f10x_gpio.c 0x00000000   Number         0  stm32f10x_gpio.o ABSOLUTE
    ..\..\Libraries\STM32F10x_StdPeriph_Driver\src\stm32f10x_iwdg.c 0x00000000   Number         0  stm32f10x_iwdg.o ABSOLUTE
    ..\..\Libraries\STM32F10x_StdPeriph_Driver\src\stm32f10x_pwr.c 0x00000000   Number         0  stm32f10x_pwr.o ABSOLUTE
    ..\..\Libraries\STM32F10x_StdPeriph_Driver\src\stm32f10x_rcc.c 0x00000000   Number         0  stm32f10x_rcc.o ABSOLUTE
    ..\..\Libraries\STM32F10x_StdPeriph_Driver\src\stm32f10x_rtc.c 0x00000000   Number         0  stm32f10x_rtc.o ABSOLUTE
    ..\..\Libraries\STM32F10x_StdPeriph_Driver\src\stm32f10x_spi.c 0x00000000   Number         0  stm32f10x_spi.o ABSOLUTE
    ..\..\Libraries\STM32F10x_StdPeriph_Driver\src\stm32f10x_tim.c 0x00000000   Number         0  stm32f10x_tim.o ABSOLUTE
    ..\..\Libraries\STM32F10x_StdPeriph_Driver\src\stm32f10x_usart.c 0x00000000   Number         0  stm32f10x_usart.o ABSOLUTE
    ..\..\lib\ringbuf.c                      0x00000000   Number         0  ringbuf.o ABSOLUTE
    ..\..\lib\sys_tick.c                     0x00000000   Number         0  sys_tick.o ABSOLUTE
    ..\..\lib\tick.c                         0x00000000   Number         0  tick.o ABSOLUTE
    ..\..\lib\uart2.c                        0x00000000   Number         0  uart2.o ABSOLUTE
    ..\\..\\Libraries\\CMSIS\\CM3\\CoreSupport\\core_cm3.c 0x00000000   Number         0  core_cm3.o ABSOLUTE
    P10Matrix\font.c                         0x00000000   Number         0  font.o ABSOLUTE
    P10Matrix\framebuffer.c                  0x00000000   Number         0  framebuffer.o ABSOLUTE
    P10Matrix\p10matrix.c                    0x00000000   Number         0  p10matrix.o ABSOLUTE
    P10Matrix\p10matrix_rgb.c                0x00000000   Number         0  p10matrix_rgb.o ABSOLUTE
    SEGGER_RTT_V612a\Application\RTT_Log.c   0x00000000   Number         0  rtt_log.o ABSOLUTE
    SEGGER_RTT_V612a\RTT\SEGGER_RTT.c        0x00000000   Number         0  segger_rtt.o ABSOLUTE
    SEGGER_RTT_V612a\RTT\SEGGER_RTT_printf.c 0x00000000   Number         0  segger_rtt_printf.o ABSOLUTE
    SEGGER_RTT_V612a\Syscalls\SEGGER_RTT_Syscalls_KEIL.c 0x00000000   Number         0  segger_rtt_syscalls_keil.o ABSOLUTE
    _user\src\cc1101.c                       0x00000000   Number         0  cc1101.o ABSOLUTE
    _user\src\cc1101_parser.c                0x00000000   Number         0  cc1101_parser.o ABSOLUTE
    _user\src\cc1101_receiver.c              0x00000000   Number         0  cc1101_receiver.o ABSOLUTE
    _user\src\display_task.c                 0x00000000   Number         0  display_task.o ABSOLUTE
    _user\src\hw_config.c                    0x00000000   Number         0  hw_config.o ABSOLUTE
    _user\src\main.c                         0x00000000   Number         0  main.o ABSOLUTE
    _user\src\stm32f10x_it.c                 0x00000000   Number         0  stm32f10x_it.o ABSOLUTE
    _user\src\system_config.c                0x00000000   Number         0  system_config.o ABSOLUTE
    cdrcmple.s                               0x00000000   Number         0  cdrcmple.o ABSOLUTE
    dc.s                                     0x00000000   Number         0  dc.o ABSOLUTE
    handlers.s                               0x00000000   Number         0  handlers.o ABSOLUTE
    init.s                                   0x00000000   Number         0  init.o ABSOLUTE
    stm32_lib\button.c                       0x00000000   Number         0  button.o ABSOLUTE
    stm32_lib\exti.c                         0x00000000   Number         0  exti.o ABSOLUTE
    RESET                                    0x08000000   Section      236  startup_stm32f10x_md.o(RESET)
    .ARM.Collect$$$$00000000                 0x080000ec   Section        0  entry.o(.ARM.Collect$$$$00000000)
    .ARM.Collect$$$$00000001                 0x080000ec   Section        4  entry2.o(.ARM.Collect$$$$00000001)
    .ARM.Collect$$$$00000004                 0x080000f0   Section        4  entry5.o(.ARM.Collect$$$$00000004)
    .ARM.Collect$$$$00000008                 0x080000f4   Section        0  entry7b.o(.ARM.Collect$$$$00000008)
    .ARM.Collect$$$$0000000A                 0x080000f4   Section        0  entry8b.o(.ARM.Collect$$$$0000000A)
    .ARM.Collect$$$$0000000B                 0x080000f4   Section        8  entry9a.o(.ARM.Collect$$$$0000000B)
    .ARM.Collect$$$$0000000D                 0x080000fc   Section        0  entry10a.o(.ARM.Collect$$$$0000000D)
    .ARM.Collect$$$$0000000F                 0x080000fc   Section        0  entry11a.o(.ARM.Collect$$$$0000000F)
    .ARM.Collect$$$$00002712                 0x080000fc   Section        4  entry2.o(.ARM.Collect$$$$00002712)
    __lit__00000000                          0x080000fc   Data           4  entry2.o(.ARM.Collect$$$$00002712)
    .text                                    0x08000100   Section        0  system_stm32f10x.o(.text)
    SetSysClockTo48                          0x08000101   Thumb Code   214  system_stm32f10x.o(.text)
    SetSysClock                              0x080001d7   Thumb Code     8  system_stm32f10x.o(.text)
    .text                                    0x080002e0   Section       36  startup_stm32f10x_md.o(.text)
    .text                                    0x08000304   Section        0  hw_config.o(.text)
    .text                                    0x08000344   Section        0  main.o(.text)
    .text                                    0x080005d0   Section        0  system_config.o(.text)
    .text                                    0x08000798   Section        0  stm32f10x_it.o(.text)
    .text                                    0x080007ec   Section        0  display_task.o(.text)
    .text                                    0x080009d0   Section        0  misc.o(.text)
    .text                                    0x08000aac   Section        0  stm32f10x_flash.o(.text)
    .text                                    0x08001068   Section        0  stm32f10x_gpio.o(.text)
    .text                                    0x080013c4   Section        0  stm32f10x_rcc.o(.text)
    .text                                    0x08001768   Section        0  stm32f10x_tim.o(.text)
    TI4_Config                               0x08001c0f   Thumb Code   130  stm32f10x_tim.o(.text)
    TI3_Config                               0x08001ca3   Thumb Code   122  stm32f10x_tim.o(.text)
    TI2_Config                               0x08001d37   Thumb Code   130  stm32f10x_tim.o(.text)
    TI1_Config                               0x08001dcb   Thumb Code   108  stm32f10x_tim.o(.text)
    .text                                    0x08002584   Section        0  stm32f10x_iwdg.o(.text)
    .text                                    0x080025c4   Section        0  stm32f10x_exti.o(.text)
    .text                                    0x080026e0   Section        0  cc1101_parser.o(.text)
    .text                                    0x080029dc   Section        0  button.o(.text)
    .text                                    0x08002ae8   Section        0  ringbuf.o(.text)
    .text                                    0x08002b7c   Section        0  exti.o(.text)
    .text                                    0x08002c7c   Section        0  sys_tick.o(.text)
    .text                                    0x08002d80   Section        0  uart2.o(.text)
    .text                                    0x08002f1c   Section        0  font.o(.text)
    .text                                    0x08002f30   Section        0  p10matrix_rgb.o(.text)
    .text                                    0x0800320c   Section        0  framebuffer.o(.text)
    .text                                    0x080036bc   Section        0  memcpya.o(.text)
    .text                                    0x080036e0   Section        0  memseta.o(.text)
    .text                                    0x08003704   Section        0  strlen.o(.text)
    .text                                    0x08003712   Section        0  memcmp.o(.text)
    .text                                    0x0800372c   Section        0  strcpy.o(.text)
    .text                                    0x08003740   Section        0  __0sscanf.o(.text)
    .text                                    0x08003778   Section        0  _scanf_int.o(.text)
    .text                                    0x080038c4   Section        0  _scanf_str.o(.text)
    .text                                    0x080039a4   Section        0  atoi.o(.text)
    .text                                    0x080039be   Section        0  uidiv.o(.text)
    .text                                    0x080039ea   Section        0  _chval.o(.text)
    .text                                    0x08003a08   Section        0  scanf_char.o(.text)
    _scanf_char_input                        0x08003a09   Thumb Code    12  scanf_char.o(.text)
    .text                                    0x08003a30   Section        0  _sgetc.o(.text)
    .text                                    0x08003a70   Section        0  strtol.o(.text)
    .text                                    0x08003ae0   Section       36  init.o(.text)
    .text                                    0x08003b04   Section        0  ctype_o.o(.text)
    .text                                    0x08003b0c   Section        0  isspace_o.o(.text)
    .text                                    0x08003b20   Section        0  _scanf.o(.text)
    .text                                    0x08003e4c   Section        0  _strtoul.o(.text)
    .text                                    0x08003eea   Section        0  __dczerorl2.o(.text)
    i.__0sprintf$6                           0x08003f40   Section        0  printf6.o(i.__0sprintf$6)
    i.__aeabi_errno_addr                     0x08003f68   Section        0  errno.o(i.__aeabi_errno_addr)
    i.__scatterload_copy                     0x08003f70   Section       14  handlers.o(i.__scatterload_copy)
    i.__scatterload_null                     0x08003f7e   Section        2  handlers.o(i.__scatterload_null)
    i.__scatterload_zeroinit                 0x08003f80   Section       14  handlers.o(i.__scatterload_zeroinit)
    i._printf_core                           0x08003f90   Section        0  printf6.o(i._printf_core)
    _printf_core                             0x08003f91   Thumb Code   748  printf6.o(i._printf_core)
    i._printf_post_padding                   0x08004280   Section        0  printf6.o(i._printf_post_padding)
    _printf_post_padding                     0x08004281   Thumb Code    36  printf6.o(i._printf_post_padding)
    i._printf_pre_padding                    0x080042a4   Section        0  printf6.o(i._printf_pre_padding)
    _printf_pre_padding                      0x080042a5   Thumb Code    46  printf6.o(i._printf_pre_padding)
    i._sputc                                 0x080042d2   Section        0  printf6.o(i._sputc)
    _sputc                                   0x080042d3   Thumb Code    10  printf6.o(i._sputc)
    .constdata                               0x080042dc   Section      129  ctype_o.o(.constdata)
    .constdata                               0x08004360   Section        4  ctype_o.o(.constdata)
    table                                    0x08004360   Data           4  ctype_o.o(.constdata)
    .data                                    0x20000000   Section       20  system_stm32f10x.o(.data)
    .data                                    0x20000014   Section        2  main.o(.data)
    .data                                    0x20000016   Section        1  system_config.o(.data)
    .data                                    0x20000018   Section       16  display_task.o(.data)
    .data                                    0x20000028   Section       20  stm32f10x_rcc.o(.data)
    APBAHBPrescTable                         0x20000028   Data          16  stm32f10x_rcc.o(.data)
    ADCPrescTable                            0x20000038   Data           4  stm32f10x_rcc.o(.data)
    .data                                    0x2000003c   Section       14  cc1101_receiver.o(.data)
    .data                                    0x2000004a   Section        8  cc1101_parser.o(.data)
    .data                                    0x20000058   Section       16  sys_tick.o(.data)
    .data                                    0x20000068   Section        4  font.o(.data)
    .data                                    0x2000006c   Section       12  p10matrix_rgb.o(.data)
    .data                                    0x20000078   Section      488  framebuffer.o(.data)
    System5x7                                0x20000078   Data         486  framebuffer.o(.data)
    scroll                                   0x2000025e   Data           2  framebuffer.o(.data)
    .data                                    0x20000260   Section        4  errno.o(.data)
    _errno                                   0x20000260   Data           4  errno.o(.data)
    .bss                                     0x20000264   Section       12  main.o(.bss)
    .bss                                     0x20000270   Section      257  system_config.o(.bss)
    .bss                                     0x20000374   Section       24  display_task.o(.bss)
    .bss                                     0x2000038c   Section      540  cc1101_parser.o(.bss)
    .bss                                     0x200005a8   Section       28  button.o(.bss)
    .bss                                     0x200005c4   Section      276  framebuffer.o(.bss)
    STACK                                    0x200006d8   Section     1024  startup_stm32f10x_md.o(STACK)

    Global Symbols

    Symbol Name                              Value     Ov Type        Size  Object(Section)

    BuildAttributes$$THM_ISAv4$P$D$K$B$S$PE$A:L22UL41UL21$X:L11$S22US41US21$IEEE1$IW$USESV6$~STKCKD$USESV7$~SHL$OSPACE$ROPI$EBA8$MICROLIB$REQ8$PRES8$EABIv2 0x00000000   Number         0  anon$$obj.o ABSOLUTE
    __ARM_use_no_argv                        0x00000000   Number         0  main.o ABSOLUTE
    __use_no_errno                           0x00000000   Number         0  useno.o ABSOLUTE
    __use_no_exception_handling              0x00000000   Number         0  useno.o ABSOLUTE
    __use_no_fp                              0x00000000   Number         0  useno.o ABSOLUTE
    __use_no_heap                            0x00000000   Number         0  useno.o ABSOLUTE
    __use_no_heap_region                     0x00000000   Number         0  useno.o ABSOLUTE
    __use_no_semihosting                     0x00000000   Number         0  useno.o ABSOLUTE
    __use_no_semihosting_swi                 0x00000000   Number         0  useno.o ABSOLUTE
    __use_no_signal_handling                 0x00000000   Number         0  useno.o ABSOLUTE
    _printf_a                                0x00000000   Number         0  stubs.o ABSOLUTE
    _printf_c                                0x00000000   Number         0  stubs.o ABSOLUTE
    _printf_charcount                        0x00000000   Number         0  stubs.o ABSOLUTE
    _printf_d                                0x00000000   Number         0  stubs.o ABSOLUTE
    _printf_e                                0x00000000   Number         0  stubs.o ABSOLUTE
    _printf_f                                0x00000000   Number         0  stubs.o ABSOLUTE
    _printf_flags                            0x00000000   Number         0  stubs.o ABSOLUTE
    _printf_fp_dec                           0x00000000   Number         0  stubs.o ABSOLUTE
    _printf_fp_hex                           0x00000000   Number         0  stubs.o ABSOLUTE
    _printf_g                                0x00000000   Number         0  stubs.o ABSOLUTE
    _printf_i                                0x00000000   Number         0  stubs.o ABSOLUTE
    _printf_int_dec                          0x00000000   Number         0  stubs.o ABSOLUTE
    _printf_l                                0x00000000   Number         0  stubs.o ABSOLUTE
    _printf_lc                               0x00000000   Number         0  stubs.o ABSOLUTE
    _printf_ll                               0x00000000   Number         0  stubs.o ABSOLUTE
    _printf_lld                              0x00000000   Number         0  stubs.o ABSOLUTE
    _printf_lli                              0x00000000   Number         0  stubs.o ABSOLUTE
    _printf_llo                              0x00000000   Number         0  stubs.o ABSOLUTE
    _printf_llu                              0x00000000   Number         0  stubs.o ABSOLUTE
    _printf_llx                              0x00000000   Number         0  stubs.o ABSOLUTE
    _printf_longlong_dec                     0x00000000   Number         0  stubs.o ABSOLUTE
    _printf_longlong_hex                     0x00000000   Number         0  stubs.o ABSOLUTE
    _printf_longlong_oct                     0x00000000   Number         0  stubs.o ABSOLUTE
    _printf_ls                               0x00000000   Number         0  stubs.o ABSOLUTE
    _printf_mbtowc                           0x00000000   Number         0  stubs.o ABSOLUTE
    _printf_n                                0x00000000   Number         0  stubs.o ABSOLUTE
    _printf_o                                0x00000000   Number         0  stubs.o ABSOLUTE
    _printf_p                                0x00000000   Number         0  stubs.o ABSOLUTE
    _printf_percent                          0x00000000   Number         0  stubs.o ABSOLUTE
    _printf_pre_padding                      0x00000000   Number         0  stubs.o ABSOLUTE
    _printf_return_value                     0x00000000   Number         0  stubs.o ABSOLUTE
    _printf_s                                0x00000000   Number         0  stubs.o ABSOLUTE
    _printf_sizespec                         0x00000000   Number         0  stubs.o ABSOLUTE
    _printf_str                              0x00000000   Number         0  stubs.o ABSOLUTE
    _printf_truncate_signed                  0x00000000   Number         0  stubs.o ABSOLUTE
    _printf_truncate_unsigned                0x00000000   Number         0  stubs.o ABSOLUTE
    _printf_u                                0x00000000   Number         0  stubs.o ABSOLUTE
    _printf_wc                               0x00000000   Number         0  stubs.o ABSOLUTE
    _printf_wctomb                           0x00000000   Number         0  stubs.o ABSOLUTE
    _printf_widthprec                        0x00000000   Number         0  stubs.o ABSOLUTE
    _printf_x                                0x00000000   Number         0  stubs.o ABSOLUTE
    __cpp_initialize__aeabi_                  - Undefined Weak Reference
    __cxa_finalize                            - Undefined Weak Reference
    _clock_init                               - Undefined Weak Reference
    _microlib_exit                            - Undefined Weak Reference
    _scanf_longlong                           - Undefined Weak Reference
    _scanf_real                               - Undefined Weak Reference
    __Vectors_Size                           0x000000ec   Number         0  startup_stm32f10x_md.o ABSOLUTE
    __Vectors                                0x08000000   Data           4  startup_stm32f10x_md.o(RESET)
    __Vectors_End                            0x080000ec   Data           0  startup_stm32f10x_md.o(RESET)
    __main                                   0x080000ed   Thumb Code     0  entry.o(.ARM.Collect$$$$00000000)
    _main_stk                                0x080000ed   Thumb Code     0  entry2.o(.ARM.Collect$$$$00000001)
    _main_scatterload                        0x080000f1   Thumb Code     0  entry5.o(.ARM.Collect$$$$00000004)
    __main_after_scatterload                 0x080000f5   Thumb Code     0  entry5.o(.ARM.Collect$$$$00000004)
    _main_clock                              0x080000f5   Thumb Code     0  entry7b.o(.ARM.Collect$$$$00000008)
    _main_cpp_init                           0x080000f5   Thumb Code     0  entry8b.o(.ARM.Collect$$$$0000000A)
    _main_init                               0x080000f5   Thumb Code     0  entry9a.o(.ARM.Collect$$$$0000000B)
    __rt_final_cpp                           0x080000fd   Thumb Code     0  entry10a.o(.ARM.Collect$$$$0000000D)
    __rt_final_exit                          0x080000fd   Thumb Code     0  entry11a.o(.ARM.Collect$$$$0000000F)
    SystemInit                               0x080001df   Thumb Code    78  system_stm32f10x.o(.text)
    SystemCoreClockUpdate                    0x0800022d   Thumb Code   142  system_stm32f10x.o(.text)
    Reset_Handler                            0x080002e1   Thumb Code     8  startup_stm32f10x_md.o(.text)
    NMI_Handler                              0x080002e9   Thumb Code     2  startup_stm32f10x_md.o(.text)
    MemManage_Handler                        0x080002ed   Thumb Code     2  startup_stm32f10x_md.o(.text)
    BusFault_Handler                         0x080002ef   Thumb Code     2  startup_stm32f10x_md.o(.text)
    UsageFault_Handler                       0x080002f1   Thumb Code     2  startup_stm32f10x_md.o(.text)
    SVC_Handler                              0x080002f3   Thumb Code     2  startup_stm32f10x_md.o(.text)
    DebugMon_Handler                         0x080002f5   Thumb Code     2  startup_stm32f10x_md.o(.text)
    PendSV_Handler                           0x080002f7   Thumb Code     2  startup_stm32f10x_md.o(.text)
    ADC1_2_IRQHandler                        0x080002fb   Thumb Code     0  startup_stm32f10x_md.o(.text)
    CAN1_RX1_IRQHandler                      0x080002fb   Thumb Code     0  startup_stm32f10x_md.o(.text)
    CAN1_SCE_IRQHandler                      0x080002fb   Thumb Code     0  startup_stm32f10x_md.o(.text)
    DMA1_Channel1_IRQHandler                 0x080002fb   Thumb Code     0  startup_stm32f10x_md.o(.text)
    DMA1_Channel2_IRQHandler                 0x080002fb   Thumb Code     0  startup_stm32f10x_md.o(.text)
    DMA1_Channel3_IRQHandler                 0x080002fb   Thumb Code     0  startup_stm32f10x_md.o(.text)
    DMA1_Channel4_IRQHandler                 0x080002fb   Thumb Code     0  startup_stm32f10x_md.o(.text)
    DMA1_Channel5_IRQHandler                 0x080002fb   Thumb Code     0  startup_stm32f10x_md.o(.text)
    DMA1_Channel6_IRQHandler                 0x080002fb   Thumb Code     0  startup_stm32f10x_md.o(.text)
    DMA1_Channel7_IRQHandler                 0x080002fb   Thumb Code     0  startup_stm32f10x_md.o(.text)
    EXTI0_IRQHandler                         0x080002fb   Thumb Code     0  startup_stm32f10x_md.o(.text)
    EXTI1_IRQHandler                         0x080002fb   Thumb Code     0  startup_stm32f10x_md.o(.text)
    EXTI2_IRQHandler                         0x080002fb   Thumb Code     0  startup_stm32f10x_md.o(.text)
    EXTI4_IRQHandler                         0x080002fb   Thumb Code     0  startup_stm32f10x_md.o(.text)
    FLASH_IRQHandler                         0x080002fb   Thumb Code     0  startup_stm32f10x_md.o(.text)
    I2C1_ER_IRQHandler                       0x080002fb   Thumb Code     0  startup_stm32f10x_md.o(.text)
    I2C1_EV_IRQHandler                       0x080002fb   Thumb Code     0  startup_stm32f10x_md.o(.text)
    I2C2_ER_IRQHandler                       0x080002fb   Thumb Code     0  startup_stm32f10x_md.o(.text)
    I2C2_EV_IRQHandler                       0x080002fb   Thumb Code     0  startup_stm32f10x_md.o(.text)
    PVD_IRQHandler                           0x080002fb   Thumb Code     0  startup_stm32f10x_md.o(.text)
    RCC_IRQHandler                           0x080002fb   Thumb Code     0  startup_stm32f10x_md.o(.text)
    RTCAlarm_IRQHandler                      0x080002fb   Thumb Code     0  startup_stm32f10x_md.o(.text)
    RTC_IRQHandler                           0x080002fb   Thumb Code     0  startup_stm32f10x_md.o(.text)
    SPI1_IRQHandler                          0x080002fb   Thumb Code     0  startup_stm32f10x_md.o(.text)
    SPI2_IRQHandler                          0x080002fb   Thumb Code     0  startup_stm32f10x_md.o(.text)
    TAMPER_IRQHandler                        0x080002fb   Thumb Code     0  startup_stm32f10x_md.o(.text)
    TIM1_BRK_IRQHandler                      0x080002fb   Thumb Code     0  startup_stm32f10x_md.o(.text)
    TIM1_CC_IRQHandler                       0x080002fb   Thumb Code     0  startup_stm32f10x_md.o(.text)
    TIM1_TRG_COM_IRQHandler                  0x080002fb   Thumb Code     0  startup_stm32f10x_md.o(.text)
    TIM1_UP_IRQHandler                       0x080002fb   Thumb Code     0  startup_stm32f10x_md.o(.text)
    TIM2_IRQHandler                          0x080002fb   Thumb Code     0  startup_stm32f10x_md.o(.text)
    TIM4_IRQHandler                          0x080002fb   Thumb Code     0  startup_stm32f10x_md.o(.text)
    USART1_IRQHandler                        0x080002fb   Thumb Code     0  startup_stm32f10x_md.o(.text)
    USART3_IRQHandler                        0x080002fb   Thumb Code     0  startup_stm32f10x_md.o(.text)
    USBWakeUp_IRQHandler                     0x080002fb   Thumb Code     0  startup_stm32f10x_md.o(.text)
    USB_HP_CAN1_TX_IRQHandler                0x080002fb   Thumb Code     0  startup_stm32f10x_md.o(.text)
    USB_LP_CAN1_RX0_IRQHandler               0x080002fb   Thumb Code     0  startup_stm32f10x_md.o(.text)
    WWDG_IRQHandler                          0x080002fb   Thumb Code     0  startup_stm32f10x_md.o(.text)
    hwPinModeOutput                          0x08000305   Thumb Code    32  hw_config.o(.text)
    TIM3_IRQHandler                          0x08000325   Thumb Code    26  hw_config.o(.text)
    BUTTON1_ReleaseHandler                   0x08000345   Thumb Code   156  main.o(.text)
    BUTTON1_EventHandler                     0x080003e1   Thumb Code    46  main.o(.text)
    IWDGInit                                 0x0800040f   Thumb Code    34  main.o(.text)
    Show_RST_Flag                            0x08000431   Thumb Code    44  main.o(.text)
    SystemClockInit                          0x0800045d   Thumb Code    62  main.o(.text)
    main                                     0x0800049b   Thumb Code   244  main.o(.text)
    Delay                                    0x0800058f   Thumb Code    16  main.o(.text)
    CFG_ReLoad                               0x080005d1   Thumb Code    16  system_config.o(.text)
    CFG_Save                                 0x080005e1   Thumb Code   176  system_config.o(.text)
    CFG_Load                                 0x08000691   Thumb Code   164  system_config.o(.text)
    CFG_CheckSum                             0x08000735   Thumb Code    42  system_config.o(.text)
    CFG_Task                                 0x0800075f   Thumb Code    20  system_config.o(.text)
    HardFault_Handler                        0x08000799   Thumb Code    30  stm32f10x_it.o(.text)
    SysTick_Handler                          0x080007b7   Thumb Code    14  stm32f10x_it.o(.text)
    EXTI3_IRQHandler                         0x080007c5   Thumb Code    24  stm32f10x_it.o(.text)
    DisplayTask_Init                         0x080007ed   Thumb Code    12  display_task.o(.text)
    DisplayTask                              0x080007f9   Thumb Code   402  display_task.o(.text)
    NVIC_PriorityGroupConfig                 0x080009d1   Thumb Code    10  misc.o(.text)
    NVIC_Init                                0x080009db   Thumb Code   100  misc.o(.text)
    NVIC_SetVectorTable                      0x08000a3f   Thumb Code    14  misc.o(.text)
    NVIC_SystemLPConfig                      0x08000a4d   Thumb Code    34  misc.o(.text)
    SysTick_CLKSourceConfig                  0x08000a6f   Thumb Code    40  misc.o(.text)
    FLASH_SetLatency                         0x08000aad   Thumb Code    18  stm32f10x_flash.o(.text)
    FLASH_HalfCycleAccessCmd                 0x08000abf   Thumb Code    22  stm32f10x_flash.o(.text)
    FLASH_PrefetchBufferCmd                  0x08000ad5   Thumb Code    22  stm32f10x_flash.o(.text)
    FLASH_Unlock                             0x08000aeb   Thumb Code    12  stm32f10x_flash.o(.text)
    FLASH_UnlockBank1                        0x08000af7   Thumb Code    12  stm32f10x_flash.o(.text)
    FLASH_Lock                               0x08000b03   Thumb Code    14  stm32f10x_flash.o(.text)
    FLASH_LockBank1                          0x08000b11   Thumb Code    14  stm32f10x_flash.o(.text)
    FLASH_GetBank1Status                     0x08000b1f   Thumb Code    48  stm32f10x_flash.o(.text)
    FLASH_WaitForLastOperation               0x08000b4f   Thumb Code    38  stm32f10x_flash.o(.text)
    FLASH_ErasePage                          0x08000b75   Thumb Code    72  stm32f10x_flash.o(.text)
    FLASH_EraseAllPages                      0x08000bbd   Thumb Code    68  stm32f10x_flash.o(.text)
    FLASH_WaitForLastBank1Operation          0x08000c01   Thumb Code    38  stm32f10x_flash.o(.text)
    FLASH_EraseAllBank1Pages                 0x08000c27   Thumb Code    68  stm32f10x_flash.o(.text)
    FLASH_GetReadOutProtectionStatus         0x08000c6b   Thumb Code    20  stm32f10x_flash.o(.text)
    FLASH_EraseOptionBytes                   0x08000c7f   Thumb Code   150  stm32f10x_flash.o(.text)
    FLASH_ProgramWord                        0x08000d15   Thumb Code   102  stm32f10x_flash.o(.text)
    FLASH_ProgramHalfWord                    0x08000d7b   Thumb Code    60  stm32f10x_flash.o(.text)
    FLASH_ProgramOptionByteData              0x08000db7   Thumb Code    72  stm32f10x_flash.o(.text)
    FLASH_EnableWriteProtection              0x08000dff   Thumb Code   200  stm32f10x_flash.o(.text)
    FLASH_ReadOutProtection                  0x08000ec7   Thumb Code   156  stm32f10x_flash.o(.text)
    FLASH_UserOptionByteConfig               0x08000f63   Thumb Code    88  stm32f10x_flash.o(.text)
    FLASH_GetUserOptionByte                  0x08000fbb   Thumb Code     8  stm32f10x_flash.o(.text)
    FLASH_GetWriteProtectionOptionByte       0x08000fc3   Thumb Code     6  stm32f10x_flash.o(.text)
    FLASH_GetPrefetchBufferStatus            0x08000fc9   Thumb Code    20  stm32f10x_flash.o(.text)
    FLASH_ITConfig                           0x08000fdd   Thumb Code    26  stm32f10x_flash.o(.text)
    FLASH_GetFlagStatus                      0x08000ff7   Thumb Code    42  stm32f10x_flash.o(.text)
    FLASH_ClearFlag                          0x08001021   Thumb Code     6  stm32f10x_flash.o(.text)
    FLASH_GetStatus                          0x08001027   Thumb Code    48  stm32f10x_flash.o(.text)
    GPIO_DeInit                              0x08001069   Thumb Code   172  stm32f10x_gpio.o(.text)
    GPIO_AFIODeInit                          0x08001115   Thumb Code    20  stm32f10x_gpio.o(.text)
    GPIO_Init                                0x08001129   Thumb Code   278  stm32f10x_gpio.o(.text)
    GPIO_StructInit                          0x0800123f   Thumb Code    16  stm32f10x_gpio.o(.text)
    GPIO_ReadInputDataBit                    0x0800124f   Thumb Code    18  stm32f10x_gpio.o(.text)
    GPIO_ReadInputData                       0x08001261   Thumb Code     8  stm32f10x_gpio.o(.text)
    GPIO_ReadOutputDataBit                   0x08001269   Thumb Code    18  stm32f10x_gpio.o(.text)
    GPIO_ReadOutputData                      0x0800127b   Thumb Code     8  stm32f10x_gpio.o(.text)
    GPIO_SetBits                             0x08001283   Thumb Code     4  stm32f10x_gpio.o(.text)
    GPIO_ResetBits                           0x08001287   Thumb Code     4  stm32f10x_gpio.o(.text)
    GPIO_WriteBit                            0x0800128b   Thumb Code    10  stm32f10x_gpio.o(.text)
    GPIO_Write                               0x08001295   Thumb Code     4  stm32f10x_gpio.o(.text)
    GPIO_PinLockConfig                       0x08001299   Thumb Code    18  stm32f10x_gpio.o(.text)
    GPIO_EventOutputConfig                   0x080012ab   Thumb Code    26  stm32f10x_gpio.o(.text)
    GPIO_EventOutputCmd                      0x080012c5   Thumb Code     6  stm32f10x_gpio.o(.text)
    GPIO_PinRemapConfig                      0x080012cb   Thumb Code   138  stm32f10x_gpio.o(.text)
    GPIO_EXTILineConfig                      0x08001355   Thumb Code    66  stm32f10x_gpio.o(.text)
    GPIO_ETH_MediaInterfaceConfig            0x08001397   Thumb Code     8  stm32f10x_gpio.o(.text)
    RCC_DeInit                               0x080013c5   Thumb Code    64  stm32f10x_rcc.o(.text)
    RCC_HSEConfig                            0x08001405   Thumb Code    70  stm32f10x_rcc.o(.text)
    RCC_GetFlagStatus                        0x0800144b   Thumb Code    56  stm32f10x_rcc.o(.text)
    RCC_WaitForHSEStartUp                    0x08001483   Thumb Code    56  stm32f10x_rcc.o(.text)
    RCC_AdjustHSICalibrationValue            0x080014bb   Thumb Code    20  stm32f10x_rcc.o(.text)
    RCC_HSICmd                               0x080014cf   Thumb Code     6  stm32f10x_rcc.o(.text)
    RCC_PLLConfig                            0x080014d5   Thumb Code    24  stm32f10x_rcc.o(.text)
    RCC_PLLCmd                               0x080014ed   Thumb Code     6  stm32f10x_rcc.o(.text)
    RCC_SYSCLKConfig                         0x080014f3   Thumb Code    18  stm32f10x_rcc.o(.text)
    RCC_GetSYSCLKSource                      0x08001505   Thumb Code    10  stm32f10x_rcc.o(.text)
    RCC_HCLKConfig                           0x0800150f   Thumb Code    18  stm32f10x_rcc.o(.text)
    RCC_PCLK1Config                          0x08001521   Thumb Code    18  stm32f10x_rcc.o(.text)
    RCC_PCLK2Config                          0x08001533   Thumb Code    20  stm32f10x_rcc.o(.text)
    RCC_ITConfig                             0x08001547   Thumb Code    26  stm32f10x_rcc.o(.text)
    RCC_USBCLKConfig                         0x08001561   Thumb Code     8  stm32f10x_rcc.o(.text)
    RCC_ADCCLKConfig                         0x08001569   Thumb Code    18  stm32f10x_rcc.o(.text)
    RCC_LSEConfig                            0x0800157b   Thumb Code    50  stm32f10x_rcc.o(.text)
    RCC_LSICmd                               0x080015ad   Thumb Code     6  stm32f10x_rcc.o(.text)
    RCC_RTCCLKConfig                         0x080015b3   Thumb Code    12  stm32f10x_rcc.o(.text)
    RCC_RTCCLKCmd                            0x080015bf   Thumb Code     8  stm32f10x_rcc.o(.text)
    RCC_GetClocksFreq                        0x080015c7   Thumb Code   192  stm32f10x_rcc.o(.text)
    RCC_AHBPeriphClockCmd                    0x08001687   Thumb Code    26  stm32f10x_rcc.o(.text)
    RCC_APB2PeriphClockCmd                   0x080016a1   Thumb Code    26  stm32f10x_rcc.o(.text)
    RCC_APB1PeriphClockCmd                   0x080016bb   Thumb Code    26  stm32f10x_rcc.o(.text)
    RCC_APB2PeriphResetCmd                   0x080016d5   Thumb Code    26  stm32f10x_rcc.o(.text)
    RCC_APB1PeriphResetCmd                   0x080016ef   Thumb Code    26  stm32f10x_rcc.o(.text)
    RCC_BackupResetCmd                       0x08001709   Thumb Code     8  stm32f10x_rcc.o(.text)
    RCC_ClockSecuritySystemCmd               0x08001711   Thumb Code     6  stm32f10x_rcc.o(.text)
    RCC_MCOConfig                            0x08001717   Thumb Code     6  stm32f10x_rcc.o(.text)
    RCC_ClearFlag                            0x0800171d   Thumb Code    14  stm32f10x_rcc.o(.text)
    RCC_GetITStatus                          0x0800172b   Thumb Code    20  stm32f10x_rcc.o(.text)
    RCC_ClearITPendingBit                    0x0800173f   Thumb Code     6  stm32f10x_rcc.o(.text)
    TIM_DeInit                               0x08001769   Thumb Code   424  stm32f10x_tim.o(.text)
    TIM_TimeBaseInit                         0x08001911   Thumb Code   122  stm32f10x_tim.o(.text)
    TIM_OC1Init                              0x0800198b   Thumb Code   132  stm32f10x_tim.o(.text)
    TIM_OC2Init                              0x08001a0f   Thumb Code   154  stm32f10x_tim.o(.text)
    TIM_OC3Init                              0x08001aa9   Thumb Code   150  stm32f10x_tim.o(.text)
    TIM_OC4Init                              0x08001b3f   Thumb Code   182  stm32f10x_tim.o(.text)
    TIM_SetIC4Prescaler                      0x08001bf5   Thumb Code    26  stm32f10x_tim.o(.text)
    TIM_SetIC3Prescaler                      0x08001c91   Thumb Code    18  stm32f10x_tim.o(.text)
    TIM_SetIC2Prescaler                      0x08001d1d   Thumb Code    26  stm32f10x_tim.o(.text)
    TIM_SetIC1Prescaler                      0x08001db9   Thumb Code    18  stm32f10x_tim.o(.text)
    TIM_ICInit                               0x08001e37   Thumb Code   150  stm32f10x_tim.o(.text)
    TIM_PWMIConfig                           0x08001ecd   Thumb Code   124  stm32f10x_tim.o(.text)
    TIM_BDTRConfig                           0x08001f49   Thumb Code    32  stm32f10x_tim.o(.text)
    TIM_TimeBaseStructInit                   0x08001f69   Thumb Code    18  stm32f10x_tim.o(.text)
    TIM_OCStructInit                         0x08001f7b   Thumb Code    20  stm32f10x_tim.o(.text)
    TIM_ICStructInit                         0x08001f8f   Thumb Code    18  stm32f10x_tim.o(.text)
    TIM_BDTRStructInit                       0x08001fa1   Thumb Code    40  stm32f10x_tim.o(.text)
    TIM_Cmd                                  0x08001fc9   Thumb Code    24  stm32f10x_tim.o(.text)
    TIM_CtrlPWMOutputs                       0x08001fe1   Thumb Code    30  stm32f10x_tim.o(.text)
    TIM_ITConfig                             0x08001fff   Thumb Code    18  stm32f10x_tim.o(.text)
    TIM_GenerateEvent                        0x08002011   Thumb Code     4  stm32f10x_tim.o(.text)
    TIM_DMAConfig                            0x08002015   Thumb Code    10  stm32f10x_tim.o(.text)
    TIM_DMACmd                               0x0800201f   Thumb Code    18  stm32f10x_tim.o(.text)
    TIM_InternalClockConfig                  0x08002031   Thumb Code    12  stm32f10x_tim.o(.text)
    TIM_SelectInputTrigger                   0x0800203d   Thumb Code    18  stm32f10x_tim.o(.text)
    TIM_ITRxExternalClockConfig              0x0800204f   Thumb Code    24  stm32f10x_tim.o(.text)
    TIM_TIxExternalClockConfig               0x08002067   Thumb Code    62  stm32f10x_tim.o(.text)
    TIM_ETRConfig                            0x080020a5   Thumb Code    28  stm32f10x_tim.o(.text)
    TIM_ETRClockMode1Config                  0x080020c1   Thumb Code    54  stm32f10x_tim.o(.text)
    TIM_ETRClockMode2Config                  0x080020f7   Thumb Code    32  stm32f10x_tim.o(.text)
    TIM_PrescalerConfig                      0x08002117   Thumb Code     6  stm32f10x_tim.o(.text)
    TIM_CounterModeConfig                    0x0800211d   Thumb Code    18  stm32f10x_tim.o(.text)
    TIM_EncoderInterfaceConfig               0x0800212f   Thumb Code    66  stm32f10x_tim.o(.text)
    TIM_ForcedOC1Config                      0x08002171   Thumb Code    18  stm32f10x_tim.o(.text)
    TIM_ForcedOC2Config                      0x08002183   Thumb Code    26  stm32f10x_tim.o(.text)
    TIM_ForcedOC3Config                      0x0800219d   Thumb Code    18  stm32f10x_tim.o(.text)
    TIM_ForcedOC4Config                      0x080021af   Thumb Code    26  stm32f10x_tim.o(.text)
    TIM_ARRPreloadConfig                     0x080021c9   Thumb Code    24  stm32f10x_tim.o(.text)
    TIM_SelectCOM                            0x080021e1   Thumb Code    24  stm32f10x_tim.o(.text)
    TIM_SelectCCDMA                          0x080021f9   Thumb Code    24  stm32f10x_tim.o(.text)
    TIM_CCPreloadControl                     0x08002211   Thumb Code    24  stm32f10x_tim.o(.text)
    TIM_OC1PreloadConfig                     0x08002229   Thumb Code    18  stm32f10x_tim.o(.text)
    TIM_OC2PreloadConfig                     0x0800223b   Thumb Code    26  stm32f10x_tim.o(.text)
    TIM_OC3PreloadConfig                     0x08002255   Thumb Code    18  stm32f10x_tim.o(.text)
    TIM_OC4PreloadConfig                     0x08002267   Thumb Code    26  stm32f10x_tim.o(.text)
    TIM_OC1FastConfig                        0x08002281   Thumb Code    18  stm32f10x_tim.o(.text)
    TIM_OC2FastConfig                        0x08002293   Thumb Code    26  stm32f10x_tim.o(.text)
    TIM_OC3FastConfig                        0x080022ad   Thumb Code    18  stm32f10x_tim.o(.text)
    TIM_OC4FastConfig                        0x080022bf   Thumb Code    26  stm32f10x_tim.o(.text)
    TIM_ClearOC1Ref                          0x080022d9   Thumb Code    18  stm32f10x_tim.o(.text)
    TIM_ClearOC2Ref                          0x080022eb   Thumb Code    24  stm32f10x_tim.o(.text)
    TIM_ClearOC3Ref                          0x08002303   Thumb Code    18  stm32f10x_tim.o(.text)
    TIM_ClearOC4Ref                          0x08002315   Thumb Code    24  stm32f10x_tim.o(.text)
    TIM_OC1PolarityConfig                    0x0800232d   Thumb Code    18  stm32f10x_tim.o(.text)
    TIM_OC1NPolarityConfig                   0x0800233f   Thumb Code    18  stm32f10x_tim.o(.text)
    TIM_OC2PolarityConfig                    0x08002351   Thumb Code    26  stm32f10x_tim.o(.text)
    TIM_OC2NPolarityConfig                   0x0800236b   Thumb Code    26  stm32f10x_tim.o(.text)
    TIM_OC3PolarityConfig                    0x08002385   Thumb Code    26  stm32f10x_tim.o(.text)
    TIM_OC3NPolarityConfig                   0x0800239f   Thumb Code    26  stm32f10x_tim.o(.text)
    TIM_OC4PolarityConfig                    0x080023b9   Thumb Code    26  stm32f10x_tim.o(.text)
    TIM_CCxCmd                               0x080023d3   Thumb Code    30  stm32f10x_tim.o(.text)
    TIM_CCxNCmd                              0x080023f1   Thumb Code    30  stm32f10x_tim.o(.text)
    TIM_SelectOCxM                           0x0800240f   Thumb Code    82  stm32f10x_tim.o(.text)
    TIM_UpdateDisableConfig                  0x08002461   Thumb Code    24  stm32f10x_tim.o(.text)
    TIM_UpdateRequestConfig                  0x08002479   Thumb Code    24  stm32f10x_tim.o(.text)
    TIM_SelectHallSensor                     0x08002491   Thumb Code    24  stm32f10x_tim.o(.text)
    TIM_SelectOnePulseMode                   0x080024a9   Thumb Code    18  stm32f10x_tim.o(.text)
    TIM_SelectOutputTrigger                  0x080024bb   Thumb Code    18  stm32f10x_tim.o(.text)
    TIM_SelectSlaveMode                      0x080024cd   Thumb Code    18  stm32f10x_tim.o(.text)
    TIM_SelectMasterSlaveMode                0x080024df   Thumb Code    18  stm32f10x_tim.o(.text)
    TIM_SetCounter                           0x080024f1   Thumb Code     4  stm32f10x_tim.o(.text)
    TIM_SetAutoreload                        0x080024f5   Thumb Code     4  stm32f10x_tim.o(.text)
    TIM_SetCompare1                          0x080024f9   Thumb Code     4  stm32f10x_tim.o(.text)
    TIM_SetCompare2                          0x080024fd   Thumb Code     4  stm32f10x_tim.o(.text)
    TIM_SetCompare3                          0x08002501   Thumb Code     4  stm32f10x_tim.o(.text)
    TIM_SetCompare4                          0x08002505   Thumb Code     6  stm32f10x_tim.o(.text)
    TIM_SetClockDivision                     0x0800250b   Thumb Code    18  stm32f10x_tim.o(.text)
    TIM_GetCapture1                          0x0800251d   Thumb Code     6  stm32f10x_tim.o(.text)
    TIM_GetCapture2                          0x08002523   Thumb Code     6  stm32f10x_tim.o(.text)
    TIM_GetCapture3                          0x08002529   Thumb Code     6  stm32f10x_tim.o(.text)
    TIM_GetCapture4                          0x0800252f   Thumb Code     8  stm32f10x_tim.o(.text)
    TIM_GetCounter                           0x08002537   Thumb Code     6  stm32f10x_tim.o(.text)
    TIM_GetPrescaler                         0x0800253d   Thumb Code     6  stm32f10x_tim.o(.text)
    TIM_GetFlagStatus                        0x08002543   Thumb Code    18  stm32f10x_tim.o(.text)
    TIM_ClearFlag                            0x08002555   Thumb Code     6  stm32f10x_tim.o(.text)
    TIM_GetITStatus                          0x0800255b   Thumb Code    34  stm32f10x_tim.o(.text)
    TIM_ClearITPendingBit                    0x0800257d   Thumb Code     6  stm32f10x_tim.o(.text)
    IWDG_WriteAccessCmd                      0x08002585   Thumb Code     6  stm32f10x_iwdg.o(.text)
    IWDG_SetPrescaler                        0x0800258b   Thumb Code     6  stm32f10x_iwdg.o(.text)
    IWDG_SetReload                           0x08002591   Thumb Code     6  stm32f10x_iwdg.o(.text)
    IWDG_ReloadCounter                       0x08002597   Thumb Code    10  stm32f10x_iwdg.o(.text)
    IWDG_Enable                              0x080025a1   Thumb Code    10  stm32f10x_iwdg.o(.text)
    IWDG_GetFlagStatus                       0x080025ab   Thumb Code    20  stm32f10x_iwdg.o(.text)
    EXTI_DeInit                              0x080025c5   Thumb Code    28  stm32f10x_exti.o(.text)
    EXTI_Init                                0x080025e1   Thumb Code   142  stm32f10x_exti.o(.text)
    EXTI_StructInit                          0x0800266f   Thumb Code    16  stm32f10x_exti.o(.text)
    EXTI_GenerateSWInterrupt                 0x0800267f   Thumb Code    16  stm32f10x_exti.o(.text)
    EXTI_GetFlagStatus                       0x0800268f   Thumb Code    22  stm32f10x_exti.o(.text)
    EXTI_ClearFlag                           0x080026a5   Thumb Code     8  stm32f10x_exti.o(.text)
    EXTI_GetITStatus                         0x080026ad   Thumb Code    34  stm32f10x_exti.o(.text)
    EXTI_ClearITPendingBit                   0x080026cf   Thumb Code     8  stm32f10x_exti.o(.text)
    rfParserTask_Init                        0x080026e1   Thumb Code    34  cc1101_parser.o(.text)
    CfgProcessData                           0x08002703   Thumb Code   380  cc1101_parser.o(.text)
    CfgParserPacket_v1                       0x0800287f   Thumb Code   152  cc1101_parser.o(.text)
    rfParserTask                             0x08002917   Thumb Code    48  cc1101_parser.o(.text)
    TM_BUTTON_Init                           0x080029dd   Thumb Code    92  button.o(.text)
    TM_BUTTON_SetPressTime                   0x08002a39   Thumb Code     6  button.o(.text)
    TM_BUTTON_INT_CheckButton                0x08002a3f   Thumb Code   158  button.o(.text)
    TM_BUTTON_Update                         0x08002add   Thumb Code    12  button.o(.text)
    RINGBUF_Init                             0x08002ae9   Thumb Code    30  ringbuf.o(.text)
    RINGBUF_Put                              0x08002b07   Thumb Code    42  ringbuf.o(.text)
    RINGBUF_Get                              0x08002b31   Thumb Code    46  ringbuf.o(.text)
    RINGBUF_GetFill                          0x08002b5f   Thumb Code    30  ringbuf.o(.text)
    EXTI_Config                              0x08002b7d   Thumb Code   196  exti.o(.text)
    EXTI9_5_IRQHandler                       0x08002c41   Thumb Code    22  exti.o(.text)
    EXTI15_10_IRQHandler                     0x08002c57   Thumb Code    22  exti.o(.text)
    SysTick_Init                             0x08002c7d   Thumb Code     2  sys_tick.o(.text)
    SysTick_DeInit                           0x08002c7f   Thumb Code     2  sys_tick.o(.text)
    SysTick_Task                             0x08002c81   Thumb Code    58  sys_tick.o(.text)
    SysTick_Get                              0x08002cbb   Thumb Code     6  sys_tick.o(.text)
    SysTick_Get64                            0x08002cc1   Thumb Code     8  sys_tick.o(.text)
    SysTick_GetSec                           0x08002cc9   Thumb Code     6  sys_tick.o(.text)
    SysTick_DelayMs                          0x08002ccf   Thumb Code    24  sys_tick.o(.text)
    InitTimeout                              0x08002ce7   Thumb Code    22  sys_tick.o(.text)
    CheckTimeout                             0x08002cfd   Thumb Code    70  sys_tick.o(.text)
    TimerDelayms                             0x08002d43   Thumb Code    48  sys_tick.o(.text)
    USART2_Init                              0x08002d81   Thumb Code   270  uart2.o(.text)
    USART2_DeInit                            0x08002e8f   Thumb Code    26  uart2.o(.text)
    USART2_PutChar                           0x08002ea9   Thumb Code    24  uart2.o(.text)
    USART2_GetChar                           0x08002ec1   Thumb Code    26  uart2.o(.text)
    USART2_IRQHandler                        0x08002edb   Thumb Code    42  uart2.o(.text)
    __GFXReadFontData                        0x08002f1d   Thumb Code    10  font.o(.text)
    GFXSetFont                               0x08002f27   Thumb Code     6  font.o(.text)
    p10RGB_timer_init                        0x08002f31   Thumb Code   110  p10matrix_rgb.o(.text)
    p10RGB_PinModeOutput                     0x08002f9f   Thumb Code    32  p10matrix_rgb.o(.text)
    p10RGB_DispOff                           0x08002fbf   Thumb Code    14  p10matrix_rgb.o(.text)
    p10RGB_pinout_init                       0x08002fcd   Thumb Code   170  p10matrix_rgb.o(.text)
    p10RGB_begin                             0x08003077   Thumb Code    16  p10matrix_rgb.o(.text)
    p10RGB_DispOn                            0x08003087   Thumb Code    14  p10matrix_rgb.o(.text)
    p10RGB_SelCh                             0x08003095   Thumb Code    86  p10matrix_rgb.o(.text)
    p10RGB_Latch                             0x080030eb   Thumb Code    24  p10matrix_rgb.o(.text)
    p10RGB_Pulse                             0x08003103   Thumb Code    24  p10matrix_rgb.o(.text)
    p10RGB_Scan                              0x0800311b   Thumb Code   222  p10matrix_rgb.o(.text)
    frameClear                               0x0800320d   Thumb Code    28  framebuffer.o(.text)
    frameInit                                0x08003229   Thumb Code    48  framebuffer.o(.text)
    frame_BufferClear                        0x08003259   Thumb Code    54  framebuffer.o(.text)
    frameUpdate                              0x0800328f   Thumb Code    26  framebuffer.o(.text)
    frameFill                                0x080032a9   Thumb Code    28  framebuffer.o(.text)
    framePutPixel                            0x080032c5   Thumb Code    86  framebuffer.o(.text)
    GFXPutCharXY                             0x0800331b   Thumb Code   412  framebuffer.o(.text)
    GFXGetCharWidth                          0x080034b7   Thumb Code    24  framebuffer.o(.text)
    GFXWriteStringXY                         0x080034cf   Thumb Code    76  framebuffer.o(.text)
    GFXGetStringWidth                        0x0800351b   Thumb Code    46  framebuffer.o(.text)
    GFXGetStringWidthN                       0x08003549   Thumb Code    72  framebuffer.o(.text)
    CharIndexOfPixel                         0x08003591   Thumb Code    32  framebuffer.o(.text)
    ScrollMsgTask                            0x080035b1   Thumb Code   256  framebuffer.o(.text)
    __aeabi_memcpy                           0x080036bd   Thumb Code    36  memcpya.o(.text)
    __aeabi_memcpy4                          0x080036bd   Thumb Code     0  memcpya.o(.text)
    __aeabi_memcpy8                          0x080036bd   Thumb Code     0  memcpya.o(.text)
    __aeabi_memset                           0x080036e1   Thumb Code    14  memseta.o(.text)
    __aeabi_memset4                          0x080036e1   Thumb Code     0  memseta.o(.text)
    __aeabi_memset8                          0x080036e1   Thumb Code     0  memseta.o(.text)
    __aeabi_memclr                           0x080036ef   Thumb Code     4  memseta.o(.text)
    __aeabi_memclr4                          0x080036ef   Thumb Code     0  memseta.o(.text)
    __aeabi_memclr8                          0x080036ef   Thumb Code     0  memseta.o(.text)
    _memset$wrapper                          0x080036f3   Thumb Code    18  memseta.o(.text)
    strlen                                   0x08003705   Thumb Code    14  strlen.o(.text)
    memcmp                                   0x08003713   Thumb Code    26  memcmp.o(.text)
    strcpy                                   0x0800372d   Thumb Code    18  strcpy.o(.text)
    __0sscanf                                0x08003741   Thumb Code    48  __0sscanf.o(.text)
    _scanf_int                               0x08003779   Thumb Code   332  _scanf_int.o(.text)
    _scanf_string                            0x080038c5   Thumb Code   224  _scanf_str.o(.text)
    atoi                                     0x080039a5   Thumb Code    26  atoi.o(.text)
    __aeabi_uidiv                            0x080039bf   Thumb Code     0  uidiv.o(.text)
    __aeabi_uidivmod                         0x080039bf   Thumb Code    44  uidiv.o(.text)
    _chval                                   0x080039eb   Thumb Code    28  _chval.o(.text)
    __vfscanf_char                           0x08003a15   Thumb Code    20  scanf_char.o(.text)
    _sgetc                                   0x08003a31   Thumb Code    30  _sgetc.o(.text)
    _sbackspace                              0x08003a4f   Thumb Code    34  _sgetc.o(.text)
    strtol                                   0x08003a71   Thumb Code   112  strtol.o(.text)
    __scatterload                            0x08003ae1   Thumb Code    28  init.o(.text)
    __scatterload_rt2                        0x08003ae1   Thumb Code     0  init.o(.text)
    __rt_ctype_table                         0x08003b05   Thumb Code     4  ctype_o.o(.text)
    isspace                                  0x08003b0d   Thumb Code    18  isspace_o.o(.text)
    __vfscanf                                0x08003b21   Thumb Code   808  _scanf.o(.text)
    _strtoul                                 0x08003e4d   Thumb Code   158  _strtoul.o(.text)
    __decompress                             0x08003eeb   Thumb Code     0  __dczerorl2.o(.text)
    __decompress1                            0x08003eeb   Thumb Code    86  __dczerorl2.o(.text)
    __0sprintf$6                             0x08003f41   Thumb Code    34  printf6.o(i.__0sprintf$6)
    __1sprintf$6                             0x08003f41   Thumb Code     0  printf6.o(i.__0sprintf$6)
    __2sprintf                               0x08003f41   Thumb Code     0  printf6.o(i.__0sprintf$6)
    __aeabi_errno_addr                       0x08003f69   Thumb Code     4  errno.o(i.__aeabi_errno_addr)
    __rt_errno_addr                          0x08003f69   Thumb Code     0  errno.o(i.__aeabi_errno_addr)
    __scatterload_copy                       0x08003f71   Thumb Code    14  handlers.o(i.__scatterload_copy)
    __scatterload_null                       0x08003f7f   Thumb Code     2  handlers.o(i.__scatterload_null)
    __scatterload_zeroinit                   0x08003f81   Thumb Code    14  handlers.o(i.__scatterload_zeroinit)
    __ctype_table                            0x080042dc   Data         129  ctype_o.o(.constdata)
    Region$$Table$$Base                      0x08004364   Number         0  anon$$obj.o(Region$$Table)
    Region$$Table$$Limit                     0x08004384   Number         0  anon$$obj.o(Region$$Table)
    SystemCoreClock                          0x20000000   Data           4  system_stm32f10x.o(.data)
    AHBPrescTable                            0x20000004   Data          16  system_stm32f10x.o(.data)
    btn1Cnt                                  0x20000014   Data           1  main.o(.data)
    remoteIndex                              0x20000015   Data           1  main.o(.data)
    saveConfigFlag                           0x20000016   Data           1  system_config.o(.data)
    displayState                             0x20000018   Data           1  display_task.o(.data)
    dot_effect                               0x20000019   Data           1  display_task.o(.data)
    TotalDuration                            0x2000001c   Data           4  display_task.o(.data)
    TimeLeft                                 0x20000020   Data           4  display_task.o(.data)
    TimeStart                                0x20000024   Data           4  display_task.o(.data)
    RF_Receive_Phase                         0x2000003c   Data           1  cc1101_receiver.o(.data)
    receiveTick                              0x20000040   Data           4  cc1101_receiver.o(.data)
    rfDataIncomingFlag                       0x20000044   Data           1  cc1101_receiver.o(.data)
    rfPacketLength                           0x20000046   Data           2  cc1101_receiver.o(.data)
    rfStatus                                 0x20000048   Data           2  cc1101_receiver.o(.data)
    rfParserPacket                           0x2000004a   Data           8  cc1101_parser.o(.data)
    sysTickTimeSec                           0x20000058   Data           4  sys_tick.o(.data)
    sysTickCounter32                         0x2000005c   Data           4  sys_tick.o(.data)
    sysTickCounter64                         0x20000060   Data           8  sys_tick.o(.data)
    font                                     0x20000068   Data           4  font.o(.data)
    p10RGB_ch                                0x2000006c   Data           1  p10matrix_rgb.o(.data)
    toggleTick                               0x20000070   Data           4  p10matrix_rgb.o(.data)
    toggleStatus                             0x20000074   Data           4  p10matrix_rgb.o(.data)
    tButtonTimeout                           0x20000264   Data          12  main.o(.bss)
    sysCfg                                   0x20000270   Data         257  system_config.o(.bss)
    tDispCheckOut                            0x20000374   Data          12  display_task.o(.bss)
    tRefresh                                 0x20000380   Data          12  display_task.o(.bss)
    _rfParser_RxRingBuff                     0x2000038c   Data         256  cc1101_parser.o(.bss)
    rfParser_RxRingBuff                      0x2000048c   Data          16  cc1101_parser.o(.bss)
    rfProtoRecv                              0x2000049c   Data          12  cc1101_parser.o(.bss)
    rfDataBuff                               0x200004a8   Data         256  cc1101_parser.o(.bss)
    TM_Button_1                              0x200005a8   Data          28  button.o(.bss)
    framebuffer_displaybuffer                0x200005c4   Data          64  framebuffer.o(.bss)
    framebuffer_writebuffer                  0x20000604   Data          64  framebuffer.o(.bss)
    screen                                   0x20000644   Data         136  framebuffer.o(.bss)
    tScrollMsg                               0x200006cc   Data          12  framebuffer.o(.bss)
    __initial_sp                             0x20000ad8   Data           0  startup_stm32f10x_md.o(STACK)



==============================================================================

Memory Map of the image

  Image Entry point : 0x080000ed

  Load Region LR_IROM1 (Base: 0x08000000, Size: 0x000045e8, Max: 0x00010000, ABSOLUTE, COMPRESSED[0x00004554])

    Execution Region ER_IROM1 (Base: 0x08000000, Size: 0x00004384, Max: 0x00010000, ABSOLUTE)

    Base Addr    Size         Type   Attr      Idx    E Section Name        Object

    0x08000000   0x000000ec   Data   RO          116    RESET               startup_stm32f10x_md.o
    0x080000ec   0x00000000   Code   RO          833  * .ARM.Collect$$$$00000000  mc_w.l(entry.o)
    0x080000ec   0x00000004   Code   RO         1124    .ARM.Collect$$$$00000001  mc_w.l(entry2.o)
    0x080000f0   0x00000004   Code   RO         1127    .ARM.Collect$$$$00000004  mc_w.l(entry5.o)
    0x080000f4   0x00000000   Code   RO         1129    .ARM.Collect$$$$00000008  mc_w.l(entry7b.o)
    0x080000f4   0x00000000   Code   RO         1131    .ARM.Collect$$$$0000000A  mc_w.l(entry8b.o)
    0x080000f4   0x00000008   Code   RO         1132    .ARM.Collect$$$$0000000B  mc_w.l(entry9a.o)
    0x080000fc   0x00000000   Code   RO         1134    .ARM.Collect$$$$0000000D  mc_w.l(entry10a.o)
    0x080000fc   0x00000000   Code   RO         1136    .ARM.Collect$$$$0000000F  mc_w.l(entry11a.o)
    0x080000fc   0x00000004   Code   RO         1125    .ARM.Collect$$$$00002712  mc_w.l(entry2.o)
    0x08000100   0x000001e0   Code   RO           17    .text               system_stm32f10x.o
    0x080002e0   0x00000024   Code   RO          117    .text               startup_stm32f10x_md.o
    0x08000304   0x00000040   Code   RO          121    .text               hw_config.o
    0x08000344   0x0000028c   Code   RO          185    .text               main.o
    0x080005d0   0x000001c8   Code   RO          255    .text               system_config.o
    0x08000798   0x00000054   Code   RO          274    .text               stm32f10x_it.o
    0x080007ec   0x000001e4   Code   RO          294    .text               display_task.o
    0x080009d0   0x000000dc   Code   RO          330    .text               misc.o
    0x08000aac   0x000005bc   Code   RO          354    .text               stm32f10x_flash.o
    0x08001068   0x0000035c   Code   RO          366    .text               stm32f10x_gpio.o
    0x080013c4   0x000003a4   Code   RO          390    .text               stm32f10x_rcc.o
    0x08001768   0x00000e1a   Code   RO          440    .text               stm32f10x_tim.o
    0x08002582   0x00000002   PAD
    0x08002584   0x00000040   Code   RO          452    .text               stm32f10x_iwdg.o
    0x080025c4   0x0000011c   Code   RO          476    .text               stm32f10x_exti.o
    0x080026e0   0x000002fc   Code   RO          519    .text               cc1101_parser.o
    0x080029dc   0x0000010c   Code   RO          572    .text               button.o
    0x08002ae8   0x00000094   Code   RO          590    .text               ringbuf.o
    0x08002b7c   0x00000100   Code   RO          602    .text               exti.o
    0x08002c7c   0x00000104   Code   RO          621    .text               sys_tick.o
    0x08002d80   0x0000019c   Code   RO          636    .text               uart2.o
    0x08002f1c   0x00000014   Code   RO          648    .text               font.o
    0x08002f30   0x000002dc   Code   RO          669    .text               p10matrix_rgb.o
    0x0800320c   0x000004b0   Code   RO          694    .text               framebuffer.o
    0x080036bc   0x00000024   Code   RO          841    .text               mc_w.l(memcpya.o)
    0x080036e0   0x00000024   Code   RO          843    .text               mc_w.l(memseta.o)
    0x08003704   0x0000000e   Code   RO          845    .text               mc_w.l(strlen.o)
    0x08003712   0x0000001a   Code   RO          849    .text               mc_w.l(memcmp.o)
    0x0800372c   0x00000012   Code   RO          851    .text               mc_w.l(strcpy.o)
    0x0800373e   0x00000002   PAD
    0x08003740   0x00000038   Code   RO         1116    .text               mc_w.l(__0sscanf.o)
    0x08003778   0x0000014c   Code   RO         1118    .text               mc_w.l(_scanf_int.o)
    0x080038c4   0x000000e0   Code   RO         1120    .text               mc_w.l(_scanf_str.o)
    0x080039a4   0x0000001a   Code   RO         1122    .text               mc_w.l(atoi.o)
    0x080039be   0x0000002c   Code   RO         1139    .text               mc_w.l(uidiv.o)
    0x080039ea   0x0000001c   Code   RO         1150    .text               mc_w.l(_chval.o)
    0x08003a06   0x00000002   PAD
    0x08003a08   0x00000028   Code   RO         1152    .text               mc_w.l(scanf_char.o)
    0x08003a30   0x00000040   Code   RO         1154    .text               mc_w.l(_sgetc.o)
    0x08003a70   0x00000070   Code   RO         1156    .text               mc_w.l(strtol.o)
    0x08003ae0   0x00000024   Code   RO         1170    .text               mc_w.l(init.o)
    0x08003b04   0x00000008   Code   RO         1180    .text               mc_w.l(ctype_o.o)
    0x08003b0c   0x00000012   Code   RO         1202    .text               mc_w.l(isspace_o.o)
    0x08003b1e   0x00000002   PAD
    0x08003b20   0x0000032c   Code   RO         1208    .text               mc_w.l(_scanf.o)
    0x08003e4c   0x0000009e   Code   RO         1210    .text               mc_w.l(_strtoul.o)
    0x08003eea   0x00000056   Code   RO         1225    .text               mc_w.l(__dczerorl2.o)
    0x08003f40   0x00000028   Code   RO         1012    i.__0sprintf$6      mc_w.l(printf6.o)
    0x08003f68   0x00000008   Code   RO         1143    i.__aeabi_errno_addr  mc_w.l(errno.o)
    0x08003f70   0x0000000e   Code   RO         1219    i.__scatterload_copy  mc_w.l(handlers.o)
    0x08003f7e   0x00000002   Code   RO         1220    i.__scatterload_null  mc_w.l(handlers.o)
    0x08003f80   0x0000000e   Code   RO         1221    i.__scatterload_zeroinit  mc_w.l(handlers.o)
    0x08003f8e   0x00000002   PAD
    0x08003f90   0x000002f0   Code   RO         1017    i._printf_core      mc_w.l(printf6.o)
    0x08004280   0x00000024   Code   RO         1018    i._printf_post_padding  mc_w.l(printf6.o)
    0x080042a4   0x0000002e   Code   RO         1019    i._printf_pre_padding  mc_w.l(printf6.o)
    0x080042d2   0x0000000a   Code   RO         1021    i._sputc            mc_w.l(printf6.o)
    0x080042dc   0x00000081   Data   RO         1181    .constdata          mc_w.l(ctype_o.o)
    0x0800435d   0x00000003   PAD
    0x08004360   0x00000004   Data   RO         1182    .constdata          mc_w.l(ctype_o.o)
    0x08004364   0x00000020   Data   RO         1217    Region$$Table       anon$$obj.o


    Execution Region RW_IRAM1 (Base: 0x20000000, Size: 0x00000ad8, Max: 0x00005000, ABSOLUTE, COMPRESSED[0x000001d0])

    Base Addr    Size         Type   Attr      Idx    E Section Name        Object

    0x20000000   0x00000014   Data   RW           18    .data               system_stm32f10x.o
    0x20000014   0x00000002   Data   RW          187    .data               main.o
    0x20000016   0x00000001   Data   RW          257    .data               system_config.o
    0x20000017   0x00000001   PAD
    0x20000018   0x00000010   Data   RW          296    .data               display_task.o
    0x20000028   0x00000014   Data   RW          391    .data               stm32f10x_rcc.o
    0x2000003c   0x0000000e   Data   RW          502    .data               cc1101_receiver.o
    0x2000004a   0x00000008   Data   RW          521    .data               cc1101_parser.o
    0x20000052   0x00000006   PAD
    0x20000058   0x00000010   Data   RW          622    .data               sys_tick.o
    0x20000068   0x00000004   Data   RW          649    .data               font.o
    0x2000006c   0x0000000c   Data   RW          670    .data               p10matrix_rgb.o
    0x20000078   0x000001e8   Data   RW          697    .data               framebuffer.o
    0x20000260   0x00000004   Data   RW         1146    .data               mc_w.l(errno.o)
    0x20000264   0x0000000c   Zero   RW          186    .bss                main.o
    0x20000270   0x00000101   Zero   RW          256    .bss                system_config.o
    0x20000371   0x00000003   PAD
    0x20000374   0x00000018   Zero   RW          295    .bss                display_task.o
    0x2000038c   0x0000021c   Zero   RW          520    .bss                cc1101_parser.o
    0x200005a8   0x0000001c   Zero   RW          573    .bss                button.o
    0x200005c4   0x00000114   Zero   RW          695    .bss                framebuffer.o
    0x200006d8   0x00000400   Zero   RW          114    STACK               startup_stm32f10x_md.o


==============================================================================

Image component sizes


      Code (inc. data)   RO Data    RW Data    ZI Data      Debug   Object Name

       268          0          0          0         28       3357   button.o
       764        156          0          8        540       4082   cc1101_parser.o
         0          0          0         14          0       1211   cc1101_receiver.o
         0          0          0          0          0       4532   core_cm3.o
       484         76          0         16         24       2009   display_task.o
       256         16          0          0          0      16149   exti.o
        20          4          0          4          0       1190   font.o
      1200         54          0        488        276       7646   framebuffer.o
        64          6          0          0          0       2588   hw_config.o
       652         50          0          2         12      18639   main.o
       220         22          0          0          0       1969   misc.o
       732         20          0         12          0       3205   p10matrix_rgb.o
       148          0          0          0          0       1759   ringbuf.o
        36          8        236          0       1024        932   startup_stm32f10x_md.o
       284         10          0          0          0       2423   stm32f10x_exti.o
      1468         34          0          0          0       8374   stm32f10x_flash.o
       860         38          0          0          0       5901   stm32f10x_gpio.o
        84         16          0          0          0      16004   stm32f10x_it.o
        64          6          0          0          0       1349   stm32f10x_iwdg.o
       932         36          0         20          0       9124   stm32f10x_rcc.o
      3610         88          0          0          0      23008   stm32f10x_tim.o
       260         14          0         16          0       3001   sys_tick.o
       456         38          0          1        257       3477   system_config.o
       480         38          0         20          0     252383   system_stm32f10x.o
       412         24          0          0          0       1504   uart2.o

    ----------------------------------------------------------------------
     13756        754        268        608       2164     395816   Object Totals
         0          0         32          0          0          0   (incl. Generated)
         2          0          0          7          3          0   (incl. Padding)

    ----------------------------------------------------------------------

      Code (inc. data)   RO Data    RW Data    ZI Data      Debug   Library Member Name

        56          8          0          0          0         84   __0sscanf.o
        86          0          0          0          0          0   __dczerorl2.o
        28          0          0          0          0         68   _chval.o
       812          4          0          0          0        112   _scanf.o
       332          0          0          0          0         96   _scanf_int.o
       224          0          0          0          0         96   _scanf_str.o
        64          0          0          0          0         84   _sgetc.o
       158          0          0          0          0         92   _strtoul.o
        26          0          0          0          0         80   atoi.o
         8          4        133          0          0         68   ctype_o.o
         0          0          0          0          0          0   entry.o
         0          0          0          0          0          0   entry10a.o
         0          0          0          0          0          0   entry11a.o
         8          4          0          0          0          0   entry2.o
         4          0          0          0          0          0   entry5.o
         0          0          0          0          0          0   entry7b.o
         0          0          0          0          0          0   entry8b.o
         8          4          0          0          0          0   entry9a.o
         8          4          0          4          0         68   errno.o
        30          0          0          0          0          0   handlers.o
        36          8          0          0          0         68   init.o
        18          0          0          0          0         76   isspace_o.o
        26          0          0          0          0         80   memcmp.o
        36          0          0          0          0         68   memcpya.o
        36          0          0          0          0        108   memseta.o
       884         10          0          0          0        420   printf6.o
        40          8          0          0          0         84   scanf_char.o
        18          0          0          0          0         68   strcpy.o
        14          0          0          0          0         68   strlen.o
       112          0          0          0          0         88   strtol.o
        44          0          0          0          0         80   uidiv.o

    ----------------------------------------------------------------------
      3124         54        136          4          0       2056   Library Totals
         8          0          3          0          0          0   (incl. Padding)

    ----------------------------------------------------------------------

      Code (inc. data)   RO Data    RW Data    ZI Data      Debug   Library Name

      3116         54        133          4          0       2056   mc_w.l

    ----------------------------------------------------------------------
      3124         54        136          4          0       2056   Library Totals

    ----------------------------------------------------------------------

==============================================================================


      Code (inc. data)   RO Data    RW Data    ZI Data      Debug   

     16880        808        404        612       2164     394880   Grand Totals
     16880        808        404        464       2164     394880   ELF Image Totals (compressed)
     16880        808        404        464          0          0   ROM Totals

==============================================================================

    Total RO  Size (Code + RO Data)                17284 (  16.88kB)
    Total RW  Size (RW Data + ZI Data)              2776 (   2.71kB)
    Total ROM Size (Code + RO Data + RW Data)      17748 (  17.33kB)

==============================================================================

