<html>
<body>
<pre>
<h1>µVision Build Log</h1>
<h2>Tool Versions:</h2>
IDE-Version: µVision V5.17.0.0
Copyright (C) 2015 ARM Ltd and ARM Germany GmbH. All rights reserved.
License Information: Hai Do, IKY, LIC=----
 
Tool Versions:
Toolchain:       MDK-Lite  Version: 5.17
Toolchain Path:  C:\Keil_v5\ARM\ARMCC\Bin
C Compiler:      Armcc.exe V5.06 update 1 (build 61)
Assembler:       Armasm.exe V5.06 update 1 (build 61)
Linker/Locator:  ArmLink.exe V5.06 update 1 (build 61)
Library Manager: ArmAr.exe V5.06 update 1 (build 61)
Hex Converter:   FromElf.exe V5.06 update 1 (build 61)
CPU DLL:         SARMCM3.DLL V5.17
Dialog DLL:      DCM.DLL V1.13.4.0
Target DLL:      Segger\JL2CM3.dll V2.99.16.0
Dialog DLL:      TCM.DLL V1.14.6.0
 
<h2>Project:</h2>
E:\GitHub\IKY-BANG-LED\Firmware\main\Projects\IKY-Countdown-20180417 -ExternalRFModule\IKY_COUNTDOWN.uvprojx
Project File Date:  05/07/2018

<h2>Output:</h2>
*** Using Compiler 'V5.06 update 1 (build 61)', folder: 'C:\Keil_v5\ARM\ARMCC\Bin'
Build target 'DEBUG'
compiling core_cm3.c...
compiling system_stm32f10x.c...
assembling startup_stm32f10x_md.s...
compiling hw_config.c...
compiling main.c...
compiling system_config.c...
compiling stm32f10x_it.c...
compiling display_task.c...
compiling stm32f10x_usart.c...
compiling misc.c...
compiling stm32f10x_cec.c...
compiling stm32f10x_flash.c...
compiling stm32f10x_gpio.c...
compiling stm32f10x_pwr.c...
compiling stm32f10x_rcc.c...
compiling stm32f10x_rtc.c...
compiling stm32f10x_spi.c...
compiling stm32f10x_bkp.c...
compiling stm32f10x_tim.c...
compiling stm32f10x_iwdg.c...
compiling stm32f10x_crc.c...
compiling stm32f10x_exti.c...
compiling cc1101.c...
_user\src\cc1101.c(186): warning:  #550-D: variable "CC1101_ID" was set but never used
        uint8_t  CC1101_ID;
_user\src\cc1101.c(187): warning:  #550-D: variable "CC1101_Ver" was set but never used
        uint8_t  CC1101_Ver;
_user\src\cc1101.c: 2 warnings, 0 errors
compiling cc1101_receiver.c...
compiling cc1101_parser.c...
compiling tick.c...
compiling button.c...
compiling ringbuf.c...
compiling exti.c...
compiling sys_tick.c...
compiling uart2.c...
compiling font.c...
compiling p10matrix_rgb.c...
compiling framebuffer.c...
compiling p10matrix.c...
compiling RTT_Log.c...
compiling SEGGER_RTT.c...
compiling SEGGER_RTT_printf.c...
compiling SEGGER_RTT_Syscalls_KEIL.c...
linking...
Program Size: Code=16880 RO-data=404 RW-data=612 ZI-data=2164  
FromELF: creating hex file...
".\_out\IKY_SLED_1_0_5.axf" - 0 Error(s), 2 Warning(s).

<h2>Collection of Component include folders:</h2>
  E:\GitHub\IKY-BANG-LED\Firmware\main\Projects\IKY-Countdown-20180417 -ExternalRFModule\RTE
  C:\Keil_v5\ARM\PACK\Keil\STM32F1xx_DFP\2.2.0\Device\Include

<h2>Collection of Component Files used:</h2>
Build Time Elapsed:  00:00:22
</pre>
</body>
</html>
