Component: ARM Compiler 5.06 update 1 (build 61) Tool: armlink [4d35a8]

==============================================================================

Section Cross References

    system_stm32f10x.o(.text) refers to system_stm32f10x.o(.data) for SystemCoreClock
    startup_stm32f10x_md.o(RESET) refers to startup_stm32f10x_md.o(STACK) for __initial_sp
    startup_stm32f10x_md.o(RESET) refers to startup_stm32f10x_md.o(.text) for Reset_Handler
    startup_stm32f10x_md.o(RESET) refers to stm32f10x_it.o(.text) for HardFault_Handler
    startup_stm32f10x_md.o(RESET) refers to exti.o(.text) for EXTI9_5_IRQHandler
    startup_stm32f10x_md.o(RESET) refers to hw_config.o(.text) for TIM3_IRQHandler
    startup_stm32f10x_md.o(RESET) refers to uart1.o(.text) for USART1_IRQHandler
    startup_stm32f10x_md.o(RESET) refers to uart2.o(.text) for USART2_IRQHandler
    startup_stm32f10x_md.o(RESET) refers to uart3.o(.text) for USART3_IRQHandler
    startup_stm32f10x_md.o(.text) refers to system_stm32f10x.o(.text) for SystemInit
    startup_stm32f10x_md.o(.text) refers to entry.o(.ARM.Collect$$$$00000000) for __main
    hw_config.o(.text) refers to stm32f10x_gpio.o(.text) for GPIO_Init
    hw_config.o(.text) refers to stm32f10x_tim.o(.text) for TIM_GetITStatus
    hw_config.o(.text) refers to p10matrix_rgb.o(.text) for p10RGB_Scan
    main.o(.text) refers to sys_tick.o(.text) for CheckTimeout
    main.o(.text) refers to stm32f10x_iwdg.o(.text) for IWDG_WriteAccessCmd
    main.o(.text) refers to stm32f10x_rcc.o(.text) for RCC_GetFlagStatus
    main.o(.text) refers to rtt_log.o(.text) for log_rtt_printf
    main.o(.text) refers to stm32f10x_flash.o(.text) for FLASH_SetLatency
    main.o(.text) refers to stm32f10x_gpio.o(.text) for GPIO_PinRemapConfig
    main.o(.text) refers to uart1.o(.text) for USART1_Init
    main.o(.text) refers to uart2.o(.text) for USART2_Init
    main.o(.text) refers to uart3.o(.text) for USART3_Init
    main.o(.text) refers to system_config.o(.text) for CFG_Load
    main.o(.text) refers to display_task.o(.text) for DisplayTask_Init
    main.o(.text) refers to framebuffer.o(.text) for frameInit
    main.o(.text) refers to p10matrix_rgb.o(.text) for p10RGB_begin
    main.o(.text) refers to cc1101_parser.o(.text) for rfParserTask_Init
    main.o(.text) refers to button.o(.text) for TM_BUTTON_Init
    main.o(.text) refers to uart_parser.o(.text) for UART_GetInfo
    main.o(.text) refers to main.o(.bss) for tButtonTimeout
    main.o(.text) refers to main.o(.data) for btn1Cnt
    main.o(.text) refers to display_task.o(.data) for displayState
    main.o(.text) refers to system_config.o(.bss) for sysCfg
    main.o(.text) refers to system_config.o(.data) for saveConfigFlag
    main.o(.text) refers to system_stm32f10x.o(.data) for SystemCoreClock
    main.o(.text) refers to button.o(.bss) for TM_Button_1
    system_config.o(.text) refers to memcpya.o(.text) for __aeabi_memcpy
    system_config.o(.text) refers to memcmp.o(.text) for memcmp
    system_config.o(.text) refers to stm32f10x_flash.o(.text) for FLASH_Unlock
    system_config.o(.text) refers to memseta.o(.text) for __aeabi_memclr
    system_config.o(.text) refers to strcpy.o(.text) for strcpy
    system_config.o(.text) refers to system_config.o(.bss) for sysCfg
    system_config.o(.text) refers to system_config.o(.data) for saveConfigFlag
    stm32f10x_it.o(.text) refers to sys_tick.o(.text) for SysTick_Task
    stm32f10x_it.o(.text) refers to button.o(.text) for TM_BUTTON_Update
    stm32f10x_it.o(.text) refers to stm32f10x_exti.o(.text) for EXTI_GetITStatus
    stm32f10x_it.o(.text) refers to button.o(.bss) for TM_Button_1
    stm32f10x_it.o(.text) refers to cc1101_receiver.o(.data) for rfDataIncomingFlag
    display_task.o(.text) refers to sys_tick.o(.text) for InitTimeout
    display_task.o(.text) refers to strcpy.o(.text) for strcpy
    display_task.o(.text) refers to printf6.o(i.__0sprintf$6) for __2sprintf
    display_task.o(.text) refers to strlen.o(.text) for strlen
    display_task.o(.text) refers to display_task.o(.bss) for tRefresh
    display_task.o(.text) refers to display_task.o(.data) for displayState
    display_task.o(.text) refers to system_config.o(.bss) for sysCfg
    display_task.o(.text) refers to framebuffer.o(.bss) for screen
    uart_parser.o(.text) refers to uart3.o(.text) for USART3_PutChar
    uart_parser.o(.text) refers to rtt_log.o(.text) for log_rtt_printf
    uart_parser.o(.text) refers to strlen.o(.text) for strlen
    uart_parser.o(.text) refers to uart_parser.o(.data) for Ctr_gotDataFlag
    uart_parser.o(.text) refers to uart_parser.o(.bss) for CtrBuffer
    uart_parser.o(.text) refers to uart_parser.o(.constdata) for UART_ProcessCmd
    uart_parser.o(.constdata) refers to uart_parser.o(.text) for IKY_Process
    stm32f10x_usart.o(.text) refers to stm32f10x_rcc.o(.text) for RCC_APB2PeriphResetCmd
    stm32f10x_cec.o(.text) refers to stm32f10x_rcc.o(.text) for RCC_APB1PeriphResetCmd
[...]

24 unused section(s) (total 9214 bytes) removed from the image.

==============================================================================

Image Symbol Table

    Local Symbols

    Symbol Name                              Value     Ov Type        Size  Object(Section)

    ../clib/../cmprslib/zerorunl2.c          0x00000000   Number         0  __dczerorl2.o ABSOLUTE
    ../clib/microlib/ctype/ctype.c           0x00000000   Number         0  isprint_o.o ABSOLUTE
    ../clib/microlib/ctype/ctype.c           0x00000000   Number         0  ispunct_o.o ABSOLUTE
    ../clib/microlib/ctype/ctype.c           0x00000000   Number         0  isxdigit_o.o ABSOLUTE
    ../clib/microlib/ctype/ctype.c           0x00000000   Number         0  ctype_c.o ABSOLUTE
    ../clib/microlib/ctype/ctype.c           0x00000000   Number         0  isupper_o.o ABSOLUTE
    ../clib/microlib/ctype/ctype.c           0x00000000   Number         0  islower_o.o ABSOLUTE
    ../clib/microlib/ctype/ctype.c           0x00000000   Number         0  isspace_o.o ABSOLUTE
    ../clib/microlib/ctype/ctype.c           0x00000000   Number         0  isgraph_o.o ABSOLUTE
    ../clib/microlib/ctype/ctype.c           0x00000000   Number         0  isdigit_o.o ABSOLUTE
    ../clib/microlib/ctype/ctype.c           0x00000000   Number         0  iscntrl_o.o ABSOLUTE
    ../clib/microlib/ctype/ctype.c           0x00000000   Number         0  isblank_o.o ABSOLUTE
    ../clib/microlib/ctype/ctype.c           0x00000000   Number         0  isalpha_o.o ABSOLUTE
    ../clib/microlib/ctype/ctype.c           0x00000000   Number         0  isalnum_o.o ABSOLUTE
    ../clib/microlib/ctype/ctype.c           0x00000000   Number         0  ctype_o.o ABSOLUTE
    ../clib/microlib/ctype/ctype.c           0x00000000   Number         0  isspace_c.o ABSOLUTE
    ../clib/microlib/division.c              0x00000000   Number         0  uldiv.o ABSOLUTE
    ../clib/microlib/division.c              0x00000000   Number         0  uidiv.o ABSOLUTE
    ../clib/microlib/errno.c                 0x00000000   Number         0  errno.o ABSOLUTE
    ../clib/microlib/init/entry.s            0x00000000   Number         0  entry7a.o ABSOLUTE
    ../clib/microlib/init/entry.s            0x00000000   Number         0  entry7b.o ABSOLUTE
    ../clib/microlib/init/entry.s            0x00000000   Number         0  entry8b.o ABSOLUTE
    ../clib/microlib/init/entry.s            0x00000000   Number         0  entry11a.o ABSOLUTE
    ../clib/microlib/init/entry.s            0x00000000   Number         0  entry9a.o ABSOLUTE
    ../clib/microlib/init/entry.s            0x00000000   Number         0  entry9b.o ABSOLUTE
    ../clib/microlib/init/entry.s            0x00000000   Number         0  entry10a.o ABSOLUTE
    ../clib/microlib/init/entry.s            0x00000000   Number         0  entry.o ABSOLUTE
    ../clib/microlib/init/entry.s            0x00000000   Number         0  entry8a.o ABSOLUTE
    ../clib/microlib/init/entry.s            0x00000000   Number         0  entry10b.o ABSOLUTE
    ../clib/microlib/init/entry.s            0x00000000   Number         0  entry11b.o ABSOLUTE
    ../clib/microlib/init/entry.s            0x00000000   Number         0  entry5.o ABSOLUTE
    ../clib/microlib/init/entry.s            0x00000000   Number         0  entry2.o ABSOLUTE
    ../clib/microlib/longlong.c              0x00000000   Number         0  llushr.o ABSOLUTE
    ../clib/microlib/longlong.c              0x00000000   Number         0  llsshr.o ABSOLUTE
    ../clib/microlib/longlong.c              0x00000000   Number         0  llshl.o ABSOLUTE
    ../clib/microlib/printf/printf.c         0x00000000   Number         0  printf7.o ABSOLUTE
    ../clib/microlib/printf/printf.c         0x00000000   Number         0  printf6.o ABSOLUTE
    ../clib/microlib/printf/printf.c         0x00000000   Number         0  printf5.o ABSOLUTE
    ../clib/microlib/printf/printf.c         0x00000000   Number         0  printf4.o ABSOLUTE
    ../clib/microlib/printf/printf.c         0x00000000   Number         0  printf3.o ABSOLUTE
    ../clib/microlib/printf/printf.c         0x00000000   Number         0  printf2.o ABSOLUTE
    ../clib/microlib/printf/printf.c         0x00000000   Number         0  printf1.o ABSOLUTE
    ../clib/microlib/printf/printf.c         0x00000000   Number         0  printfb.o ABSOLUTE
    ../clib/microlib/printf/printf.c         0x00000000   Number         0  printf0.o ABSOLUTE
    ../clib/microlib/printf/printf.c         0x00000000   Number         0  printfa.o ABSOLUTE
    ../clib/microlib/printf/printf.c         0x00000000   Number         0  printf8.o ABSOLUTE
    ../clib/microlib/printf/stubs.s          0x00000000   Number         0  stubs.o ABSOLUTE
    ../clib/microlib/stdio/fflush.c          0x00000000   Number         0  fflush.o ABSOLUTE
    ../clib/microlib/stdio/fputc.c           0x00000000   Number         0  fputc.o ABSOLUTE
    ../clib/microlib/stdio/semi.s            0x00000000   Number         0  semi.o ABSOLUTE
    ../clib/microlib/stdio/streams.c         0x00000000   Number         0  stdout.o ABSOLUTE
    ../clib/microlib/string/memcmp.c         0x00000000   Number         0  memcmp.o ABSOLUTE
    ../clib/microlib/string/memcpy.c         0x00000000   Number         0  memcpyb.o ABSOLUTE
    ../clib/microlib/string/memcpy.c         0x00000000   Number         0  memcpya.o ABSOLUTE
    ../clib/microlib/string/memset.c         0x00000000   Number         0  memseta.o ABSOLUTE
    ../clib/microlib/string/strcmp.c         0x00000000   Number         0  strcmp.o ABSOLUTE
    ../clib/microlib/string/strcpy.c         0x00000000   Number         0  strcpy.o ABSOLUTE
    ../clib/microlib/string/strlen.c         0x00000000   Number         0  strlen.o ABSOLUTE
    ../clib/microlib/stubs.s                 0x00000000   Number         0  iusesemip.o ABSOLUTE
    ../clib/microlib/stubs.s                 0x00000000   Number         0  useno.o ABSOLUTE
    ../clib/microlib/stubs.s                 0x00000000   Number         0  iusefp.o ABSOLUTE
    ../clib/scanf.c                          0x00000000   Number         0  strtol.o ABSOLUTE
    ../clib/scanf.c                          0x00000000   Number         0  _strtoul.o ABSOLUTE
    ../clib/scanf.c                          0x00000000   Number         0  _scanf.o ABSOLUTE
    ../clib/scanf.c                          0x00000000   Number         0  _sgetc.o ABSOLUTE
    ../clib/scanf.c                          0x00000000   Number         0  scanf_char.o ABSOLUTE
    ../clib/scanf.c                          0x00000000   Number         0  __0sscanf.o ABSOLUTE
    ../clib/scanf.c                          0x00000000   Number         0  _chval.o ABSOLUTE
    ../clib/scanf.c                          0x00000000   Number         0  _scanf_str.o ABSOLUTE
    ../clib/scanf.c                          0x00000000   Number         0  atoi.o ABSOLUTE
    ../clib/scanf.c                          0x00000000   Number         0  _scanf_int.o ABSOLUTE
    ../fplib/microlib/fpadd.c                0x00000000   Number         0  dadd.o ABSOLUTE
    ../fplib/microlib/fpdiv.c                0x00000000   Number         0  ddiv.o ABSOLUTE
    ../fplib/microlib/fpepilogue.c           0x00000000   Number         0  depilogue.o ABSOLUTE
    ../fplib/microlib/fpfix.c                0x00000000   Number         0  dfixul.o ABSOLUTE
    ../fplib/microlib/fpmul.c                0x00000000   Number         0  dmul.o ABSOLUTE
    ..\..\Libraries\CMSIS\CM3\CoreSupport\core_cm3.c 0x00000000   Number         0  core_cm3.o ABSOLUTE
    ..\..\Libraries\CMSIS\CM3\DeviceSupport\ST\STM32F10x\startup\arm\startup_stm32f10x_md.s 0x00000000   Number         0  startup_stm32f10x_md.o ABSOLUTE
    ..\..\Libraries\CMSIS\CM3\DeviceSupport\ST\STM32F10x\system_stm32f10x.c 0x00000000   Number         0  system_stm32f10x.o ABSOLUTE
    ..\..\Libraries\STM32F10x_StdPeriph_Driver\src\misc.c 0x00000000   Number         0  misc.o ABSOLUTE
    ..\..\Libraries\STM32F10x_StdPeriph_Driver\src\stm32f10x_bkp.c 0x00000000   Number         0  stm32f10x_bkp.o ABSOLUTE
    ..\..\Libraries\STM32F10x_StdPeriph_Driver\src\stm32f10x_cec.c 0x00000000   Number         0  stm32f10x_cec.o ABSOLUTE
    ..\..\Libraries\STM32F10x_StdPeriph_Driver\src\stm32f10x_crc.c 0x00000000   Number         0  stm32f10x_crc.o ABSOLUTE
    ..\..\Libraries\STM32F10x_StdPeriph_Driver\src\stm32f10x_exti.c 0x00000000   Number         0  stm32f10x_exti.o ABSOLUTE
    ..\..\Libraries\STM32F10x_StdPeriph_Driver\src\stm32f10x_flash.c 0x00000000   Number         0  stm32f10x_flash.o ABSOLUTE
    ..\..\Libraries\STM32F10x_StdPeriph_Driver\src\stm32f10x_gpio.c 0x00000000   Number         0  stm32f10x_gpio.o ABSOLUTE
    ..\..\Libraries\STM32F10x_StdPeriph_Driver\src\stm32f10x_iwdg.c 0x00000000   Number         0  stm32f10x_iwdg.o ABSOLUTE
    ..\..\Libraries\STM32F10x_StdPeriph_Driver\src\stm32f10x_pwr.c 0x00000000   Number         0  stm32f10x_pwr.o ABSOLUTE
    ..\..\Libraries\STM32F10x_StdPeriph_Driver\src\stm32f10x_rcc.c 0x00000000   Number         0  stm32f10x_rcc.o ABSOLUTE
    ..\..\Libraries\STM32F10x_StdPeriph_Driver\src\stm32f10x_rtc.c 0x00000000   Number         0  stm32f10x_rtc.o ABSOLUTE
    ..\..\Libraries\STM32F10x_StdPeriph_Driver\src\stm32f10x_spi.c 0x00000000   Number         0  stm32f10x_spi.o ABSOLUTE
    ..\..\Libraries\STM32F10x_StdPeriph_Driver\src\stm32f10x_tim.c 0x00000000   Number         0  stm32f10x_tim.o ABSOLUTE
    ..\..\Libraries\STM32F10x_StdPeriph_Driver\src\stm32f10x_usart.c 0x00000000   Number         0  stm32f10x_usart.o ABSOLUTE
    ..\..\lib\ringbuf.c                      0x00000000   Number         0  ringbuf.o ABSOLUTE
    ..\..\lib\sys_tick.c                     0x00000000   Number         0  sys_tick.o ABSOLUTE
    ..\..\lib\tick.c                         0x00000000   Number         0  tick.o ABSOLUTE
    ..\..\lib\uart1.c                        0x00000000   Number         0  uart1.o ABSOLUTE
    ..\..\lib\uart2.c                        0x00000000   Number         0  uart2.o ABSOLUTE
    ..\..\lib\uart3.c                        0x00000000   Number         0  uart3.o ABSOLUTE
    ..\\..\\Libraries\\CMSIS\\CM3\\CoreSupport\\core_cm3.c 0x00000000   Number         0  core_cm3.o ABSOLUTE
    P10Matrix\font.c                         0x00000000   Number         0  font.o ABSOLUTE
    P10Matrix\framebuffer.c                  0x00000000   Number         0  framebuffer.o ABSOLUTE
    P10Matrix\p10matrix.c                    0x00000000   Number         0  p10matrix.o ABSOLUTE
    P10Matrix\p10matrix_rgb.c                0x00000000   Number         0  p10matrix_rgb.o ABSOLUTE
    SEGGER_RTT_V612a\Application\RTT_Log.c   0x00000000   Number         0  rtt_log.o ABSOLUTE
    SEGGER_RTT_V612a\RTT\SEGGER_RTT.c        0x00000000   Number         0  segger_rtt.o ABSOLUTE
    SEGGER_RTT_V612a\RTT\SEGGER_RTT_printf.c 0x00000000   Number         0  segger_rtt_printf.o ABSOLUTE
    SEGGER_RTT_V612a\Syscalls\SEGGER_RTT_Syscalls_KEIL.c 0x00000000   Number         0  segger_rtt_syscalls_keil.o ABSOLUTE
    _user\src\cc1101.c                       0x00000000   Number         0  cc1101.o ABSOLUTE
    _user\src\cc1101_parser.c                0x00000000   Number         0  cc1101_parser.o ABSOLUTE
    _user\src\cc1101_receiver.c              0x00000000   Number         0  cc1101_receiver.o ABSOLUTE
    _user\src\display_task.c                 0x00000000   Number         0  display_task.o ABSOLUTE
    _user\src\hw_config.c                    0x00000000   Number         0  hw_config.o ABSOLUTE
    _user\src\main.c                         0x00000000   Number         0  main.o ABSOLUTE
    _user\src\stm32f10x_it.c                 0x00000000   Number         0  stm32f10x_it.o ABSOLUTE
    _user\src\system_config.c                0x00000000   Number         0  system_config.o ABSOLUTE
    _user\src\uart_parser.c                  0x00000000   Number         0  uart_parser.o ABSOLUTE
    cdrcmple.s                               0x00000000   Number         0  cdrcmple.o ABSOLUTE
    dc.s                                     0x00000000   Number         0  dc.o ABSOLUTE
    handlers.s                               0x00000000   Number         0  handlers.o ABSOLUTE
    init.s                                   0x00000000   Number         0  init.o ABSOLUTE
    stm32_lib\button.c                       0x00000000   Number         0  button.o ABSOLUTE
    stm32_lib\exti.c                         0x00000000   Number         0  exti.o ABSOLUTE
    RESET                                    0x08000000   Section      236  startup_stm32f10x_md.o(RESET)
    .ARM.Collect$$$$00000000                 0x080000ec   Section        0  entry.o(.ARM.Collect$$$$00000000)
    .ARM.Collect$$$$00000001                 0x080000ec   Section        4  entry2.o(.ARM.Collect$$$$00000001)
    .ARM.Collect$$$$00000004                 0x080000f0   Section        4  entry5.o(.ARM.Collect$$$$00000004)
    .ARM.Collect$$$$00000008                 0x080000f4   Section        0  entry7b.o(.ARM.Collect$$$$00000008)
    .ARM.Collect$$$$0000000A                 0x080000f4   Section        0  entry8b.o(.ARM.Collect$$$$0000000A)
    .ARM.Collect$$$$0000000B                 0x080000f4   Section        8  entry9a.o(.ARM.Collect$$$$0000000B)
    .ARM.Collect$$$$0000000D                 0x080000fc   Section        0  entry10a.o(.ARM.Collect$$$$0000000D)
    .ARM.Collect$$$$0000000F                 0x080000fc   Section        0  entry11a.o(.ARM.Collect$$$$0000000F)
    .ARM.Collect$$$$00002712                 0x080000fc   Section        4  entry2.o(.ARM.Collect$$$$00002712)
    __lit__00000000                          0x080000fc   Data           4  entry2.o(.ARM.Collect$$$$00002712)
    .text                                    0x08000100   Section        0  system_stm32f10x.o(.text)
    SetSysClockTo48                          0x08000101   Thumb Code   214  system_stm32f10x.o(.text)
    SetSysClock                              0x080001d7   Thumb Code     8  system_stm32f10x.o(.text)
    .text                                    0x080002e0   Section       36  startup_stm32f10x_md.o(.text)
    .text                                    0x08000304   Section        0  hw_config.o(.text)
    .text                                    0x08000344   Section        0  main.o(.text)
    .text                                    0x080006b0   Section        0  system_config.o(.text)
    .text                                    0x08000878   Section        0  stm32f10x_it.o(.text)
    .text                                    0x080008cc   Section        0  display_task.o(.text)
    .text                                    0x08000ab0   Section        0  uart_parser.o(.text)
    .text                                    0x08000d94   Section        0  misc.o(.text)
    .text                                    0x08000e70   Section        0  stm32f10x_flash.o(.text)
    .text                                    0x0800142c   Section        0  stm32f10x_gpio.o(.text)
    .text                                    0x08001788   Section        0  stm32f10x_rcc.o(.text)
    .text                                    0x08001b2c   Section        0  stm32f10x_tim.o(.text)
    TI4_Config                               0x08001fd3   Thumb Code   130  stm32f10x_tim.o(.text)
    TI3_Config                               0x08002067   Thumb Code   122  stm32f10x_tim.o(.text)
    TI2_Config                               0x080020fb   Thumb Code   130  stm32f10x_tim.o(.text)
    TI1_Config                               0x0800218f   Thumb Code   108  stm32f10x_tim.o(.text)
    .text                                    0x08002948   Section        0  stm32f10x_iwdg.o(.text)
    .text                                    0x08002988   Section        0  stm32f10x_exti.o(.text)
    .text                                    0x08002aa4   Section        0  cc1101_parser.o(.text)
    .text                                    0x08002e9c   Section        0  button.o(.text)
    .text                                    0x08002fa8   Section        0  ringbuf.o(.text)
    .text                                    0x0800303c   Section        0  exti.o(.text)
    .text                                    0x0800313c   Section        0  sys_tick.o(.text)
    .text                                    0x08003240   Section        0  uart1.o(.text)
    .text                                    0x08003480   Section        0  uart2.o(.text)
    .text                                    0x08003630   Section        0  uart3.o(.text)
    .text                                    0x08003874   Section        0  font.o(.text)
    .text                                    0x08003888   Section        0  p10matrix_rgb.o(.text)
    .text                                    0x08003b64   Section        0  framebuffer.o(.text)
    .text                                    0x08003fd8   Section        0  rtt_log.o(.text)
    .text                                    0x08004180   Section        0  segger_rtt.o(.text)
    _DoInit                                  0x08004181   Thumb Code    74  segger_rtt.o(.text)
    _WriteBlocking                           0x080041cb   Thumb Code   114  segger_rtt.o(.text)
    _WriteNoCheck                            0x0800423d   Thumb Code    76  segger_rtt.o(.text)
    _PostTerminalSwitch                      0x08004289   Thumb Code    32  segger_rtt.o(.text)
    _GetAvailWriteSpace                      0x080042a9   Thumb Code    28  segger_rtt.o(.text)
    .text                                    0x08004c0c   Section        0  segger_rtt_printf.o(.text)
    _StoreChar                               0x08004c0d   Thumb Code    68  segger_rtt_printf.o(.text)
    _PrintUnsigned                           0x08004c51   Thumb Code   230  segger_rtt_printf.o(.text)
    _PrintInt                                0x08004d37   Thumb Code   236  segger_rtt_printf.o(.text)
    .text                                    0x08005054   Section        0  memcpya.o(.text)
    .text                                    0x08005078   Section        0  memseta.o(.text)
    .text                                    0x0800509c   Section        0  strlen.o(.text)
    .text                                    0x080050aa   Section        0  memcmp.o(.text)
    .text                                    0x080050c4   Section        0  strcpy.o(.text)
    .text                                    0x080050d8   Section        0  __0sscanf.o(.text)
    .text                                    0x08005110   Section        0  _scanf_int.o(.text)
    .text                                    0x0800525c   Section        0  _scanf_str.o(.text)
    .text                                    0x0800533c   Section        0  atoi.o(.text)
    .text                                    0x08005356   Section        0  uidiv.o(.text)
    .text                                    0x08005382   Section        0  _chval.o(.text)
    .text                                    0x080053a0   Section        0  scanf_char.o(.text)
    _scanf_char_input                        0x080053a1   Thumb Code    12  scanf_char.o(.text)
    .text                                    0x080053c8   Section        0  _sgetc.o(.text)
    .text                                    0x08005408   Section        0  strtol.o(.text)
    .text                                    0x08005478   Section       36  init.o(.text)
    .text                                    0x0800549c   Section        0  ctype_o.o(.text)
    .text                                    0x080054a4   Section        0  isspace_o.o(.text)
    .text                                    0x080054b8   Section        0  _scanf.o(.text)
    .text                                    0x080057e4   Section        0  _strtoul.o(.text)
    .text                                    0x08005882   Section        0  __dczerorl2.o(.text)
    i.__0sprintf$6                           0x080058d8   Section        0  printf6.o(i.__0sprintf$6)
    i.__aeabi_errno_addr                     0x08005900   Section        0  errno.o(i.__aeabi_errno_addr)
    i.__scatterload_copy                     0x08005908   Section       14  handlers.o(i.__scatterload_copy)
    i.__scatterload_null                     0x08005916   Section        2  handlers.o(i.__scatterload_null)
    i.__scatterload_zeroinit                 0x08005918   Section       14  handlers.o(i.__scatterload_zeroinit)
    i._printf_core                           0x08005928   Section        0  printf6.o(i._printf_core)
    _printf_core                             0x08005929   Thumb Code   748  printf6.o(i._printf_core)
    i._printf_post_padding                   0x08005c18   Section        0  printf6.o(i._printf_post_padding)
    _printf_post_padding                     0x08005c19   Thumb Code    36  printf6.o(i._printf_post_padding)
    i._printf_pre_padding                    0x08005c3c   Section        0  printf6.o(i._printf_pre_padding)
    _printf_pre_padding                      0x08005c3d   Thumb Code    46  printf6.o(i._printf_pre_padding)
    i._sputc                                 0x08005c6a   Section        0  printf6.o(i._sputc)
    _sputc                                   0x08005c6b   Thumb Code    10  printf6.o(i._sputc)
    .constdata                               0x08005c74   Section       80  uart_parser.o(.constdata)
    UART_ProcessCmd                          0x08005c74   Data          80  uart_parser.o(.constdata)
    .constdata                               0x08005cc4   Section       16  segger_rtt_printf.o(.constdata)
    _aV2C                                    0x08005cc4   Data          16  segger_rtt_printf.o(.constdata)
    .constdata                               0x08005cd4   Section      129  ctype_o.o(.constdata)
    .constdata                               0x08005d58   Section        4  ctype_o.o(.constdata)
    table                                    0x08005d58   Data           4  ctype_o.o(.constdata)
    .data                                    0x20000000   Section       20  system_stm32f10x.o(.data)
    .data                                    0x20000014   Section        2  main.o(.data)
    .data                                    0x20000016   Section        1  system_config.o(.data)
    .data                                    0x20000018   Section       16  display_task.o(.data)
    .data                                    0x20000028   Section       13  uart_parser.o(.data)
    .data                                    0x20000035   Section       20  stm32f10x_rcc.o(.data)
    APBAHBPrescTable                         0x20000035   Data          16  stm32f10x_rcc.o(.data)
    ADCPrescTable                            0x20000045   Data           4  stm32f10x_rcc.o(.data)
    .data                                    0x2000004c   Section       14  cc1101_receiver.o(.data)
    .data                                    0x2000005a   Section        8  cc1101_parser.o(.data)
    .data                                    0x20000068   Section       16  sys_tick.o(.data)
    .data                                    0x20000078   Section        4  font.o(.data)
    .data                                    0x2000007c   Section       12  p10matrix_rgb.o(.data)
    .data                                    0x20000088   Section      488  framebuffer.o(.data)
    System5x7                                0x20000088   Data         486  framebuffer.o(.data)
    scroll                                   0x2000026e   Data           2  framebuffer.o(.data)
    .data                                    0x20000270   Section        3  rtt_log.o(.data)
    hex_string                               0x20000270   Data           3  rtt_log.o(.data)
    .data                                    0x20000273   Section       17  segger_rtt.o(.data)
    _aTerminalId                             0x20000273   Data          16  segger_rtt.o(.data)
    _ActiveTerminal                          0x20000283   Data           1  segger_rtt.o(.data)
    .data                                    0x20000284   Section        4  errno.o(.data)
    _errno                                   0x20000284   Data           4  errno.o(.data)
    .bss                                     0x20000288   Section       12  main.o(.bss)
    .bss                                     0x20000294   Section      257  system_config.o(.bss)
    .bss                                     0x20000398   Section       24  display_task.o(.bss)
    .bss                                     0x200003b0   Section      260  uart_parser.o(.bss)
    .bss                                     0x200004b4   Section      540  cc1101_parser.o(.bss)
    .bss                                     0x200006d0   Section       28  button.o(.bss)
    .bss                                     0x200006ec   Section     1056  uart1.o(.bss)
    .bss                                     0x20000b0c   Section       32  uart2.o(.bss)
    .bss                                     0x20000b2c   Section     1568  uart3.o(.bss)
    .bss                                     0x2000114c   Section      276  framebuffer.o(.bss)
    .bss                                     0x20001260   Section     1051  rtt_log.o(.bss)
    buf_normal_up                            0x20001260   Data        1024  rtt_log.o(.bss)
    buf_down                                 0x20001660   Data          16  rtt_log.o(.bss)
    hex_string                               0x20001670   Data          11  rtt_log.o(.bss)
    .bss                                     0x2000167c   Section     1208  segger_rtt.o(.bss)
    _acUpBuffer                              0x20001724   Data        1024  segger_rtt.o(.bss)
    _acDownBuffer                            0x20001b24   Data          16  segger_rtt.o(.bss)
    STACK                                    0x20001b38   Section     1024  startup_stm32f10x_md.o(STACK)

    Global Symbols

    Symbol Name                              Value     Ov Type        Size  Object(Section)

    BuildAttributes$$THM_ISAv4$P$D$K$B$S$PE$A:L22UL41UL21$X:L11$S22US41US21$IEEE1$IW$USESV6$~STKCKD$USESV7$~SHL$OSPACE$ROPI$EBA8$MICROLIB$REQ8$PRES8$EABIv2 0x00000000   Number         0  anon$$obj.o ABSOLUTE
    __ARM_use_no_argv                        0x00000000   Number         0  main.o ABSOLUTE
    __use_no_errno                           0x00000000   Number         0  useno.o ABSOLUTE
    __use_no_exception_handling              0x00000000   Number         0  useno.o ABSOLUTE
    __use_no_fp                              0x00000000   Number         0  useno.o ABSOLUTE
    __use_no_heap                            0x00000000   Number         0  useno.o ABSOLUTE
    __use_no_heap_region                     0x00000000   Number         0  useno.o ABSOLUTE
    __use_no_semihosting                     0x00000000   Number         0  useno.o ABSOLUTE
    __use_no_semihosting_swi                 0x00000000   Number         0  useno.o ABSOLUTE
    __use_no_signal_handling                 0x00000000   Number         0  useno.o ABSOLUTE
    _printf_a                                0x00000000   Number         0  stubs.o ABSOLUTE
    _printf_c                                0x00000000   Number         0  stubs.o ABSOLUTE
    _printf_charcount                        0x00000000   Number         0  stubs.o ABSOLUTE
    _printf_d                                0x00000000   Number         0  stubs.o ABSOLUTE
    _printf_e                                0x00000000   Number         0  stubs.o ABSOLUTE
    _printf_f                                0x00000000   Number         0  stubs.o ABSOLUTE
    _printf_flags                            0x00000000   Number         0  stubs.o ABSOLUTE
    _printf_fp_dec                           0x00000000   Number         0  stubs.o ABSOLUTE
    _printf_fp_hex                           0x00000000   Number         0  stubs.o ABSOLUTE
    _printf_g                                0x00000000   Number         0  stubs.o ABSOLUTE
    _printf_i                                0x00000000   Number         0  stubs.o ABSOLUTE
    _printf_int_dec                          0x00000000   Number         0  stubs.o ABSOLUTE
    _printf_l                                0x00000000   Number         0  stubs.o ABSOLUTE
    _printf_lc                               0x00000000   Number         0  stubs.o ABSOLUTE
    _printf_ll                               0x00000000   Number         0  stubs.o ABSOLUTE
    _printf_lld                              0x00000000   Number         0  stubs.o ABSOLUTE
    _printf_lli                              0x00000000   Number         0  stubs.o ABSOLUTE
    _printf_llo                              0x00000000   Number         0  stubs.o ABSOLUTE
    _printf_llu                              0x00000000   Number         0  stubs.o ABSOLUTE
    _printf_llx                              0x00000000   Number         0  stubs.o ABSOLUTE
    _printf_longlong_dec                     0x00000000   Number         0  stubs.o ABSOLUTE
    _printf_longlong_hex                     0x00000000   Number         0  stubs.o ABSOLUTE
    _printf_longlong_oct                     0x00000000   Number         0  stubs.o ABSOLUTE
    _printf_ls                               0x00000000   Number         0  stubs.o ABSOLUTE
    _printf_mbtowc                           0x00000000   Number         0  stubs.o ABSOLUTE
    _printf_n                                0x00000000   Number         0  stubs.o ABSOLUTE
    _printf_o                                0x00000000   Number         0  stubs.o ABSOLUTE
    _printf_p                                0x00000000   Number         0  stubs.o ABSOLUTE
    _printf_percent                          0x00000000   Number         0  stubs.o ABSOLUTE
    _printf_pre_padding                      0x00000000   Number         0  stubs.o ABSOLUTE
    _printf_return_value                     0x00000000   Number         0  stubs.o ABSOLUTE
    _printf_s                                0x00000000   Number         0  stubs.o ABSOLUTE
    _printf_sizespec                         0x00000000   Number         0  stubs.o ABSOLUTE
    _printf_str                              0x00000000   Number         0  stubs.o ABSOLUTE
    _printf_truncate_signed                  0x00000000   Number         0  stubs.o ABSOLUTE
    _printf_truncate_unsigned                0x00000000   Number         0  stubs.o ABSOLUTE
    _printf_u                                0x00000000   Number         0  stubs.o ABSOLUTE
    _printf_wc                               0x00000000   Number         0  stubs.o ABSOLUTE
    _printf_wctomb                           0x00000000   Number         0  stubs.o ABSOLUTE
    _printf_widthprec                        0x00000000   Number         0  stubs.o ABSOLUTE
    _printf_x                                0x00000000   Number         0  stubs.o ABSOLUTE
    __cpp_initialize__aeabi_                  - Undefined Weak Reference
    __cxa_finalize                            - Undefined Weak Reference
    _clock_init                               - Undefined Weak Reference
    _microlib_exit                            - Undefined Weak Reference
    _scanf_longlong                           - Undefined Weak Reference
    _scanf_real                               - Undefined Weak Reference
    __Vectors_Size                           0x000000ec   Number         0  startup_stm32f10x_md.o ABSOLUTE
    __Vectors                                0x08000000   Data           4  startup_stm32f10x_md.o(RESET)
    __Vectors_End                            0x080000ec   Data           0  startup_stm32f10x_md.o(RESET)
    __main                                   0x080000ed   Thumb Code     0  entry.o(.ARM.Collect$$$$00000000)
    _main_stk                                0x080000ed   Thumb Code     0  entry2.o(.ARM.Collect$$$$00000001)
    _main_scatterload                        0x080000f1   Thumb Code     0  entry5.o(.ARM.Collect$$$$00000004)
    __main_after_scatterload                 0x080000f5   Thumb Code     0  entry5.o(.ARM.Collect$$$$00000004)
    _main_clock                              0x080000f5   Thumb Code     0  entry7b.o(.ARM.Collect$$$$00000008)
    _main_cpp_init                           0x080000f5   Thumb Code     0  entry8b.o(.ARM.Collect$$$$0000000A)
    _main_init                               0x080000f5   Thumb Code     0  entry9a.o(.ARM.Collect$$$$0000000B)
    __rt_final_cpp                           0x080000fd   Thumb Code     0  entry10a.o(.ARM.Collect$$$$0000000D)
    __rt_final_exit                          0x080000fd   Thumb Code     0  entry11a.o(.ARM.Collect$$$$0000000F)
    SystemInit                               0x080001df   Thumb Code    78  system_stm32f10x.o(.text)
    SystemCoreClockUpdate                    0x0800022d   Thumb Code   142  system_stm32f10x.o(.text)
    Reset_Handler                            0x080002e1   Thumb Code     8  startup_stm32f10x_md.o(.text)
    NMI_Handler                              0x080002e9   Thumb Code     2  startup_stm32f10x_md.o(.text)
    MemManage_Handler                        0x080002ed   Thumb Code     2  startup_stm32f10x_md.o(.text)
    BusFault_Handler                         0x080002ef   Thumb Code     2  startup_stm32f10x_md.o(.text)
    UsageFault_Handler                       0x080002f1   Thumb Code     2  startup_stm32f10x_md.o(.text)
    SVC_Handler                              0x080002f3   Thumb Code     2  startup_stm32f10x_md.o(.text)
    DebugMon_Handler                         0x080002f5   Thumb Code     2  startup_stm32f10x_md.o(.text)
    PendSV_Handler                           0x080002f7   Thumb Code     2  startup_stm32f10x_md.o(.text)
    ADC1_2_IRQHandler                        0x080002fb   Thumb Code     0  startup_stm32f10x_md.o(.text)
    CAN1_RX1_IRQHandler                      0x080002fb   Thumb Code     0  startup_stm32f10x_md.o(.text)
    CAN1_SCE_IRQHandler                      0x080002fb   Thumb Code     0  startup_stm32f10x_md.o(.text)
    DMA1_Channel1_IRQHandler                 0x080002fb   Thumb Code     0  startup_stm32f10x_md.o(.text)
    DMA1_Channel2_IRQHandler                 0x080002fb   Thumb Code     0  startup_stm32f10x_md.o(.text)
    DMA1_Channel3_IRQHandler                 0x080002fb   Thumb Code     0  startup_stm32f10x_md.o(.text)
    DMA1_Channel4_IRQHandler                 0x080002fb   Thumb Code     0  startup_stm32f10x_md.o(.text)
    DMA1_Channel5_IRQHandler                 0x080002fb   Thumb Code     0  startup_stm32f10x_md.o(.text)
    DMA1_Channel6_IRQHandler                 0x080002fb   Thumb Code     0  startup_stm32f10x_md.o(.text)
    DMA1_Channel7_IRQHandler                 0x080002fb   Thumb Code     0  startup_stm32f10x_md.o(.text)
    EXTI0_IRQHandler                         0x080002fb   Thumb Code     0  startup_stm32f10x_md.o(.text)
    EXTI1_IRQHandler                         0x080002fb   Thumb Code     0  startup_stm32f10x_md.o(.text)
    EXTI2_IRQHandler                         0x080002fb   Thumb Code     0  startup_stm32f10x_md.o(.text)
    EXTI4_IRQHandler                         0x080002fb   Thumb Code     0  startup_stm32f10x_md.o(.text)
    FLASH_IRQHandler                         0x080002fb   Thumb Code     0  startup_stm32f10x_md.o(.text)
    I2C1_ER_IRQHandler                       0x080002fb   Thumb Code     0  startup_stm32f10x_md.o(.text)
    I2C1_EV_IRQHandler                       0x080002fb   Thumb Code     0  startup_stm32f10x_md.o(.text)
    I2C2_ER_IRQHandler                       0x080002fb   Thumb Code     0  startup_stm32f10x_md.o(.text)
    I2C2_EV_IRQHandler                       0x080002fb   Thumb Code     0  startup_stm32f10x_md.o(.text)
    PVD_IRQHandler                           0x080002fb   Thumb Code     0  startup_stm32f10x_md.o(.text)
    RCC_IRQHandler                           0x080002fb   Thumb Code     0  startup_stm32f10x_md.o(.text)
    RTCAlarm_IRQHandler                      0x080002fb   Thumb Code     0  startup_stm32f10x_md.o(.text)
    RTC_IRQHandler                           0x080002fb   Thumb Code     0  startup_stm32f10x_md.o(.text)
    SPI1_IRQHandler                          0x080002fb   Thumb Code     0  startup_stm32f10x_md.o(.text)
    SPI2_IRQHandler                          0x080002fb   Thumb Code     0  startup_stm32f10x_md.o(.text)
    TAMPER_IRQHandler                        0x080002fb   Thumb Code     0  startup_stm32f10x_md.o(.text)
    TIM1_BRK_IRQHandler                      0x080002fb   Thumb Code     0  startup_stm32f10x_md.o(.text)
    TIM1_CC_IRQHandler                       0x080002fb   Thumb Code     0  startup_stm32f10x_md.o(.text)
    TIM1_TRG_COM_IRQHandler                  0x080002fb   Thumb Code     0  startup_stm32f10x_md.o(.text)
    TIM1_UP_IRQHandler                       0x080002fb   Thumb Code     0  startup_stm32f10x_md.o(.text)
    TIM2_IRQHandler                          0x080002fb   Thumb Code     0  startup_stm32f10x_md.o(.text)
    TIM4_IRQHandler                          0x080002fb   Thumb Code     0  startup_stm32f10x_md.o(.text)
    USBWakeUp_IRQHandler                     0x080002fb   Thumb Code     0  startup_stm32f10x_md.o(.text)
    USB_HP_CAN1_TX_IRQHandler                0x080002fb   Thumb Code     0  startup_stm32f10x_md.o(.text)
    USB_LP_CAN1_RX0_IRQHandler               0x080002fb   Thumb Code     0  startup_stm32f10x_md.o(.text)
    WWDG_IRQHandler                          0x080002fb   Thumb Code     0  startup_stm32f10x_md.o(.text)
    hwPinModeOutput                          0x08000305   Thumb Code    32  hw_config.o(.text)
    TIM3_IRQHandler                          0x08000325   Thumb Code    26  hw_config.o(.text)
    BUTTON1_ReleaseHandler                   0x08000345   Thumb Code   122  main.o(.text)
    BUTTON1_EventHandler                     0x080003bf   Thumb Code    46  main.o(.text)
    IWDGInit                                 0x080003ed   Thumb Code    34  main.o(.text)
    Show_RST_Flag                            0x0800040f   Thumb Code   104  main.o(.text)
    SystemClockInit                          0x08000477   Thumb Code    62  main.o(.text)
    main                                     0x080004b5   Thumb Code   272  main.o(.text)
    Delay                                    0x080005c5   Thumb Code    16  main.o(.text)
    CFG_ReLoad                               0x080006b1   Thumb Code    16  system_config.o(.text)
    CFG_Save                                 0x080006c1   Thumb Code   176  system_config.o(.text)
    CFG_Load                                 0x08000771   Thumb Code   164  system_config.o(.text)
    CFG_CheckSum                             0x08000815   Thumb Code    42  system_config.o(.text)
    CFG_Task                                 0x0800083f   Thumb Code    20  system_config.o(.text)
    HardFault_Handler                        0x08000879   Thumb Code    30  stm32f10x_it.o(.text)
    SysTick_Handler                          0x08000897   Thumb Code    14  stm32f10x_it.o(.text)
    EXTI3_IRQHandler                         0x080008a5   Thumb Code    24  stm32f10x_it.o(.text)
    DisplayTask_Init                         0x080008cd   Thumb Code    12  display_task.o(.text)
    DisplayTask                              0x080008d9   Thumb Code   404  display_task.o(.text)
    Ctr_Process                              0x08000ab1   Thumb Code    54  uart_parser.o(.text)
    Time_Process                             0x08000ae7   Thumb Code    54  uart_parser.o(.text)
    Greetings_Process                        0x08000b1d   Thumb Code    54  uart_parser.o(.text)
    IKY_Process                              0x08000b53   Thumb Code    54  uart_parser.o(.text)
    UART_ComnandParser                       0x08000b89   Thumb Code   214  uart_parser.o(.text)
    CalcCheckSum                             0x08000c5f   Thumb Code    26  uart_parser.o(.text)
    RfPacket_Prepare                         0x08000c79   Thumb Code    64  uart_parser.o(.text)
    UART_GetInfo                             0x08000cb9   Thumb Code   166  uart_parser.o(.text)
    NVIC_PriorityGroupConfig                 0x08000d95   Thumb Code    10  misc.o(.text)
    NVIC_Init                                0x08000d9f   Thumb Code   100  misc.o(.text)
    NVIC_SetVectorTable                      0x08000e03   Thumb Code    14  misc.o(.text)
    NVIC_SystemLPConfig                      0x08000e11   Thumb Code    34  misc.o(.text)
    SysTick_CLKSourceConfig                  0x08000e33   Thumb Code    40  misc.o(.text)
    FLASH_SetLatency                         0x08000e71   Thumb Code    18  stm32f10x_flash.o(.text)
    FLASH_HalfCycleAccessCmd                 0x08000e83   Thumb Code    22  stm32f10x_flash.o(.text)
    FLASH_PrefetchBufferCmd                  0x08000e99   Thumb Code    22  stm32f10x_flash.o(.text)
    FLASH_Unlock                             0x08000eaf   Thumb Code    12  stm32f10x_flash.o(.text)
    FLASH_UnlockBank1                        0x08000ebb   Thumb Code    12  stm32f10x_flash.o(.text)
    FLASH_Lock                               0x08000ec7   Thumb Code    14  stm32f10x_flash.o(.text)
    FLASH_LockBank1                          0x08000ed5   Thumb Code    14  stm32f10x_flash.o(.text)
    FLASH_GetBank1Status                     0x08000ee3   Thumb Code    48  stm32f10x_flash.o(.text)
    FLASH_WaitForLastOperation               0x08000f13   Thumb Code    38  stm32f10x_flash.o(.text)
    FLASH_ErasePage                          0x08000f39   Thumb Code    72  stm32f10x_flash.o(.text)
    FLASH_EraseAllPages                      0x08000f81   Thumb Code    68  stm32f10x_flash.o(.text)
    FLASH_WaitForLastBank1Operation          0x08000fc5   Thumb Code    38  stm32f10x_flash.o(.text)
    FLASH_EraseAllBank1Pages                 0x08000feb   Thumb Code    68  stm32f10x_flash.o(.text)
    FLASH_GetReadOutProtectionStatus         0x0800102f   Thumb Code    20  stm32f10x_flash.o(.text)
    FLASH_EraseOptionBytes                   0x08001043   Thumb Code   150  stm32f10x_flash.o(.text)
    FLASH_ProgramWord                        0x080010d9   Thumb Code   102  stm32f10x_flash.o(.text)
    FLASH_ProgramHalfWord                    0x0800113f   Thumb Code    60  stm32f10x_flash.o(.text)
    FLASH_ProgramOptionByteData              0x0800117b   Thumb Code    72  stm32f10x_flash.o(.text)
    FLASH_EnableWriteProtection              0x080011c3   Thumb Code   200  stm32f10x_flash.o(.text)
    FLASH_ReadOutProtection                  0x0800128b   Thumb Code   156  stm32f10x_flash.o(.text)
    FLASH_UserOptionByteConfig               0x08001327   Thumb Code    88  stm32f10x_flash.o(.text)
    FLASH_GetUserOptionByte                  0x0800137f   Thumb Code     8  stm32f10x_flash.o(.text)
    FLASH_GetWriteProtectionOptionByte       0x08001387   Thumb Code     6  stm32f10x_flash.o(.text)
    FLASH_GetPrefetchBufferStatus            0x0800138d   Thumb Code    20  stm32f10x_flash.o(.text)
    FLASH_ITConfig                           0x080013a1   Thumb Code    26  stm32f10x_flash.o(.text)
    FLASH_GetFlagStatus                      0x080013bb   Thumb Code    42  stm32f10x_flash.o(.text)
    FLASH_ClearFlag                          0x080013e5   Thumb Code     6  stm32f10x_flash.o(.text)
    FLASH_GetStatus                          0x080013eb   Thumb Code    48  stm32f10x_flash.o(.text)
    GPIO_DeInit                              0x0800142d   Thumb Code   172  stm32f10x_gpio.o(.text)
    GPIO_AFIODeInit                          0x080014d9   Thumb Code    20  stm32f10x_gpio.o(.text)
    GPIO_Init                                0x080014ed   Thumb Code   278  stm32f10x_gpio.o(.text)
    GPIO_StructInit                          0x08001603   Thumb Code    16  stm32f10x_gpio.o(.text)
    GPIO_ReadInputDataBit                    0x08001613   Thumb Code    18  stm32f10x_gpio.o(.text)
    GPIO_ReadInputData                       0x08001625   Thumb Code     8  stm32f10x_gpio.o(.text)
    GPIO_ReadOutputDataBit                   0x0800162d   Thumb Code    18  stm32f10x_gpio.o(.text)
    GPIO_ReadOutputData                      0x0800163f   Thumb Code     8  stm32f10x_gpio.o(.text)
    GPIO_SetBits                             0x08001647   Thumb Code     4  stm32f10x_gpio.o(.text)
    GPIO_ResetBits                           0x0800164b   Thumb Code     4  stm32f10x_gpio.o(.text)
    GPIO_WriteBit                            0x0800164f   Thumb Code    10  stm32f10x_gpio.o(.text)
    GPIO_Write                               0x08001659   Thumb Code     4  stm32f10x_gpio.o(.text)
    GPIO_PinLockConfig                       0x0800165d   Thumb Code    18  stm32f10x_gpio.o(.text)
    GPIO_EventOutputConfig                   0x0800166f   Thumb Code    26  stm32f10x_gpio.o(.text)
    GPIO_EventOutputCmd                      0x08001689   Thumb Code     6  stm32f10x_gpio.o(.text)
    GPIO_PinRemapConfig                      0x0800168f   Thumb Code   138  stm32f10x_gpio.o(.text)
    GPIO_EXTILineConfig                      0x08001719   Thumb Code    66  stm32f10x_gpio.o(.text)
    GPIO_ETH_MediaInterfaceConfig            0x0800175b   Thumb Code     8  stm32f10x_gpio.o(.text)
    RCC_DeInit                               0x08001789   Thumb Code    64  stm32f10x_rcc.o(.text)
    RCC_HSEConfig                            0x080017c9   Thumb Code    70  stm32f10x_rcc.o(.text)
    RCC_GetFlagStatus                        0x0800180f   Thumb Code    56  stm32f10x_rcc.o(.text)
    RCC_WaitForHSEStartUp                    0x08001847   Thumb Code    56  stm32f10x_rcc.o(.text)
    RCC_AdjustHSICalibrationValue            0x0800187f   Thumb Code    20  stm32f10x_rcc.o(.text)
    RCC_HSICmd                               0x08001893   Thumb Code     6  stm32f10x_rcc.o(.text)
    RCC_PLLConfig                            0x08001899   Thumb Code    24  stm32f10x_rcc.o(.text)
    RCC_PLLCmd                               0x080018b1   Thumb Code     6  stm32f10x_rcc.o(.text)
    RCC_SYSCLKConfig                         0x080018b7   Thumb Code    18  stm32f10x_rcc.o(.text)
    RCC_GetSYSCLKSource                      0x080018c9   Thumb Code    10  stm32f10x_rcc.o(.text)
    RCC_HCLKConfig                           0x080018d3   Thumb Code    18  stm32f10x_rcc.o(.text)
    RCC_PCLK1Config                          0x080018e5   Thumb Code    18  stm32f10x_rcc.o(.text)
    RCC_PCLK2Config                          0x080018f7   Thumb Code    20  stm32f10x_rcc.o(.text)
    RCC_ITConfig                             0x0800190b   Thumb Code    26  stm32f10x_rcc.o(.text)
    RCC_USBCLKConfig                         0x08001925   Thumb Code     8  stm32f10x_rcc.o(.text)
    RCC_ADCCLKConfig                         0x0800192d   Thumb Code    18  stm32f10x_rcc.o(.text)
    RCC_LSEConfig                            0x0800193f   Thumb Code    50  stm32f10x_rcc.o(.text)
    RCC_LSICmd                               0x08001971   Thumb Code     6  stm32f10x_rcc.o(.text)
    RCC_RTCCLKConfig                         0x08001977   Thumb Code    12  stm32f10x_rcc.o(.text)
    RCC_RTCCLKCmd                            0x08001983   Thumb Code     8  stm32f10x_rcc.o(.text)
    RCC_GetClocksFreq                        0x0800198b   Thumb Code   192  stm32f10x_rcc.o(.text)
    RCC_AHBPeriphClockCmd                    0x08001a4b   Thumb Code    26  stm32f10x_rcc.o(.text)
    RCC_APB2PeriphClockCmd                   0x08001a65   Thumb Code    26  stm32f10x_rcc.o(.text)
    RCC_APB1PeriphClockCmd                   0x08001a7f   Thumb Code    26  stm32f10x_rcc.o(.text)
    RCC_APB2PeriphResetCmd                   0x08001a99   Thumb Code    26  stm32f10x_rcc.o(.text)
    RCC_APB1PeriphResetCmd                   0x08001ab3   Thumb Code    26  stm32f10x_rcc.o(.text)
    RCC_BackupResetCmd                       0x08001acd   Thumb Code     8  stm32f10x_rcc.o(.text)
    RCC_ClockSecuritySystemCmd               0x08001ad5   Thumb Code     6  stm32f10x_rcc.o(.text)
    RCC_MCOConfig                            0x08001adb   Thumb Code     6  stm32f10x_rcc.o(.text)
    RCC_ClearFlag                            0x08001ae1   Thumb Code    14  stm32f10x_rcc.o(.text)
    RCC_GetITStatus                          0x08001aef   Thumb Code    20  stm32f10x_rcc.o(.text)
    RCC_ClearITPendingBit                    0x08001b03   Thumb Code     6  stm32f10x_rcc.o(.text)
    TIM_DeInit                               0x08001b2d   Thumb Code   424  stm32f10x_tim.o(.text)
    TIM_TimeBaseInit                         0x08001cd5   Thumb Code   122  stm32f10x_tim.o(.text)
    TIM_OC1Init                              0x08001d4f   Thumb Code   132  stm32f10x_tim.o(.text)
    TIM_OC2Init                              0x08001dd3   Thumb Code   154  stm32f10x_tim.o(.text)
    TIM_OC3Init                              0x08001e6d   Thumb Code   150  stm32f10x_tim.o(.text)
    TIM_OC4Init                              0x08001f03   Thumb Code   182  stm32f10x_tim.o(.text)
    TIM_SetIC4Prescaler                      0x08001fb9   Thumb Code    26  stm32f10x_tim.o(.text)
    TIM_SetIC3Prescaler                      0x08002055   Thumb Code    18  stm32f10x_tim.o(.text)
    TIM_SetIC2Prescaler                      0x080020e1   Thumb Code    26  stm32f10x_tim.o(.text)
    TIM_SetIC1Prescaler                      0x0800217d   Thumb Code    18  stm32f10x_tim.o(.text)
    TIM_ICInit                               0x080021fb   Thumb Code   150  stm32f10x_tim.o(.text)
    TIM_PWMIConfig                           0x08002291   Thumb Code   124  stm32f10x_tim.o(.text)
    TIM_BDTRConfig                           0x0800230d   Thumb Code    32  stm32f10x_tim.o(.text)
    TIM_TimeBaseStructInit                   0x0800232d   Thumb Code    18  stm32f10x_tim.o(.text)
    TIM_OCStructInit                         0x0800233f   Thumb Code    20  stm32f10x_tim.o(.text)
    TIM_ICStructInit                         0x08002353   Thumb Code    18  stm32f10x_tim.o(.text)
    TIM_BDTRStructInit                       0x08002365   Thumb Code    40  stm32f10x_tim.o(.text)
    TIM_Cmd                                  0x0800238d   Thumb Code    24  stm32f10x_tim.o(.text)
    TIM_CtrlPWMOutputs                       0x080023a5   Thumb Code    30  stm32f10x_tim.o(.text)
    TIM_ITConfig                             0x080023c3   Thumb Code    18  stm32f10x_tim.o(.text)
    TIM_GenerateEvent                        0x080023d5   Thumb Code     4  stm32f10x_tim.o(.text)
    TIM_DMAConfig                            0x080023d9   Thumb Code    10  stm32f10x_tim.o(.text)
    TIM_DMACmd                               0x080023e3   Thumb Code    18  stm32f10x_tim.o(.text)
    TIM_InternalClockConfig                  0x080023f5   Thumb Code    12  stm32f10x_tim.o(.text)
    TIM_SelectInputTrigger                   0x08002401   Thumb Code    18  stm32f10x_tim.o(.text)
    TIM_ITRxExternalClockConfig              0x08002413   Thumb Code    24  stm32f10x_tim.o(.text)
    TIM_TIxExternalClockConfig               0x0800242b   Thumb Code    62  stm32f10x_tim.o(.text)
    TIM_ETRConfig                            0x08002469   Thumb Code    28  stm32f10x_tim.o(.text)
    TIM_ETRClockMode1Config                  0x08002485   Thumb Code    54  stm32f10x_tim.o(.text)
    TIM_ETRClockMode2Config                  0x080024bb   Thumb Code    32  stm32f10x_tim.o(.text)
    TIM_PrescalerConfig                      0x080024db   Thumb Code     6  stm32f10x_tim.o(.text)
    TIM_CounterModeConfig                    0x080024e1   Thumb Code    18  stm32f10x_tim.o(.text)
    TIM_EncoderInterfaceConfig               0x080024f3   Thumb Code    66  stm32f10x_tim.o(.text)
    TIM_ForcedOC1Config                      0x08002535   Thumb Code    18  stm32f10x_tim.o(.text)
    TIM_ForcedOC2Config                      0x08002547   Thumb Code    26  stm32f10x_tim.o(.text)
    TIM_ForcedOC3Config                      0x08002561   Thumb Code    18  stm32f10x_tim.o(.text)
    TIM_ForcedOC4Config                      0x08002573   Thumb Code    26  stm32f10x_tim.o(.text)
    TIM_ARRPreloadConfig                     0x0800258d   Thumb Code    24  stm32f10x_tim.o(.text)
    TIM_SelectCOM                            0x080025a5   Thumb Code    24  stm32f10x_tim.o(.text)
    TIM_SelectCCDMA                          0x080025bd   Thumb Code    24  stm32f10x_tim.o(.text)
    TIM_CCPreloadControl                     0x080025d5   Thumb Code    24  stm32f10x_tim.o(.text)
    TIM_OC1PreloadConfig                     0x080025ed   Thumb Code    18  stm32f10x_tim.o(.text)
    TIM_OC2PreloadConfig                     0x080025ff   Thumb Code    26  stm32f10x_tim.o(.text)
    TIM_OC3PreloadConfig                     0x08002619   Thumb Code    18  stm32f10x_tim.o(.text)
    TIM_OC4PreloadConfig                     0x0800262b   Thumb Code    26  stm32f10x_tim.o(.text)
    TIM_OC1FastConfig                        0x08002645   Thumb Code    18  stm32f10x_tim.o(.text)
    TIM_OC2FastConfig                        0x08002657   Thumb Code    26  stm32f10x_tim.o(.text)
    TIM_OC3FastConfig                        0x08002671   Thumb Code    18  stm32f10x_tim.o(.text)
    TIM_OC4FastConfig                        0x08002683   Thumb Code    26  stm32f10x_tim.o(.text)
    TIM_ClearOC1Ref                          0x0800269d   Thumb Code    18  stm32f10x_tim.o(.text)
    TIM_ClearOC2Ref                          0x080026af   Thumb Code    24  stm32f10x_tim.o(.text)
    TIM_ClearOC3Ref                          0x080026c7   Thumb Code    18  stm32f10x_tim.o(.text)
    TIM_ClearOC4Ref                          0x080026d9   Thumb Code    24  stm32f10x_tim.o(.text)
    TIM_OC1PolarityConfig                    0x080026f1   Thumb Code    18  stm32f10x_tim.o(.text)
    TIM_OC1NPolarityConfig                   0x08002703   Thumb Code    18  stm32f10x_tim.o(.text)
    TIM_OC2PolarityConfig                    0x08002715   Thumb Code    26  stm32f10x_tim.o(.text)
    TIM_OC2NPolarityConfig                   0x0800272f   Thumb Code    26  stm32f10x_tim.o(.text)
    TIM_OC3PolarityConfig                    0x08002749   Thumb Code    26  stm32f10x_tim.o(.text)
    TIM_OC3NPolarityConfig                   0x08002763   Thumb Code    26  stm32f10x_tim.o(.text)
    TIM_OC4PolarityConfig                    0x0800277d   Thumb Code    26  stm32f10x_tim.o(.text)
    TIM_CCxCmd                               0x08002797   Thumb Code    30  stm32f10x_tim.o(.text)
    TIM_CCxNCmd                              0x080027b5   Thumb Code    30  stm32f10x_tim.o(.text)
    TIM_SelectOCxM                           0x080027d3   Thumb Code    82  stm32f10x_tim.o(.text)
    TIM_UpdateDisableConfig                  0x08002825   Thumb Code    24  stm32f10x_tim.o(.text)
    TIM_UpdateRequestConfig                  0x0800283d   Thumb Code    24  stm32f10x_tim.o(.text)
    TIM_SelectHallSensor                     0x08002855   Thumb Code    24  stm32f10x_tim.o(.text)
    TIM_SelectOnePulseMode                   0x0800286d   Thumb Code    18  stm32f10x_tim.o(.text)
    TIM_SelectOutputTrigger                  0x0800287f   Thumb Code    18  stm32f10x_tim.o(.text)
    TIM_SelectSlaveMode                      0x08002891   Thumb Code    18  stm32f10x_tim.o(.text)
    TIM_SelectMasterSlaveMode                0x080028a3   Thumb Code    18  stm32f10x_tim.o(.text)
    TIM_SetCounter                           0x080028b5   Thumb Code     4  stm32f10x_tim.o(.text)
    TIM_SetAutoreload                        0x080028b9   Thumb Code     4  stm32f10x_tim.o(.text)
    TIM_SetCompare1                          0x080028bd   Thumb Code     4  stm32f10x_tim.o(.text)
    TIM_SetCompare2                          0x080028c1   Thumb Code     4  stm32f10x_tim.o(.text)
    TIM_SetCompare3                          0x080028c5   Thumb Code     4  stm32f10x_tim.o(.text)
    TIM_SetCompare4                          0x080028c9   Thumb Code     6  stm32f10x_tim.o(.text)
    TIM_SetClockDivision                     0x080028cf   Thumb Code    18  stm32f10x_tim.o(.text)
    TIM_GetCapture1                          0x080028e1   Thumb Code     6  stm32f10x_tim.o(.text)
    TIM_GetCapture2                          0x080028e7   Thumb Code     6  stm32f10x_tim.o(.text)
    TIM_GetCapture3                          0x080028ed   Thumb Code     6  stm32f10x_tim.o(.text)
    TIM_GetCapture4                          0x080028f3   Thumb Code     8  stm32f10x_tim.o(.text)
    TIM_GetCounter                           0x080028fb   Thumb Code     6  stm32f10x_tim.o(.text)
    TIM_GetPrescaler                         0x08002901   Thumb Code     6  stm32f10x_tim.o(.text)
    TIM_GetFlagStatus                        0x08002907   Thumb Code    18  stm32f10x_tim.o(.text)
    TIM_ClearFlag                            0x08002919   Thumb Code     6  stm32f10x_tim.o(.text)
    TIM_GetITStatus                          0x0800291f   Thumb Code    34  stm32f10x_tim.o(.text)
    TIM_ClearITPendingBit                    0x08002941   Thumb Code     6  stm32f10x_tim.o(.text)
    IWDG_WriteAccessCmd                      0x08002949   Thumb Code     6  stm32f10x_iwdg.o(.text)
    IWDG_SetPrescaler                        0x0800294f   Thumb Code     6  stm32f10x_iwdg.o(.text)
    IWDG_SetReload                           0x08002955   Thumb Code     6  stm32f10x_iwdg.o(.text)
    IWDG_ReloadCounter                       0x0800295b   Thumb Code    10  stm32f10x_iwdg.o(.text)
    IWDG_Enable                              0x08002965   Thumb Code    10  stm32f10x_iwdg.o(.text)
    IWDG_GetFlagStatus                       0x0800296f   Thumb Code    20  stm32f10x_iwdg.o(.text)
    EXTI_DeInit                              0x08002989   Thumb Code    28  stm32f10x_exti.o(.text)
    EXTI_Init                                0x080029a5   Thumb Code   142  stm32f10x_exti.o(.text)
    EXTI_StructInit                          0x08002a33   Thumb Code    16  stm32f10x_exti.o(.text)
    EXTI_GenerateSWInterrupt                 0x08002a43   Thumb Code    16  stm32f10x_exti.o(.text)
    EXTI_GetFlagStatus                       0x08002a53   Thumb Code    22  stm32f10x_exti.o(.text)
    EXTI_ClearFlag                           0x08002a69   Thumb Code     8  stm32f10x_exti.o(.text)
    EXTI_GetITStatus                         0x08002a71   Thumb Code    34  stm32f10x_exti.o(.text)
    EXTI_ClearITPendingBit                   0x08002a93   Thumb Code     8  stm32f10x_exti.o(.text)
    rfParserTask_Init                        0x08002aa5   Thumb Code    34  cc1101_parser.o(.text)
    CfgProcessData                           0x08002ac7   Thumb Code   468  cc1101_parser.o(.text)
    CfgParserPacket_v1                       0x08002c9b   Thumb Code   164  cc1101_parser.o(.text)
    rfParserTask                             0x08002d3f   Thumb Code    60  cc1101_parser.o(.text)
    TM_BUTTON_Init                           0x08002e9d   Thumb Code    92  button.o(.text)
    TM_BUTTON_SetPressTime                   0x08002ef9   Thumb Code     6  button.o(.text)
    TM_BUTTON_INT_CheckButton                0x08002eff   Thumb Code   158  button.o(.text)
    TM_BUTTON_Update                         0x08002f9d   Thumb Code    12  button.o(.text)
    RINGBUF_Init                             0x08002fa9   Thumb Code    30  ringbuf.o(.text)
    RINGBUF_Put                              0x08002fc7   Thumb Code    42  ringbuf.o(.text)
    RINGBUF_Get                              0x08002ff1   Thumb Code    46  ringbuf.o(.text)
    RINGBUF_GetFill                          0x0800301f   Thumb Code    30  ringbuf.o(.text)
    EXTI_Config                              0x0800303d   Thumb Code   196  exti.o(.text)
    EXTI9_5_IRQHandler                       0x08003101   Thumb Code    22  exti.o(.text)
    EXTI15_10_IRQHandler                     0x08003117   Thumb Code    22  exti.o(.text)
    SysTick_Init                             0x0800313d   Thumb Code     2  sys_tick.o(.text)
    SysTick_DeInit                           0x0800313f   Thumb Code     2  sys_tick.o(.text)
    SysTick_Task                             0x08003141   Thumb Code    58  sys_tick.o(.text)
    SysTick_Get                              0x0800317b   Thumb Code     6  sys_tick.o(.text)
    SysTick_Get64                            0x08003181   Thumb Code     8  sys_tick.o(.text)
    SysTick_GetSec                           0x08003189   Thumb Code     6  sys_tick.o(.text)
    SysTick_DelayMs                          0x0800318f   Thumb Code    24  sys_tick.o(.text)
    InitTimeout                              0x080031a7   Thumb Code    22  sys_tick.o(.text)
    CheckTimeout                             0x080031bd   Thumb Code    70  sys_tick.o(.text)
    TimerDelayms                             0x08003203   Thumb Code    48  sys_tick.o(.text)
    USART1_Init                              0x08003241   Thumb Code   300  uart1.o(.text)
    USART1_DeInit                            0x0800336d   Thumb Code    26  uart1.o(.text)
    USART1_PutChar                           0x08003387   Thumb Code    74  uart1.o(.text)
    USART1_PutString                         0x080033d1   Thumb Code    22  uart1.o(.text)
    USART1_GetChar                           0x080033e7   Thumb Code    26  uart1.o(.text)
    USART1_IRQHandler                        0x08003401   Thumb Code    88  uart1.o(.text)
    USART2_Init                              0x08003481   Thumb Code   288  uart2.o(.text)
    USART2_DeInit                            0x080035a1   Thumb Code    26  uart2.o(.text)
    USART2_PutChar                           0x080035bb   Thumb Code    24  uart2.o(.text)
    USART2_GetChar                           0x080035d3   Thumb Code    26  uart2.o(.text)
    USART2_IRQHandler                        0x080035ed   Thumb Code    40  uart2.o(.text)
    USART3_Init                              0x08003631   Thumb Code   300  uart3.o(.text)
    USART3_DeInit                            0x0800375d   Thumb Code    26  uart3.o(.text)
    USART3_PutChar                           0x08003777   Thumb Code    74  uart3.o(.text)
    USART3_PutString                         0x080037c1   Thumb Code    22  uart3.o(.text)
    USART3_GetChar                           0x080037d7   Thumb Code    26  uart3.o(.text)
    USART3_IRQHandler                        0x080037f1   Thumb Code    86  uart3.o(.text)
    __GFXReadFontData                        0x08003875   Thumb Code    10  font.o(.text)
    GFXSetFont                               0x0800387f   Thumb Code     6  font.o(.text)
    p10RGB_timer_init                        0x08003889   Thumb Code   110  p10matrix_rgb.o(.text)
    p10RGB_PinModeOutput                     0x080038f7   Thumb Code    32  p10matrix_rgb.o(.text)
    p10RGB_DispOff                           0x08003917   Thumb Code    14  p10matrix_rgb.o(.text)
    p10RGB_pinout_init                       0x08003925   Thumb Code   170  p10matrix_rgb.o(.text)
    p10RGB_begin                             0x080039cf   Thumb Code    16  p10matrix_rgb.o(.text)
    p10RGB_DispOn                            0x080039df   Thumb Code    14  p10matrix_rgb.o(.text)
    p10RGB_SelCh                             0x080039ed   Thumb Code    86  p10matrix_rgb.o(.text)
    p10RGB_Latch                             0x08003a43   Thumb Code    24  p10matrix_rgb.o(.text)
    p10RGB_Pulse                             0x08003a5b   Thumb Code    24  p10matrix_rgb.o(.text)
    p10RGB_Scan                              0x08003a73   Thumb Code   222  p10matrix_rgb.o(.text)
    frameClear                               0x08003b65   Thumb Code    28  framebuffer.o(.text)
    frameInit                                0x08003b81   Thumb Code    48  framebuffer.o(.text)
    frame_BufferClear                        0x08003bb1   Thumb Code    54  framebuffer.o(.text)
    frameUpdate                              0x08003be7   Thumb Code    26  framebuffer.o(.text)
    frameFill                                0x08003c01   Thumb Code    28  framebuffer.o(.text)
    framePutPixel                            0x08003c1d   Thumb Code    86  framebuffer.o(.text)
    GFXPutCharXY                             0x08003c73   Thumb Code   412  framebuffer.o(.text)
    GFXGetCharWidth                          0x08003e0f   Thumb Code    24  framebuffer.o(.text)
    GFXWriteStringXY                         0x08003e27   Thumb Code    76  framebuffer.o(.text)
    GFXGetStringWidth                        0x08003e73   Thumb Code    46  framebuffer.o(.text)
    GFXGetStringWidthN                       0x08003ea1   Thumb Code    72  framebuffer.o(.text)
    CharIndexOfPixel                         0x08003ee9   Thumb Code    32  framebuffer.o(.text)
    ScrollMsgTask                            0x08003f09   Thumb Code   194  framebuffer.o(.text)
    log_rtt_init                             0x08003fd9   Thumb Code    50  rtt_log.o(.text)
    log_rtt_printf                           0x0800400b   Thumb Code    34  rtt_log.o(.text)
    log_rtt_write_hex                        0x0800402d   Thumb Code    82  rtt_log.o(.text)
    log_rtt_write_hex_char                   0x0800407f   Thumb Code    70  rtt_log.o(.text)
    log_rtt_read_input                       0x080040c5   Thumb Code    28  rtt_log.o(.text)
    log_hex_char                             0x080040e1   Thumb Code    60  rtt_log.o(.text)
    log_hex                                  0x0800411d   Thumb Code    68  rtt_log.o(.text)
    SEGGER_RTT_ReadNoLock                    0x080042c5   Thumb Code   148  segger_rtt.o(.text)
    SEGGER_RTT_Read                          0x08004359   Thumb Code    56  segger_rtt.o(.text)
    SEGGER_RTT_WriteWithOverwriteNoLock      0x08004391   Thumb Code   176  segger_rtt.o(.text)
    SEGGER_RTT_WriteSkipNoLock               0x08004441   Thumb Code   180  segger_rtt.o(.text)
    SEGGER_RTT_WriteNoLock                   0x080044f5   Thumb Code   170  segger_rtt.o(.text)
    SEGGER_RTT_Write                         0x0800459f   Thumb Code    68  segger_rtt.o(.text)
    SEGGER_RTT_WriteString                   0x080045e3   Thumb Code    26  segger_rtt.o(.text)
    SEGGER_RTT_GetKey                        0x080045fd   Thumb Code    32  segger_rtt.o(.text)
    SEGGER_RTT_WaitKey                       0x0800461d   Thumb Code    14  segger_rtt.o(.text)
    SEGGER_RTT_HasKey                        0x0800462b   Thumb Code    36  segger_rtt.o(.text)
    SEGGER_RTT_HasData                       0x0800464f   Thumb Code    24  segger_rtt.o(.text)
    SEGGER_RTT_AllocDownBuffer               0x08004667   Thumb Code   188  segger_rtt.o(.text)
    SEGGER_RTT_AllocUpBuffer                 0x08004723   Thumb Code   188  segger_rtt.o(.text)
    SEGGER_RTT_ConfigUpBuffer                0x080047df   Thumb Code   164  segger_rtt.o(.text)
    SEGGER_RTT_ConfigDownBuffer              0x08004883   Thumb Code   164  segger_rtt.o(.text)
    SEGGER_RTT_SetNameUpBuffer               0x08004927   Thumb Code    78  segger_rtt.o(.text)
    SEGGER_RTT_SetNameDownBuffer             0x08004975   Thumb Code    84  segger_rtt.o(.text)
    SEGGER_RTT_SetFlagsUpBuffer              0x080049c9   Thumb Code    84  segger_rtt.o(.text)
    SEGGER_RTT_SetFlagsDownBuffer            0x08004a1d   Thumb Code    82  segger_rtt.o(.text)
    SEGGER_RTT_Init                          0x08004a6f   Thumb Code     8  segger_rtt.o(.text)
    SEGGER_RTT_SetTerminal                   0x08004a77   Thumb Code   144  segger_rtt.o(.text)
    SEGGER_RTT_TerminalOut                   0x08004b07   Thumb Code   248  segger_rtt.o(.text)
    SEGGER_RTT_vprintf                       0x08004e23   Thumb Code   522  segger_rtt_printf.o(.text)
    SEGGER_RTT_printf                        0x0800502d   Thumb Code    34  segger_rtt_printf.o(.text)
    __aeabi_memcpy                           0x08005055   Thumb Code    36  memcpya.o(.text)
    __aeabi_memcpy4                          0x08005055   Thumb Code     0  memcpya.o(.text)
    __aeabi_memcpy8                          0x08005055   Thumb Code     0  memcpya.o(.text)
    __aeabi_memset                           0x08005079   Thumb Code    14  memseta.o(.text)
    __aeabi_memset4                          0x08005079   Thumb Code     0  memseta.o(.text)
    __aeabi_memset8                          0x08005079   Thumb Code     0  memseta.o(.text)
    __aeabi_memclr                           0x08005087   Thumb Code     4  memseta.o(.text)
    __aeabi_memclr4                          0x08005087   Thumb Code     0  memseta.o(.text)
    __aeabi_memclr8                          0x08005087   Thumb Code     0  memseta.o(.text)
    _memset$wrapper                          0x0800508b   Thumb Code    18  memseta.o(.text)
    strlen                                   0x0800509d   Thumb Code    14  strlen.o(.text)
    memcmp                                   0x080050ab   Thumb Code    26  memcmp.o(.text)
    strcpy                                   0x080050c5   Thumb Code    18  strcpy.o(.text)
    __0sscanf                                0x080050d9   Thumb Code    48  __0sscanf.o(.text)
    _scanf_int                               0x08005111   Thumb Code   332  _scanf_int.o(.text)
    _scanf_string                            0x0800525d   Thumb Code   224  _scanf_str.o(.text)
    atoi                                     0x0800533d   Thumb Code    26  atoi.o(.text)
    __aeabi_uidiv                            0x08005357   Thumb Code     0  uidiv.o(.text)
    __aeabi_uidivmod                         0x08005357   Thumb Code    44  uidiv.o(.text)
    _chval                                   0x08005383   Thumb Code    28  _chval.o(.text)
    __vfscanf_char                           0x080053ad   Thumb Code    20  scanf_char.o(.text)
    _sgetc                                   0x080053c9   Thumb Code    30  _sgetc.o(.text)
    _sbackspace                              0x080053e7   Thumb Code    34  _sgetc.o(.text)
    strtol                                   0x08005409   Thumb Code   112  strtol.o(.text)
    __scatterload                            0x08005479   Thumb Code    28  init.o(.text)
    __scatterload_rt2                        0x08005479   Thumb Code     0  init.o(.text)
    __rt_ctype_table                         0x0800549d   Thumb Code     4  ctype_o.o(.text)
    isspace                                  0x080054a5   Thumb Code    18  isspace_o.o(.text)
    __vfscanf                                0x080054b9   Thumb Code   808  _scanf.o(.text)
    _strtoul                                 0x080057e5   Thumb Code   158  _strtoul.o(.text)
    __decompress                             0x08005883   Thumb Code     0  __dczerorl2.o(.text)
    __decompress1                            0x08005883   Thumb Code    86  __dczerorl2.o(.text)
    __0sprintf$6                             0x080058d9   Thumb Code    34  printf6.o(i.__0sprintf$6)
    __1sprintf$6                             0x080058d9   Thumb Code     0  printf6.o(i.__0sprintf$6)
    __2sprintf                               0x080058d9   Thumb Code     0  printf6.o(i.__0sprintf$6)
    __aeabi_errno_addr                       0x08005901   Thumb Code     4  errno.o(i.__aeabi_errno_addr)
    __rt_errno_addr                          0x08005901   Thumb Code     0  errno.o(i.__aeabi_errno_addr)
    __scatterload_copy                       0x08005909   Thumb Code    14  handlers.o(i.__scatterload_copy)
    __scatterload_null                       0x08005917   Thumb Code     2  handlers.o(i.__scatterload_null)
    __scatterload_zeroinit                   0x08005919   Thumb Code    14  handlers.o(i.__scatterload_zeroinit)
    __ctype_table                            0x08005cd4   Data         129  ctype_o.o(.constdata)
    Region$$Table$$Base                      0x08005d5c   Number         0  anon$$obj.o(Region$$Table)
    Region$$Table$$Limit                     0x08005d7c   Number         0  anon$$obj.o(Region$$Table)
    SystemCoreClock                          0x20000000   Data           4  system_stm32f10x.o(.data)
    AHBPrescTable                            0x20000004   Data          16  system_stm32f10x.o(.data)
    btn1Cnt                                  0x20000014   Data           1  main.o(.data)
    remoteIndex                              0x20000015   Data           1  main.o(.data)
    saveConfigFlag                           0x20000016   Data           1  system_config.o(.data)
    displayState                             0x20000018   Data           1  display_task.o(.data)
    dot_effect                               0x20000019   Data           1  display_task.o(.data)
    TotalDuration                            0x2000001c   Data           4  display_task.o(.data)
    TimeLeft                                 0x20000020   Data           4  display_task.o(.data)
    TimeStart                                0x20000024   Data           4  display_task.o(.data)
    IKY_gotDataFlag                          0x20000028   Data           1  uart_parser.o(.data)
    Greetings_gotDataFlag                    0x20000029   Data           1  uart_parser.o(.data)
    Time_gotDataFlag                         0x2000002a   Data           1  uart_parser.o(.data)
    Ctr_gotDataFlag                          0x2000002b   Data           1  uart_parser.o(.data)
    UART_cmdCnt                              0x2000002c   Data           4  uart_parser.o(.data)
    UART_numCmd                              0x20000030   Data           1  uart_parser.o(.data)
    UART_cmdRecvLength                       0x20000032   Data           2  uart_parser.o(.data)
    UART_cmdState                            0x20000034   Data           1  uart_parser.o(.data)
    RF_Receive_Phase                         0x2000004c   Data           1  cc1101_receiver.o(.data)
    receiveTick                              0x20000050   Data           4  cc1101_receiver.o(.data)
    rfDataIncomingFlag                       0x20000054   Data           1  cc1101_receiver.o(.data)
    rfPacketLength                           0x20000056   Data           2  cc1101_receiver.o(.data)
    rfStatus                                 0x20000058   Data           2  cc1101_receiver.o(.data)
    rfParserPacket                           0x2000005a   Data           8  cc1101_parser.o(.data)
    sysTickTimeSec                           0x20000068   Data           4  sys_tick.o(.data)
    sysTickCounter32                         0x2000006c   Data           4  sys_tick.o(.data)
    sysTickCounter64                         0x20000070   Data           8  sys_tick.o(.data)
    font                                     0x20000078   Data           4  font.o(.data)
    p10RGB_ch                                0x2000007c   Data           1  p10matrix_rgb.o(.data)
    toggleTick                               0x20000080   Data           4  p10matrix_rgb.o(.data)
    toggleStatus                             0x20000084   Data           4  p10matrix_rgb.o(.data)
    tButtonTimeout                           0x20000288   Data          12  main.o(.bss)
    sysCfg                                   0x20000294   Data         257  system_config.o(.bss)
    tDispCheckOut                            0x20000398   Data          12  display_task.o(.bss)
    tRefresh                                 0x200003a4   Data          12  display_task.o(.bss)
    buffIKY                                  0x200003b0   Data          80  uart_parser.o(.bss)
    GreetingsBuffer                          0x20000400   Data          80  uart_parser.o(.bss)
    TimeBuffer                               0x20000450   Data          20  uart_parser.o(.bss)
    CtrBuffer                                0x20000464   Data          80  uart_parser.o(.bss)
    _rfParser_RxRingBuff                     0x200004b4   Data         256  cc1101_parser.o(.bss)
    rfParser_RxRingBuff                      0x200005b4   Data          16  cc1101_parser.o(.bss)
    rfProtoRecv                              0x200005c4   Data          12  cc1101_parser.o(.bss)
    rfDataBuff                               0x200005d0   Data         256  cc1101_parser.o(.bss)
    TM_Button_1                              0x200006d0   Data          28  button.o(.bss)
    USART1_RxBuff                            0x200006ec   Data         512  uart1.o(.bss)
    USART1_RxRingBuff                        0x200008ec   Data          16  uart1.o(.bss)
    USART1_TxBuff                            0x200008fc   Data         512  uart1.o(.bss)
    USART1_TxRingBuff                        0x20000afc   Data          16  uart1.o(.bss)
    USART2_RxBuff                            0x20000b0c   Data          16  uart2.o(.bss)
    USART2_RxRingBuff                        0x20000b1c   Data          16  uart2.o(.bss)
    USART3_RxBuff                            0x20000b2c   Data         512  uart3.o(.bss)
    USART3_RxRingBuff                        0x20000d2c   Data          16  uart3.o(.bss)
    USART3_TxBuff                            0x20000d3c   Data        1024  uart3.o(.bss)
    USART3_TxRingBuff                        0x2000113c   Data          16  uart3.o(.bss)
    framebuffer_displaybuffer                0x2000114c   Data          64  framebuffer.o(.bss)
    framebuffer_writebuffer                  0x2000118c   Data          64  framebuffer.o(.bss)
    screen                                   0x200011cc   Data         136  framebuffer.o(.bss)
    tScrollMsg                               0x20001254   Data          12  framebuffer.o(.bss)
    _SEGGER_RTT                              0x2000167c   Data         168  segger_rtt.o(.bss)
    __initial_sp                             0x20001f38   Data           0  startup_stm32f10x_md.o(STACK)



==============================================================================

Memory Map of the image

  Image Entry point : 0x080000ed

  Load Region LR_IROM1 (Base: 0x08000000, Size: 0x00006004, Max: 0x00010000, ABSOLUTE, COMPRESSED[0x00005f60])

    Execution Region ER_IROM1 (Base: 0x08000000, Size: 0x00005d7c, Max: 0x00010000, ABSOLUTE)

    Base Addr    Size         Type   Attr      Idx    E Section Name        Object

    0x08000000   0x000000ec   Data   RO          116    RESET               startup_stm32f10x_md.o
    0x080000ec   0x00000000   Code   RO          904  * .ARM.Collect$$$$00000000  mc_w.l(entry.o)
    0x080000ec   0x00000004   Code   RO         1195    .ARM.Collect$$$$00000001  mc_w.l(entry2.o)
    0x080000f0   0x00000004   Code   RO         1198    .ARM.Collect$$$$00000004  mc_w.l(entry5.o)
    0x080000f4   0x00000000   Code   RO         1200    .ARM.Collect$$$$00000008  mc_w.l(entry7b.o)
    0x080000f4   0x00000000   Code   RO         1202    .ARM.Collect$$$$0000000A  mc_w.l(entry8b.o)
    0x080000f4   0x00000008   Code   RO         1203    .ARM.Collect$$$$0000000B  mc_w.l(entry9a.o)
    0x080000fc   0x00000000   Code   RO         1205    .ARM.Collect$$$$0000000D  mc_w.l(entry10a.o)
    0x080000fc   0x00000000   Code   RO         1207    .ARM.Collect$$$$0000000F  mc_w.l(entry11a.o)
    0x080000fc   0x00000004   Code   RO         1196    .ARM.Collect$$$$00002712  mc_w.l(entry2.o)
    0x08000100   0x000001e0   Code   RO           17    .text               system_stm32f10x.o
    0x080002e0   0x00000024   Code   RO          117    .text               startup_stm32f10x_md.o
    0x08000304   0x00000040   Code   RO          121    .text               hw_config.o
    0x08000344   0x0000036c   Code   RO          184    .text               main.o
    0x080006b0   0x000001c8   Code   RO          254    .text               system_config.o
    0x08000878   0x00000054   Code   RO          273    .text               stm32f10x_it.o
    0x080008cc   0x000001e4   Code   RO          293    .text               display_task.o
    0x08000ab0   0x000002e4   Code   RO          317    .text               uart_parser.o
    0x08000d94   0x000000dc   Code   RO          359    .text               misc.o
    0x08000e70   0x000005bc   Code   RO          383    .text               stm32f10x_flash.o
    0x0800142c   0x0000035c   Code   RO          395    .text               stm32f10x_gpio.o
    0x08001788   0x000003a4   Code   RO          419    .text               stm32f10x_rcc.o
    0x08001b2c   0x00000e1a   Code   RO          469    .text               stm32f10x_tim.o
    0x08002946   0x00000002   PAD
    0x08002948   0x00000040   Code   RO          481    .text               stm32f10x_iwdg.o
    0x08002988   0x0000011c   Code   RO          505    .text               stm32f10x_exti.o
    0x08002aa4   0x000003f8   Code   RO          548    .text               cc1101_parser.o
    0x08002e9c   0x0000010c   Code   RO          591    .text               button.o
    0x08002fa8   0x00000094   Code   RO          609    .text               ringbuf.o
    0x0800303c   0x00000100   Code   RO          621    .text               exti.o
    0x0800313c   0x00000104   Code   RO          640    .text               sys_tick.o
    0x08003240   0x00000240   Code   RO          655    .text               uart1.o
    0x08003480   0x000001b0   Code   RO          674    .text               uart2.o
    0x08003630   0x00000244   Code   RO          692    .text               uart3.o
    0x08003874   0x00000014   Code   RO          714    .text               font.o
    0x08003888   0x000002dc   Code   RO          735    .text               p10matrix_rgb.o
    0x08003b64   0x00000474   Code   RO          760    .text               framebuffer.o
    0x08003fd8   0x000001a8   Code   RO          804    .text               rtt_log.o
    0x08004180   0x00000a8c   Code   RO          840    .text               segger_rtt.o
    0x08004c0c   0x00000448   Code   RO          862    .text               segger_rtt_printf.o
    0x08005054   0x00000024   Code   RO          912    .text               mc_w.l(memcpya.o)
    0x08005078   0x00000024   Code   RO          914    .text               mc_w.l(memseta.o)
    0x0800509c   0x0000000e   Code   RO          916    .text               mc_w.l(strlen.o)
    0x080050aa   0x0000001a   Code   RO          920    .text               mc_w.l(memcmp.o)
    0x080050c4   0x00000012   Code   RO          922    .text               mc_w.l(strcpy.o)
    0x080050d6   0x00000002   PAD
    0x080050d8   0x00000038   Code   RO         1187    .text               mc_w.l(__0sscanf.o)
    0x08005110   0x0000014c   Code   RO         1189    .text               mc_w.l(_scanf_int.o)
    0x0800525c   0x000000e0   Code   RO         1191    .text               mc_w.l(_scanf_str.o)
    0x0800533c   0x0000001a   Code   RO         1193    .text               mc_w.l(atoi.o)
    0x08005356   0x0000002c   Code   RO         1210    .text               mc_w.l(uidiv.o)
    0x08005382   0x0000001c   Code   RO         1221    .text               mc_w.l(_chval.o)
    0x0800539e   0x00000002   PAD
    0x080053a0   0x00000028   Code   RO         1223    .text               mc_w.l(scanf_char.o)
    0x080053c8   0x00000040   Code   RO         1225    .text               mc_w.l(_sgetc.o)
    0x08005408   0x00000070   Code   RO         1227    .text               mc_w.l(strtol.o)
    0x08005478   0x00000024   Code   RO         1241    .text               mc_w.l(init.o)
    0x0800549c   0x00000008   Code   RO         1251    .text               mc_w.l(ctype_o.o)
    0x080054a4   0x00000012   Code   RO         1273    .text               mc_w.l(isspace_o.o)
    0x080054b6   0x00000002   PAD
    0x080054b8   0x0000032c   Code   RO         1279    .text               mc_w.l(_scanf.o)
    0x080057e4   0x0000009e   Code   RO         1281    .text               mc_w.l(_strtoul.o)
    0x08005882   0x00000056   Code   RO         1296    .text               mc_w.l(__dczerorl2.o)
    0x080058d8   0x00000028   Code   RO         1083    i.__0sprintf$6      mc_w.l(printf6.o)
    0x08005900   0x00000008   Code   RO         1214    i.__aeabi_errno_addr  mc_w.l(errno.o)
    0x08005908   0x0000000e   Code   RO         1290    i.__scatterload_copy  mc_w.l(handlers.o)
    0x08005916   0x00000002   Code   RO         1291    i.__scatterload_null  mc_w.l(handlers.o)
    0x08005918   0x0000000e   Code   RO         1292    i.__scatterload_zeroinit  mc_w.l(handlers.o)
    0x08005926   0x00000002   PAD
    0x08005928   0x000002f0   Code   RO         1088    i._printf_core      mc_w.l(printf6.o)
    0x08005c18   0x00000024   Code   RO         1089    i._printf_post_padding  mc_w.l(printf6.o)
    0x08005c3c   0x0000002e   Code   RO         1090    i._printf_pre_padding  mc_w.l(printf6.o)
    0x08005c6a   0x0000000a   Code   RO         1092    i._sputc            mc_w.l(printf6.o)
    0x08005c74   0x00000050   Data   RO          319    .constdata          uart_parser.o
    0x08005cc4   0x00000010   Data   RO          863    .constdata          segger_rtt_printf.o
    0x08005cd4   0x00000081   Data   RO         1252    .constdata          mc_w.l(ctype_o.o)
    0x08005d55   0x00000003   PAD
    0x08005d58   0x00000004   Data   RO         1253    .constdata          mc_w.l(ctype_o.o)
    0x08005d5c   0x00000020   Data   RO         1288    Region$$Table       anon$$obj.o


    Execution Region RW_IRAM1 (Base: 0x20000000, Size: 0x00001f38, Max: 0x00005000, ABSOLUTE, COMPRESSED[0x000001e4])

    Base Addr    Size         Type   Attr      Idx    E Section Name        Object

    0x20000000   0x00000014   Data   RW           18    .data               system_stm32f10x.o
    0x20000014   0x00000002   Data   RW          186    .data               main.o
    0x20000016   0x00000001   Data   RW          256    .data               system_config.o
    0x20000017   0x00000001   PAD
    0x20000018   0x00000010   Data   RW          295    .data               display_task.o
    0x20000028   0x0000000d   Data   RW          320    .data               uart_parser.o
    0x20000035   0x00000014   Data   RW          420    .data               stm32f10x_rcc.o
    0x20000049   0x00000003   PAD
    0x2000004c   0x0000000e   Data   RW          531    .data               cc1101_receiver.o
    0x2000005a   0x00000008   Data   RW          550    .data               cc1101_parser.o
    0x20000062   0x00000006   PAD
    0x20000068   0x00000010   Data   RW          641    .data               sys_tick.o
    0x20000078   0x00000004   Data   RW          715    .data               font.o
    0x2000007c   0x0000000c   Data   RW          736    .data               p10matrix_rgb.o
    0x20000088   0x000001e8   Data   RW          763    .data               framebuffer.o
    0x20000270   0x00000003   Data   RW          806    .data               rtt_log.o
    0x20000273   0x00000011   Data   RW          842    .data               segger_rtt.o
    0x20000284   0x00000004   Data   RW         1217    .data               mc_w.l(errno.o)
    0x20000288   0x0000000c   Zero   RW          185    .bss                main.o
    0x20000294   0x00000101   Zero   RW          255    .bss                system_config.o
    0x20000395   0x00000003   PAD
    0x20000398   0x00000018   Zero   RW          294    .bss                display_task.o
    0x200003b0   0x00000104   Zero   RW          318    .bss                uart_parser.o
    0x200004b4   0x0000021c   Zero   RW          549    .bss                cc1101_parser.o
    0x200006d0   0x0000001c   Zero   RW          592    .bss                button.o
    0x200006ec   0x00000420   Zero   RW          656    .bss                uart1.o
    0x20000b0c   0x00000020   Zero   RW          675    .bss                uart2.o
    0x20000b2c   0x00000620   Zero   RW          693    .bss                uart3.o
    0x2000114c   0x00000114   Zero   RW          761    .bss                framebuffer.o
    0x20001260   0x0000041b   Zero   RW          805    .bss                rtt_log.o
    0x2000167b   0x00000001   PAD
    0x2000167c   0x000004b8   Zero   RW          841    .bss                segger_rtt.o
    0x20001b34   0x00000004   PAD
    0x20001b38   0x00000400   Zero   RW          114    STACK               startup_stm32f10x_md.o


==============================================================================

Image component sizes


      Code (inc. data)   RO Data    RW Data    ZI Data      Debug   Object Name

       268          0          0          0         28       3281   button.o
      1016        296          0          8        540       4070   cc1101_parser.o
         0          0          0         14          0       1171   cc1101_receiver.o
         0          0          0          0          0       4532   core_cm3.o
       484         68          0         16         24       1953   display_task.o
       256         16          0          0          0      16109   exti.o
        20          4          0          4          0       1142   font.o
      1140         50          0        488        276       7434   framebuffer.o
        64          6          0          0          0       2991   hw_config.o
       876        220          0          2         12      18144   main.o
       220         22          0          0          0       1929   misc.o
       732         20          0         12          0       3149   p10matrix_rgb.o
       148          0          0          0          0       1719   ringbuf.o
       424         32          0          3       1051       3924   rtt_log.o
      2700         62          0         17       1208      14460   segger_rtt.o
      1096          6         16          0          0       4159   segger_rtt_printf.o
        36          8        236          0       1024        912   startup_stm32f10x_md.o
       284         10          0          0          0       2383   stm32f10x_exti.o
      1468         34          0          0          0       8338   stm32f10x_flash.o
       860         38          0          0          0       5861   stm32f10x_gpio.o
        84         16          0          0          0      15972   stm32f10x_it.o
        64          6          0          0          0       1329   stm32f10x_iwdg.o
       932         36          0         20          0       9068   stm32f10x_rcc.o
      3610         88          0          0          0      22968   stm32f10x_tim.o
       260         14          0         16          0       2945   sys_tick.o
       456         38          0          1        257       3401   system_config.o
       480         38          0         20          0     252195   system_stm32f10x.o
       576         40          0          0       1056       2807   uart1.o
       432         28          0          0         32       2394   uart2.o
       580         46          0          0       1568       2779   uart3.o
       740         54         80         13        260       3990   uart_parser.o

    ----------------------------------------------------------------------
     20308       1296        364        644       7344     427509   Object Totals
         0          0         32          0          0          0   (incl. Generated)
         2          0          0         10          8          0   (incl. Padding)

    ----------------------------------------------------------------------

      Code (inc. data)   RO Data    RW Data    ZI Data      Debug   Library Member Name

        56          8          0          0          0         84   __0sscanf.o
        86          0          0          0          0          0   __dczerorl2.o
        28          0          0          0          0         68   _chval.o
       812          4          0          0          0        112   _scanf.o
       332          0          0          0          0         96   _scanf_int.o
       224          0          0          0          0         96   _scanf_str.o
        64          0          0          0          0         84   _sgetc.o
       158          0          0          0          0         92   _strtoul.o
        26          0          0          0          0         80   atoi.o
         8          4        133          0          0         68   ctype_o.o
         0          0          0          0          0          0   entry.o
         0          0          0          0          0          0   entry10a.o
         0          0          0          0          0          0   entry11a.o
         8          4          0          0          0          0   entry2.o
         4          0          0          0          0          0   entry5.o
         0          0          0          0          0          0   entry7b.o
         0          0          0          0          0          0   entry8b.o
         8          4          0          0          0          0   entry9a.o
         8          4          0          4          0         68   errno.o
        30          0          0          0          0          0   handlers.o
        36          8          0          0          0         68   init.o
        18          0          0          0          0         76   isspace_o.o
        26          0          0          0          0         80   memcmp.o
        36          0          0          0          0         68   memcpya.o
        36          0          0          0          0        108   memseta.o
       884         10          0          0          0        420   printf6.o
        40          8          0          0          0         84   scanf_char.o
        18          0          0          0          0         68   strcpy.o
        14          0          0          0          0         68   strlen.o
       112          0          0          0          0         88   strtol.o
        44          0          0          0          0         80   uidiv.o

    ----------------------------------------------------------------------
      3124         54        136          4          0       2056   Library Totals
         8          0          3          0          0          0   (incl. Padding)

    ----------------------------------------------------------------------

      Code (inc. data)   RO Data    RW Data    ZI Data      Debug   Library Name

      3116         54        133          4          0       2056   mc_w.l

    ----------------------------------------------------------------------
      3124         54        136          4          0       2056   Library Totals

    ----------------------------------------------------------------------

==============================================================================


      Code (inc. data)   RO Data    RW Data    ZI Data      Debug   

     23432       1350        500        648       7344     426053   Grand Totals
     23432       1350        500        484       7344     426053   ELF Image Totals (compressed)
     23432       1350        500        484          0          0   ROM Totals

==============================================================================

    Total RO  Size (Code + RO Data)                23932 (  23.37kB)
    Total RW  Size (RW Data + ZI Data)              7992 (   7.80kB)
    Total ROM Size (Code + RO Data + RW Data)      24416 (  23.84kB)

==============================================================================

